[0.007s] Invoking command in '/home/elioowo/ros_sfm/sfm_ros2/build/sfm_ros2': CMAKE_PREFIX_PATH=${CMAKE_PREFIX_PATH}:/opt/ros/jazzy DEBUGINFOD_URLS=https://debuginfod.ubuntu.com /usr/bin/cmake --build /home/elioowo/ros_sfm/sfm_ros2/build/sfm_ros2 -- -j32 -l32
[0.027s] -- Found rclcpp: 28.1.18 (/opt/ros/jazzy/share/rclcpp/cmake)
[0.120s] -- Found rosidl_generator_c: 4.6.7 (/opt/ros/jazzy/share/rosidl_generator_c/cmake)
[0.125s] -- Found rosidl_generator_cpp: 4.6.7 (/opt/ros/jazzy/share/rosidl_generator_cpp/cmake)
[0.133s] -- Using all available rosidl_typesupport_c: rosidl_typesupport_fastrtps_c;rosidl_typesupport_introspection_c
[0.142s] -- Using all available rosidl_typesupport_cpp: rosidl_typesupport_fastrtps_cpp;rosidl_typesupport_introspection_cpp
[0.183s] -- Found rmw_implementation_cmake: 7.3.3 (/opt/ros/jazzy/share/rmw_implementation_cmake/cmake)
[0.184s] -- Found rmw_fastrtps_cpp: 8.4.3 (/opt/ros/jazzy/share/rmw_fastrtps_cpp/cmake)
[0.228s] -- Using RMW implementation 'rmw_fastrtps_cpp' as default
[0.272s] -- Found std_msgs: 5.3.7 (/opt/ros/jazzy/share/std_msgs/cmake)
[0.281s] -- Found sensor_msgs: 5.3.7 (/opt/ros/jazzy/share/sensor_msgs/cmake)
[0.307s] -- Found nav_msgs: 5.3.7 (/opt/ros/jazzy/share/nav_msgs/cmake)
[0.325s] -- Found message_filters: 4.11.12 (/opt/ros/jazzy/share/message_filters/cmake)
[0.328s] -- Found cv_bridge: 4.1.0 (/opt/ros/jazzy/share/cv_bridge/cmake)
[0.332s] -- Found pcl_conversions: 2.6.4 (/opt/ros/jazzy/share/pcl_conversions/cmake)
[0.364s] [33mCMake Warning (dev) at /usr/lib/x86_64-linux-gnu/cmake/pcl/Modules/FindFLANN.cmake:45 (find_package):
[0.364s]   Policy CMP0144 is not set: find_package uses upper-case <PACKAGENAME>_ROOT
[0.364s]   variables.  Run "cmake --help-policy CMP0144" for policy details.  Use the
[0.364s]   cmake_policy command to set the policy and suppress this warning.
[0.364s] 
[0.364s]   CMake variable FLANN_ROOT is set to:
[0.364s] 
[0.364s]     /usr
[0.364s] 
[0.364s]   For compatibility, find_package is ignoring the variable, but code in a
[0.364s]   .cmake module might still use it.
[0.364s] Call Stack (most recent call first):
[0.364s]   /usr/lib/x86_64-linux-gnu/cmake/pcl/PCLConfig.cmake:261 (find_package)
[0.364s]   /usr/lib/x86_64-linux-gnu/cmake/pcl/PCLConfig.cmake:306 (find_flann)
[0.365s]   /usr/lib/x86_64-linux-gnu/cmake/pcl/PCLConfig.cmake:570 (find_external_library)
[0.365s]   /opt/ros/jazzy/share/pcl_conversions/cmake/ament_cmake_export_dependencies-extras.cmake:21 (find_package)
[0.365s]   /opt/ros/jazzy/share/pcl_conversions/cmake/pcl_conversionsConfig.cmake:41 (include)
[0.365s]   CMakeLists.txt:18 (find_package)
[0.365s] This warning is for project developers.  Use -Wno-dev to suppress it.
[0.365s] [0m
[0.365s] -- Found flann version 1.9.2
[0.671s] -- OpenNI found (version: 1.5.4.0, include: /usr/include/ni, lib: /usr/lib/libOpenNI.so;libusb::libusb)
[0.675s] -- OpenNI2 found (version: 2.2.0.33, include: /usr/include/openni2, lib: /usr/lib/x86_64-linux-gnu/libOpenNI2.so;libusb::libusb)
[1.011s] -- OpenNI found (version: 1.5.4.0, include: /usr/include/ni, lib: /usr/lib/libOpenNI.so;libusb::libusb)
[1.015s] -- OpenNI2 found (version: 2.2.0.33, include: /usr/include/openni2, lib: /usr/lib/x86_64-linux-gnu/libOpenNI2.so;libusb::libusb)
[1.296s] -- Found Qhull version 8.0.2
[1.595s] -- OpenNI found (version: 1.5.4.0, include: /usr/include/ni, lib: /usr/lib/libOpenNI.so;libusb::libusb)
[1.895s] [33mCMake Warning (dev) at CMakeLists.txt:22 (find_package):
[1.895s]   Policy CMP0074 is not set: find_package uses <PackageName>_ROOT variables.
[1.895s]   Run "cmake --help-policy CMP0074" for policy details.  Use the cmake_policy
[1.896s]   command to set the policy and suppress this warning.
[1.896s] 
[1.896s]   CMake variable PCL_ROOT is set to:
[1.896s] 
[1.896s]     /usr
[1.896s] 
[1.896s]   For compatibility, CMake is ignoring the variable.
[1.896s] This warning is for project developers.  Use -Wno-dev to suppress it.
[1.896s] [0m
[1.918s] [33mCMake Warning (dev) at /usr/share/cmake-3.28/Modules/FindPackageHandleStandardArgs.cmake:438 (message):
[1.918s]   The package name passed to `find_package_handle_standard_args` (torch) does
[1.918s]   not match the name of the calling package (Torch).  This can lead to
[1.918s]   problems in calling code that expects `find_package` result variables
[1.918s]   (e.g., `_FOUND`) to follow a certain pattern.
[1.918s] Call Stack (most recent call first):
[1.918s]   /home/elioowo/libraries/libtorch/share/cmake/Torch/TorchConfig.cmake:103 (find_package_handle_standard_args)
[1.918s]   CMakeLists.txt:29 (find_package)
[1.918s] This warning is for project developers.  Use -Wno-dev to suppress it.
[1.918s] [0m
[1.918s] -- Found rosidl_default_generators: 1.6.0 (/opt/ros/jazzy/share/rosidl_default_generators/cmake)
[1.926s] -- Found rosidl_adapter: 4.6.7 (/opt/ros/jazzy/share/rosidl_adapter/cmake)
[2.149s] -- Found ament_cmake_ros: 0.12.0 (/opt/ros/jazzy/share/ament_cmake_ros/cmake)
[2.369s] -- Using all available rosidl_typesupport_c: rosidl_typesupport_fastrtps_c;rosidl_typesupport_introspection_c
[2.456s] -- Using all available rosidl_typesupport_cpp: rosidl_typesupport_fastrtps_cpp;rosidl_typesupport_introspection_cpp
[2.457s] -- Found python_cmake_module: 0.11.1 (/opt/ros/jazzy/share/python_cmake_module/cmake)
[2.628s] -- Found Python3: /usr/bin/python3 (found version "3.12.3") found components: Interpreter Development NumPy Development.Module Development.Embed 
[2.702s] -- Found Python3: /usr/bin/python3 (found version "3.12.3") found components: Interpreter 
[2.710s] -- Found ament_lint_auto: 0.17.5 (/opt/ros/jazzy/share/ament_lint_auto/cmake)
[2.713s] -- Configuring done (2.7s)
[2.763s] -- Generating done (0.0s)
[2.774s] -- Build files have been written to: /home/elioowo/ros_sfm/sfm_ros2/build/sfm_ros2
[2.807s] [  2%] Built target sfm_ros2__rosidl_generator_type_description
[2.807s] [  4%] Built target sfm_ros2__rs
[2.813s] [  4%] Built target ament_cmake_python_copy_sfm_ros2
[2.819s] [  6%] Built target sfm_ros2__cpp
[2.821s] [ 23%] Built target sfm_ros2__rosidl_generator_c
[2.835s] [ 38%] Built target sfm_ros2__rosidl_typesupport_introspection_c
[2.835s] [ 40%] Built target sfm_ros2__rosidl_typesupport_c
[2.835s] [ 48%] Built target sfm_ros2__rosidl_typesupport_fastrtps_c
[2.836s] [ 57%] Built target sfm_ros2__rosidl_typesupport_fastrtps_cpp
[2.836s] [ 65%] Built target sfm_ros2__rosidl_typesupport_cpp
[2.836s] [ 74%] Built target sfm_ros2__rosidl_typesupport_introspection_cpp
[2.847s] [ 74%] Built target sfm_ros2
[2.859s] [ 76%] Built target sfm_ros2__py
[2.864s] [ 78%] [32mBuilding CXX object CMakeFiles/sfm.dir/src/sfm.cpp.o[0m
[2.874s] [ 85%] Built target sfm_ros2__rosidl_generator_py
[2.887s] [ 95%] Built target sfm_ros2_s__rosidl_typesupport_introspection_c
[2.887s] [ 95%] Built target sfm_ros2_s__rosidl_typesupport_c
[2.888s] [ 97%] Built target sfm_ros2_s__rosidl_typesupport_fastrtps_c
[2.955s] running egg_info
[2.968s] writing sfm_ros2.egg-info/PKG-INFO
[2.968s] writing dependency_links to sfm_ros2.egg-info/dependency_links.txt
[2.968s] writing top-level names to sfm_ros2.egg-info/top_level.txt
[3.007s] reading manifest file 'sfm_ros2.egg-info/SOURCES.txt'
[3.007s] writing manifest file 'sfm_ros2.egg-info/SOURCES.txt'
[3.025s] [ 97%] Built target ament_cmake_python_build_sfm_ros2_egg
[7.341s] [01m[K/home/elioowo/ros_sfm/sfm_ros2/src/sfm.cpp:[m[K In member function ‘[01m[Kcv::Mat semanticSfm::[01;32m[KforwardPass_[m[K(cv::Mat)[m[K’:
[7.341s] [01m[K/home/elioowo/ros_sfm/sfm_ros2/src/sfm.cpp:107:25:[m[K [01;31m[Kerror: [m[K‘[01m[KThreshold[m[K’ is not a member of ‘[01m[Ktorch::nn[m[K’
[7.341s]   107 |     auto m = torch::nn::[01;31m[KThreshold[m[K(0.6, 0);
[7.341s]       |                         [01;31m[K^~~~~~~~~[m[K
[7.343s] [01m[K/home/elioowo/ros_sfm/sfm_ros2/src/sfm.cpp:[m[K At global scope:
[7.344s] [01m[K/home/elioowo/ros_sfm/sfm_ros2/src/sfm.cpp:138:51:[m[K [01;31m[Kerror: [m[K‘[01m[KImage[m[K’ in namespace ‘[01m[Ksensor_msgs[m[K’ does not name a type
[7.344s]   138 | void semanticSfm::sfmCallBack_(const sensor_msgs::[01;31m[KImage[m[K::SharedPtr rgb, const sensor_msgs::Image::SharedPtr depthMap, const sensor_msgs::CameraInfo::SharedPtr cameraIntrensics, const nav_msgs::Odometry::SharedPtr cameraExtrensics)
[7.344s]       |                                                   [01;31m[K^~~~~[m[K
[7.344s] [01m[K/home/elioowo/ros_sfm/sfm_ros2/src/sfm.cpp:138:68:[m[K [01;31m[Kerror: [m[Kexpected unqualified-id before ‘[01m[Krgb[m[K’
[7.344s]   138 | void semanticSfm::sfmCallBack_(const sensor_msgs::Image::SharedPtr [01;31m[Krgb[m[K, const sensor_msgs::Image::SharedPtr depthMap, const sensor_msgs::CameraInfo::SharedPtr cameraIntrensics, const nav_msgs::Odometry::SharedPtr cameraExtrensics)
[7.344s]       |                                                                    [01;31m[K^~~[m[K
[7.344s] [01m[K/home/elioowo/ros_sfm/sfm_ros2/src/sfm.cpp:138:67:[m[K [01;31m[Kerror: [m[Kexpected ‘[01m[K)[m[K’ before ‘[01m[Krgb[m[K’
[7.344s]   138 | void semanticSfm::sfmCallBack_[34m[K([m[Kconst sensor_msgs::Image::SharedPtr[01;31m[K [m[K[32m[Krgb[m[K, const sensor_msgs::Image::SharedPtr depthMap, const sensor_msgs::CameraInfo::SharedPtr cameraIntrensics, const nav_msgs::Odometry::SharedPtr cameraExtrensics)
[7.344s]       |                               [34m[K~[m[K                                   [01;31m[K^[m[K[32m[K~~~[m[K
[7.344s]       |                                                                   [32m[K)[m[K
[7.344s] [01m[K/home/elioowo/ros_sfm/sfm_ros2/src/sfm.cpp:138:68:[m[K [01;31m[Kerror: [m[Kexpected initializer before ‘[01m[Krgb[m[K’
[7.344s]   138 | void semanticSfm::sfmCallBack_(const sensor_msgs::Image::SharedPtr [01;31m[Krgb[m[K, const sensor_msgs::Image::SharedPtr depthMap, const sensor_msgs::CameraInfo::SharedPtr cameraIntrensics, const nav_msgs::Odometry::SharedPtr cameraExtrensics)
[7.344s]       |                                                                    [01;31m[K^~~[m[K
[7.904s] In file included from [01m[K/opt/ros/jazzy/include/message_filters/message_filters/synchronizer.h:47[m[K,
[7.905s]                  from [01m[K/opt/ros/jazzy/include/message_filters/message_filters/time_synchronizer.h:41[m[K,
[7.905s]                  from [01m[K/home/elioowo/ros_sfm/sfm_ros2/include/sfm/sfm.h:19[m[K,
[7.905s]                  from [01m[K/home/elioowo/ros_sfm/sfm_ros2/src/sfm.cpp:1[m[K:
[7.905s] /opt/ros/jazzy/include/message_filters/message_filters/signal9.h: In instantiation of ‘[01m[Kmessage_filters::Connection message_filters::Signal9<M0, M1, M2, M3, M4, M5, M6, M7, M8>::[01;32m[KaddCallback[m[K(C&) [35m[K[with C = const std::_Bind<void (semanticSfm::*(semanticSfm*, std::_Placeholder<1>, std::_Placeholder<2>, std::_Placeholder<3>, std::_Placeholder<4>))(std::shared_ptr<sensor_msgs::msg::Image_<std::allocator<void> > >, std::shared_ptr<sensor_msgs::msg::Image_<std::allocator<void> > >, std::shared_ptr<sensor_msgs::msg::CameraInfo_<std::allocator<void> > >, std::shared_ptr<nav_msgs::msg::Odometry_<std::allocator<void> > >)>; M0 = sensor_msgs::msg::Image_<std::allocator<void> >; M1 = sensor_msgs::msg::Image_<std::allocator<void> >; M2 = sensor_msgs::msg::CameraInfo_<std::allocator<void> >; M3 = nav_msgs::msg::Odometry_<std::allocator<void> >; M4 = message_filters::NullType; M5 = message_filters::NullType; M6 = message_filters::NullType; M7 = message_filters::NullType; M8 = message_filters::NullType][m[K[m[K’:
[7.905s] [01m[K/opt/ros/jazzy/include/message_filters/message_filters/synchronizer.h:298:31:[m[K   required from ‘[01m[Kmessage_filters::Connection message_filters::Synchronizer<Policy>::[01;32m[KregisterCallback[m[K(const C&) [35m[K[with C = std::_Bind<void (semanticSfm::*(semanticSfm*, std::_Placeholder<1>, std::_Placeholder<2>, std::_Placeholder<3>, std::_Placeholder<4>))(std::shared_ptr<sensor_msgs::msg::Image_<std::allocator<void> > >, std::shared_ptr<sensor_msgs::msg::Image_<std::allocator<void> > >, std::shared_ptr<sensor_msgs::msg::CameraInfo_<std::allocator<void> > >, std::shared_ptr<nav_msgs::msg::Odometry_<std::allocator<void> > >)>; Policy = message_filters::sync_policies::ApproximateTime<sensor_msgs::msg::Image_<std::allocator<void> >, sensor_msgs::msg::Image_<std::allocator<void> >, sensor_msgs::msg::CameraInfo_<std::allocator<void> >, nav_msgs::msg::Odometry_<std::allocator<void> > >][m[K[m[K’
[7.905s] [01m[K/home/elioowo/ros_sfm/sfm_ros2/src/sfm.cpp:34:28:[m[K   required from here
[7.905s] [01m[K/opt/ros/jazzy/include/message_filters/message_filters/signal9.h:280:40:[m[K [01;31m[Kerror: [m[Kno matching function for call to ‘[01m[Kmessage_filters::Signal9<sensor_msgs::msg::Image_<std::allocator<void> >, sensor_msgs::msg::Image_<std::allocator<void> >, sensor_msgs::msg::CameraInfo_<std::allocator<void> >, nav_msgs::msg::Odometry_<std::allocator<void> >, message_filters::NullType, message_filters::NullType, message_filters::NullType, message_filters::NullType, message_filters::NullType>::addCallback<const message_filters::Signal9<sensor_msgs::msg::Image_<std::allocator<void> >, sensor_msgs::msg::Image_<std::allocator<void> >, sensor_msgs::msg::CameraInfo_<std::allocator<void> >, nav_msgs::msg::Odometry_<std::allocator<void> >, message_filters::NullType, message_filters::NullType, message_filters::NullType, message_filters::NullType, message_filters::NullType>::M0ConstPtr&, const message_filters::Signal9<sensor_msgs::msg::Image_<std::allocator<void> >, sensor_msgs::msg::Image_<std::allocator<void> >, sensor_msgs::msg::CameraInfo_<std::allocator<void> >, nav_msgs::msg::Odometry_<std::allocator<void> >, message_filters::NullType, message_filters::NullType, message_filters::NullType, message_filters::NullType, message_filters::NullType>::M1ConstPtr&, const message_filters::Signal9<sensor_msgs::msg::Image_<std::allocator<void> >, sensor_msgs::msg::Image_<std::allocator<void> >, sensor_msgs::msg::CameraInfo_<std::allocator<void> >, nav_msgs::msg::Odometry_<std::allocator<void> >, message_filters::NullType, message_filters::NullType, message_filters::NullType, message_filters::NullType, message_filters::NullType>::M2ConstPtr&, const message_filters::Signal9<sensor_msgs::msg::Image_<std::allocator<void> >, sensor_msgs::msg::Image_<std::allocator<void> >, sensor_msgs::msg::CameraInfo_<std::allocator<void> >, nav_msgs::msg::Odometry_<std::allocator<void> >, message_filters::NullType, message_filters::NullType, message_filters::NullType, message_filters::NullType, message_filters::NullType>::M3ConstPtr&, const message_filters::Signal9<sensor_msgs::msg::Image_<std::allocator<void> >, sensor_msgs::msg::Image_<std::allocator<void> >, sensor_msgs::msg::CameraInfo_<std::allocator<void> >, nav_msgs::msg::Odometry_<std::allocator<void> >, message_filters::NullType, message_filters::NullType, message_filters::NullType, message_filters::NullType, message_filters::NullType>::M4ConstPtr&, const message_filters::Signal9<sensor_msgs::msg::Image_<std::allocator<void> >, sensor_msgs::msg::Image_<std::allocator<void> >, sensor_msgs::msg::CameraInfo_<std::allocator<void> >, nav_msgs::msg::Odometry_<std::allocator<void> >, message_filters::NullType, message_filters::NullType, message_filters::NullType, message_filters::NullType, message_filters::NullType>::M5ConstPtr&, const message_filters::Signal9<sensor_msgs::msg::Image_<std::allocator<void> >, sensor_msgs::msg::Image_<std::allocator<void> >, sensor_msgs::msg::CameraInfo_<std::allocator<void> >, nav_msgs::msg::Odometry_<std::allocator<void> >, message_filters::NullType, message_filters::NullType, message_filters::NullType, message_filters::NullType, message_filters::NullType>::M6ConstPtr&, const message_filters::Signal9<sensor_msgs::msg::Image_<std::allocator<void> >, sensor_msgs::msg::Image_<std::allocator<void> >, sensor_msgs::msg::CameraInfo_<std::allocator<void> >, nav_msgs::msg::Odometry_<std::allocator<void> >, message_filters::NullType, message_filters::NullType, message_filters::NullType, message_filters::NullType, message_filters::NullType>::M7ConstPtr&, const message_filters::Signal9<sensor_msgs::msg::Image_<std::allocator<void> >, sensor_msgs::msg::Image_<std::allocator<void> >, sensor_msgs::msg::CameraInfo_<std::allocator<void> >, nav_msgs::msg::Odometry_<std::allocator<void> >, message_filters::NullType, message_filters::NullType, message_filters::NullType, message_filters::NullType, message_filters::NullType>::M8ConstPtr&>(std::_Bind_helper<false, const std::_Bind<void (semanticSfm::*(semanticSfm*, std::_Placeholder<1>, std::_Placeholder<2>, std::_Placeholder<3>, std::_Placeholder<4>))(std::shared_ptr<sensor_msgs::msg::Image_<std::allocator<void> > >, std::shared_ptr<sensor_msgs::msg::Image_<std::allocator<void> > >, std::shared_ptr<sensor_msgs::msg::CameraInfo_<std::allocator<void> > >, std::shared_ptr<nav_msgs::msg::Odometry_<std::allocator<void> > >)>&, const std::_Placeholder<1>&, const std::_Placeholder<2>&, const std::_Placeholder<3>&, const std::_Placeholder<4>&, const std::_Placeholder<5>&, const std::_Placeholder<6>&, const std::_Placeholder<7>&, const std::_Placeholder<8>&, const std::_Placeholder<9>&>::type)[m[K’
[7.906s]   272 |     return [01;31m[KaddCallback<const M0ConstPtr&,[m[K
[7.906s]       |            [01;31m[K~~~~~~~~~~~~~~~~~~~~~~~~~~~~~~[m[K
[7.906s]   273 | [01;31m[K                     const M1ConstPtr&,[m[K
[7.906s]       |                      [01;31m[K~~~~~~~~~~~~~~~~~~[m[K 
[7.906s]   274 | [01;31m[K                     const M2ConstPtr&,[m[K
[7.906s]       |                      [01;31m[K~~~~~~~~~~~~~~~~~~[m[K 
[7.906s]   275 | [01;31m[K                     const M3ConstPtr&,[m[K
[7.906s]       |                      [01;31m[K~~~~~~~~~~~~~~~~~~[m[K 
[7.906s]   276 | [01;31m[K                     const M4ConstPtr&,[m[K
[7.906s]       |                      [01;31m[K~~~~~~~~~~~~~~~~~~[m[K 
[7.906s]   277 | [01;31m[K                     const M5ConstPtr&,[m[K
[7.906s]       |                      [01;31m[K~~~~~~~~~~~~~~~~~~[m[K 
[7.906s]   278 | [01;31m[K                     const M6ConstPtr&,[m[K
[7.906s]       |                      [01;31m[K~~~~~~~~~~~~~~~~~~[m[K 
[7.906s]   279 | [01;31m[K                     const M7ConstPtr&,[m[K
[7.906s]       |                      [01;31m[K~~~~~~~~~~~~~~~~~~[m[K 
[7.906s]   280 | [01;31m[K                     const M8ConstPtr&>(std::bind(callback, std::placeholders::_1, std::placeholders::_2, std::placeholders::_3, std::placeholders::_4, std::placeholders::_5, std::placeholders::_6, std::placeholders::_7, std::placeholders::_8, std::placeholders::_9))[m[K;
[7.906s]       |                      [01;31m[K~~~~~~~~~~~~~~~~~~^~~~~~~~~~~~~~~~~~~~~~~~~~~~~~~~~~~~~~~~~~~~~~~~~~~~~~~~~~~~~~~~~~~~~~~~~~~~~~~~~~~~~~~~~~~~~~~~~~~~~~~~~~~~~~~~~~~~~~~~~~~~~~~~~~~~~~~~~~~~~~~~~~~~~~~~~~~~~~~~~~~~~~~~~~~~~~~~~~~~~~~~~~~~~~~~~~~~~~~~~~~~~~~~~~~~~~~~~~~~~~~~~~~~[m[K
[7.906s] [01m[K/opt/ros/jazzy/include/message_filters/message_filters/signal9.h:170:14:[m[K [01;36m[Knote: [m[Kcandidate: ‘[01m[Kmessage_filters::Connection message_filters::Signal9<M0, M1, M2, M3, M4, M5, M6, M7, M8>::[01;32m[KaddCallback[m[K(const std::function<void(P0, P1, P2, P3, P4, P5, P6, P7, P8)>&) [35m[K[with P0 = const std::shared_ptr<const sensor_msgs::msg::Image_<std::allocator<void> > >&; P1 = const std::shared_ptr<const sensor_msgs::msg::Image_<std::allocator<void> > >&; P2 = const std::shared_ptr<const sensor_msgs::msg::CameraInfo_<std::allocator<void> > >&; P3 = const std::shared_ptr<const nav_msgs::msg::Odometry_<std::allocator<void> > >&; P4 = const std::shared_ptr<const message_filters::NullType>&; P5 = const std::shared_ptr<const message_filters::NullType>&; P6 = const std::shared_ptr<const message_filters::NullType>&; P7 = const std::shared_ptr<const message_filters::NullType>&; P8 = const std::shared_ptr<const message_filters::NullType>&; M0 = sensor_msgs::msg::Image_<std::allocator<void> >; M1 = sensor_msgs::msg::Image_<std::allocator<void> >; M2 = sensor_msgs::msg::CameraInfo_<std::allocator<void> >; M3 = nav_msgs::msg::Odometry_<std::allocator<void> >; M4 = message_filters::NullType; M5 = message_filters::NullType; M6 = message_filters::NullType; M7 = message_filters::NullType; M8 = message_filters::NullType][m[K[m[K’
[7.906s]   170 |   Connection [01;36m[KaddCallback[m[K(const std::function<void(P0, P1, P2, P3, P4, P5, P6, P7, P8)>& callback)
[7.906s]       |              [01;36m[K^~~~~~~~~~~[m[K
[7.906s] [01m[K/opt/ros/jazzy/include/message_filters/message_filters/signal9.h:170:89:[m[K [01;36m[Knote: [m[K  no known conversion for argument 1 from ‘[01m[Kstd::_Bind_helper<false, const std::_Bind<void (semanticSfm::*(semanticSfm*, std::_Placeholder<1>, std::_Placeholder<2>, std::_Placeholder<3>, std::_Placeholder<4>))(std::shared_ptr<sensor_msgs::msg::Image_<std::allocator<void> > >, std::shared_ptr<sensor_msgs::msg::Image_<std::allocator<void> > >, std::shared_ptr<sensor_msgs::msg::CameraInfo_<std::allocator<void> > >, std::shared_ptr<nav_msgs::msg::Odometry_<std::allocator<void> > >)>&, const std::_Placeholder<1>&, const std::_Placeholder<2>&, const std::_Placeholder<3>&, const std::_Placeholder<4>&, const std::_Placeholder<5>&, const std::_Placeholder<6>&, const std::_Placeholder<7>&, const std::_Placeholder<8>&, const std::_Placeholder<9>&>::type[m[K’ to ‘[01m[Kconst std::function<void(const std::shared_ptr<const sensor_msgs::msg::Image_<std::allocator<void> > >&, const std::shared_ptr<const sensor_msgs::msg::Image_<std::allocator<void> > >&, const std::shared_ptr<const sensor_msgs::msg::CameraInfo_<std::allocator<void> > >&, const std::shared_ptr<const nav_msgs::msg::Odometry_<std::allocator<void> > >&, const std::shared_ptr<const message_filters::NullType>&, const std::shared_ptr<const message_filters::NullType>&, const std::shared_ptr<const message_filters::NullType>&, const std::shared_ptr<const message_filters::NullType>&, const std::shared_ptr<const message_filters::NullType>&)>&[m[K’
[7.906s]   170 |   Connection addCallback([01;36m[Kconst std::function<void(P0, P1, P2, P3, P4, P5, P6, P7, P8)>& callback[m[K)
[7.906s]       |                          [01;36m[K~~~~~~~~~~~~~~~~~~~~~~~~~~~~~~~~~~~~~~~~~~~~~~~~~~~~~~~~~~~~~~~^~~~~~~~[m[K
[7.906s] [01m[K/opt/ros/jazzy/include/message_filters/message_filters/signal9.h:180:14:[m[K [01;36m[Knote: [m[Kcandidate: ‘[01m[Ktemplate<class P0, class P1> message_filters::Connection message_filters::Signal9<M0, M1, M2, M3, M4, M5, M6, M7, M8>::[01;32m[KaddCallback[m[K(void (*)(P0, P1)) [35m[K[with P1 = P0; M0 = sensor_msgs::msg::Image_<std::allocator<void> >; M1 = sensor_msgs::msg::Image_<std::allocator<void> >; M2 = sensor_msgs::msg::CameraInfo_<std::allocator<void> >; M3 = nav_msgs::msg::Odometry_<std::allocator<void> >; M4 = message_filters::NullType; M5 = message_filters::NullType; M6 = message_filters::NullType; M7 = message_filters::NullType; M8 = message_filters::NullType][m[K[m[K’
[7.906s]   180 |   Connection [01;36m[KaddCallback[m[K(void(*callback)(P0, P1))
[7.906s]       |              [01;36m[K^~~~~~~~~~~[m[K
[7.906s] [01m[K/opt/ros/jazzy/include/message_filters/message_filters/signal9.h:180:14:[m[K [01;36m[Knote: [m[K  template argument deduction/substitution failed:
[7.906s] [01m[K/opt/ros/jazzy/include/message_filters/message_filters/signal9.h:280:40:[m[K [01;31m[Kerror: [m[Kwrong number of template arguments (9, should be 2)
[7.907s]   272 |     return [01;31m[KaddCallback<const M0ConstPtr&,[m[K
[7.907s]       |            [01;31m[K~~~~~~~~~~~~~~~~~~~~~~~~~~~~~~[m[K
[7.907s]   273 | [01;31m[K                     const M1ConstPtr&,[m[K
[7.907s]       |                      [01;31m[K~~~~~~~~~~~~~~~~~~[m[K 
[7.907s]   274 | [01;31m[K                     const M2ConstPtr&,[m[K
[7.907s]       |                      [01;31m[K~~~~~~~~~~~~~~~~~~[m[K 
[7.907s]   275 | [01;31m[K                     const M3ConstPtr&,[m[K
[7.907s]       |                      [01;31m[K~~~~~~~~~~~~~~~~~~[m[K 
[7.907s]   276 | [01;31m[K                     const M4ConstPtr&,[m[K
[7.907s]       |                      [01;31m[K~~~~~~~~~~~~~~~~~~[m[K 
[7.907s]   277 | [01;31m[K                     const M5ConstPtr&,[m[K
[7.907s]       |                      [01;31m[K~~~~~~~~~~~~~~~~~~[m[K 
[7.907s]   278 | [01;31m[K                     const M6ConstPtr&,[m[K
[7.907s]       |                      [01;31m[K~~~~~~~~~~~~~~~~~~[m[K 
[7.907s]   279 | [01;31m[K                     const M7ConstPtr&,[m[K
[7.907s]       |                      [01;31m[K~~~~~~~~~~~~~~~~~~[m[K 
[7.907s]   280 | [01;31m[K                     const M8ConstPtr&>(std::bind(callback, std::placeholders::_1, std::placeholders::_2, std::placeholders::_3, std::placeholders::_4, std::placeholders::_5, std::placeholders::_6, std::placeholders::_7, std::placeholders::_8, std::placeholders::_9))[m[K;
[7.907s]       |                      [01;31m[K~~~~~~~~~~~~~~~~~~^~~~~~~~~~~~~~~~~~~~~~~~~~~~~~~~~~~~~~~~~~~~~~~~~~~~~~~~~~~~~~~~~~~~~~~~~~~~~~~~~~~~~~~~~~~~~~~~~~~~~~~~~~~~~~~~~~~~~~~~~~~~~~~~~~~~~~~~~~~~~~~~~~~~~~~~~~~~~~~~~~~~~~~~~~~~~~~~~~~~~~~~~~~~~~~~~~~~~~~~~~~~~~~~~~~~~~~~~~~~~~~~~~~~[m[K
[7.907s] [01m[K/opt/ros/jazzy/include/message_filters/message_filters/signal9.h:180:14:[m[K [01;36m[Knote: [m[Kprovided for ‘[01m[Ktemplate<class P0, class P1> message_filters::Connection message_filters::Signal9<M0, M1, M2, M3, M4, M5, M6, M7, M8>::[01;32m[KaddCallback[m[K(void (*)(P0, P1)) [35m[K[with P1 = P0; M0 = sensor_msgs::msg::Image_<std::allocator<void> >; M1 = sensor_msgs::msg::Image_<std::allocator<void> >; M2 = sensor_msgs::msg::CameraInfo_<std::allocator<void> >; M3 = nav_msgs::msg::Odometry_<std::allocator<void> >; M4 = message_filters::NullType; M5 = message_filters::NullType; M6 = message_filters::NullType; M7 = message_filters::NullType; M8 = message_filters::NullType][m[K[m[K’
[7.907s]   180 |   Connection [01;36m[KaddCallback[m[K(void(*callback)(P0, P1))
[7.907s]       |              [01;36m[K^~~~~~~~~~~[m[K
[7.907s] [01m[K/opt/ros/jazzy/include/message_filters/message_filters/signal9.h:186:14:[m[K [01;36m[Knote: [m[Kcandidate: ‘[01m[Ktemplate<class P0, class P1, class P2> message_filters::Connection message_filters::Signal9<M0, M1, M2, M3, M4, M5, M6, M7, M8>::[01;32m[KaddCallback[m[K(void (*)(P0, P1, P2)) [35m[K[with P1 = P0; P2 = P1; M0 = sensor_msgs::msg::Image_<std::allocator<void> >; M1 = sensor_msgs::msg::Image_<std::allocator<void> >; M2 = sensor_msgs::msg::CameraInfo_<std::allocator<void> >; M3 = nav_msgs::msg::Odometry_<std::allocator<void> >; M4 = message_filters::NullType; M5 = message_filters::NullType; M6 = message_filters::NullType; M7 = message_filters::NullType; M8 = message_filters::NullType][m[K[m[K’
[7.907s]   186 |   Connection [01;36m[KaddCallback[m[K(void(*callback)(P0, P1, P2))
[7.907s]       |              [01;36m[K^~~~~~~~~~~[m[K
[7.907s] [01m[K/opt/ros/jazzy/include/message_filters/message_filters/signal9.h:186:14:[m[K [01;36m[Knote: [m[K  template argument deduction/substitution failed:
[7.907s] [01m[K/opt/ros/jazzy/include/message_filters/message_filters/signal9.h:280:40:[m[K [01;31m[Kerror: [m[Kwrong number of template arguments (9, should be 3)
[7.907s]   272 |     return [01;31m[KaddCallback<const M0ConstPtr&,[m[K
[7.907s]       |            [01;31m[K~~~~~~~~~~~~~~~~~~~~~~~~~~~~~~[m[K
[7.907s]   273 | [01;31m[K                     const M1ConstPtr&,[m[K
[7.907s]       |                      [01;31m[K~~~~~~~~~~~~~~~~~~[m[K 
[7.908s]   274 | [01;31m[K                     const M2ConstPtr&,[m[K
[7.908s]       |                      [01;31m[K~~~~~~~~~~~~~~~~~~[m[K 
[7.908s]   275 | [01;31m[K                     const M3ConstPtr&,[m[K
[7.908s]       |                      [01;31m[K~~~~~~~~~~~~~~~~~~[m[K 
[7.908s]   276 | [01;31m[K                     const M4ConstPtr&,[m[K
[7.908s]       |                      [01;31m[K~~~~~~~~~~~~~~~~~~[m[K 
[7.908s]   277 | [01;31m[K                     const M5ConstPtr&,[m[K
[7.908s]       |                      [01;31m[K~~~~~~~~~~~~~~~~~~[m[K 
[7.908s]   278 | [01;31m[K                     const M6ConstPtr&,[m[K
[7.908s]       |                      [01;31m[K~~~~~~~~~~~~~~~~~~[m[K 
[7.908s]   279 | [01;31m[K                     const M7ConstPtr&,[m[K
[7.908s]       |                      [01;31m[K~~~~~~~~~~~~~~~~~~[m[K 
[7.908s]   280 | [01;31m[K                     const M8ConstPtr&>(std::bind(callback, std::placeholders::_1, std::placeholders::_2, std::placeholders::_3, std::placeholders::_4, std::placeholders::_5, std::placeholders::_6, std::placeholders::_7, std::placeholders::_8, std::placeholders::_9))[m[K;
[7.908s]       |                      [01;31m[K~~~~~~~~~~~~~~~~~~^~~~~~~~~~~~~~~~~~~~~~~~~~~~~~~~~~~~~~~~~~~~~~~~~~~~~~~~~~~~~~~~~~~~~~~~~~~~~~~~~~~~~~~~~~~~~~~~~~~~~~~~~~~~~~~~~~~~~~~~~~~~~~~~~~~~~~~~~~~~~~~~~~~~~~~~~~~~~~~~~~~~~~~~~~~~~~~~~~~~~~~~~~~~~~~~~~~~~~~~~~~~~~~~~~~~~~~~~~~~~~~~~~~~[m[K
[7.908s] [01m[K/opt/ros/jazzy/include/message_filters/message_filters/signal9.h:186:14:[m[K [01;36m[Knote: [m[Kprovided for ‘[01m[Ktemplate<class P0, class P1, class P2> message_filters::Connection message_filters::Signal9<M0, M1, M2, M3, M4, M5, M6, M7, M8>::[01;32m[KaddCallback[m[K(void (*)(P0, P1, P2)) [35m[K[with P1 = P0; P2 = P1; M0 = sensor_msgs::msg::Image_<std::allocator<void> >; M1 = sensor_msgs::msg::Image_<std::allocator<void> >; M2 = sensor_msgs::msg::CameraInfo_<std::allocator<void> >; M3 = nav_msgs::msg::Odometry_<std::allocator<void> >; M4 = message_filters::NullType; M5 = message_filters::NullType; M6 = message_filters::NullType; M7 = message_filters::NullType; M8 = message_filters::NullType][m[K[m[K’
[7.908s]   186 |   Connection [01;36m[KaddCallback[m[K(void(*callback)(P0, P1, P2))
[7.908s]       |              [01;36m[K^~~~~~~~~~~[m[K
[7.908s] [01m[K/opt/ros/jazzy/include/message_filters/message_filters/signal9.h:192:14:[m[K [01;36m[Knote: [m[Kcandidate: ‘[01m[Ktemplate<class P0, class P1, class P2, class P3> message_filters::Connection message_filters::Signal9<M0, M1, M2, M3, M4, M5, M6, M7, M8>::[01;32m[KaddCallback[m[K(void (*)(P0, P1, P2, P3)) [35m[K[with P1 = P0; P2 = P1; P3 = P2; M0 = sensor_msgs::msg::Image_<std::allocator<void> >; M1 = sensor_msgs::msg::Image_<std::allocator<void> >; M2 = sensor_msgs::msg::CameraInfo_<std::allocator<void> >; M3 = nav_msgs::msg::Odometry_<std::allocator<void> >; M4 = message_filters::NullType; M5 = message_filters::NullType; M6 = message_filters::NullType; M7 = message_filters::NullType; M8 = message_filters::NullType][m[K[m[K’
[7.908s]   192 |   Connection [01;36m[KaddCallback[m[K(void(*callback)(P0, P1, P2, P3))
[7.908s]       |              [01;36m[K^~~~~~~~~~~[m[K
[7.908s] [01m[K/opt/ros/jazzy/include/message_filters/message_filters/signal9.h:192:14:[m[K [01;36m[Knote: [m[K  template argument deduction/substitution failed:
[7.908s] [01m[K/opt/ros/jazzy/include/message_filters/message_filters/signal9.h:280:40:[m[K [01;31m[Kerror: [m[Kwrong number of template arguments (9, should be 4)
[7.908s]   272 |     return [01;31m[KaddCallback<const M0ConstPtr&,[m[K
[7.908s]       |            [01;31m[K~~~~~~~~~~~~~~~~~~~~~~~~~~~~~~[m[K
[7.908s]   273 | [01;31m[K                     const M1ConstPtr&,[m[K
[7.908s]       |                      [01;31m[K~~~~~~~~~~~~~~~~~~[m[K 
[7.908s]   274 | [01;31m[K                     const M2ConstPtr&,[m[K
[7.908s]       |                      [01;31m[K~~~~~~~~~~~~~~~~~~[m[K 
[7.908s]   275 | [01;31m[K                     const M3ConstPtr&,[m[K
[7.908s]       |                      [01;31m[K~~~~~~~~~~~~~~~~~~[m[K 
[7.909s]   276 | [01;31m[K                     const M4ConstPtr&,[m[K
[7.909s]       |                      [01;31m[K~~~~~~~~~~~~~~~~~~[m[K 
[7.909s]   277 | [01;31m[K                     const M5ConstPtr&,[m[K
[7.909s]       |                      [01;31m[K~~~~~~~~~~~~~~~~~~[m[K 
[7.909s]   278 | [01;31m[K                     const M6ConstPtr&,[m[K
[7.909s]       |                      [01;31m[K~~~~~~~~~~~~~~~~~~[m[K 
[7.909s]   279 | [01;31m[K                     const M7ConstPtr&,[m[K
[7.909s]       |                      [01;31m[K~~~~~~~~~~~~~~~~~~[m[K 
[7.909s]   280 | [01;31m[K                     const M8ConstPtr&>(std::bind(callback, std::placeholders::_1, std::placeholders::_2, std::placeholders::_3, std::placeholders::_4, std::placeholders::_5, std::placeholders::_6, std::placeholders::_7, std::placeholders::_8, std::placeholders::_9))[m[K;
[7.909s]       |                      [01;31m[K~~~~~~~~~~~~~~~~~~^~~~~~~~~~~~~~~~~~~~~~~~~~~~~~~~~~~~~~~~~~~~~~~~~~~~~~~~~~~~~~~~~~~~~~~~~~~~~~~~~~~~~~~~~~~~~~~~~~~~~~~~~~~~~~~~~~~~~~~~~~~~~~~~~~~~~~~~~~~~~~~~~~~~~~~~~~~~~~~~~~~~~~~~~~~~~~~~~~~~~~~~~~~~~~~~~~~~~~~~~~~~~~~~~~~~~~~~~~~~~~~~~~~~[m[K
[7.909s] [01m[K/opt/ros/jazzy/include/message_filters/message_filters/signal9.h:192:14:[m[K [01;36m[Knote: [m[Kprovided for ‘[01m[Ktemplate<class P0, class P1, class P2, class P3> message_filters::Connection message_filters::Signal9<M0, M1, M2, M3, M4, M5, M6, M7, M8>::[01;32m[KaddCallback[m[K(void (*)(P0, P1, P2, P3)) [35m[K[with P1 = P0; P2 = P1; P3 = P2; M0 = sensor_msgs::msg::Image_<std::allocator<void> >; M1 = sensor_msgs::msg::Image_<std::allocator<void> >; M2 = sensor_msgs::msg::CameraInfo_<std::allocator<void> >; M3 = nav_msgs::msg::Odometry_<std::allocator<void> >; M4 = message_filters::NullType; M5 = message_filters::NullType; M6 = message_filters::NullType; M7 = message_filters::NullType; M8 = message_filters::NullType][m[K[m[K’
[7.909s]   192 |   Connection [01;36m[KaddCallback[m[K(void(*callback)(P0, P1, P2, P3))
[7.909s]       |              [01;36m[K^~~~~~~~~~~[m[K
[7.909s] [01m[K/opt/ros/jazzy/include/message_filters/message_filters/signal9.h:198:14:[m[K [01;36m[Knote: [m[Kcandidate: ‘[01m[Ktemplate<class P0, class P1, class P2, class P3, class P4> message_filters::Connection message_filters::Signal9<M0, M1, M2, M3, M4, M5, M6, M7, M8>::[01;32m[KaddCallback[m[K(void (*)(P0, P1, P2, P3, P4)) [35m[K[with P1 = P0; P2 = P1; P3 = P2; P4 = P3; M0 = sensor_msgs::msg::Image_<std::allocator<void> >; M1 = sensor_msgs::msg::Image_<std::allocator<void> >; M2 = sensor_msgs::msg::CameraInfo_<std::allocator<void> >; M3 = nav_msgs::msg::Odometry_<std::allocator<void> >; M4 = message_filters::NullType; M5 = message_filters::NullType; M6 = message_filters::NullType; M7 = message_filters::NullType; M8 = message_filters::NullType][m[K[m[K’
[7.909s]   198 |   Connection [01;36m[KaddCallback[m[K(void(*callback)(P0, P1, P2, P3, P4))
[7.909s]       |              [01;36m[K^~~~~~~~~~~[m[K
[7.909s] [01m[K/opt/ros/jazzy/include/message_filters/message_filters/signal9.h:198:14:[m[K [01;36m[Knote: [m[K  template argument deduction/substitution failed:
[7.909s] [01m[K/opt/ros/jazzy/include/message_filters/message_filters/signal9.h:280:40:[m[K [01;31m[Kerror: [m[Kwrong number of template arguments (9, should be 5)
[7.909s]   272 |     return [01;31m[KaddCallback<const M0ConstPtr&,[m[K
[7.909s]       |            [01;31m[K~~~~~~~~~~~~~~~~~~~~~~~~~~~~~~[m[K
[7.909s]   273 | [01;31m[K                     const M1ConstPtr&,[m[K
[7.909s]       |                      [01;31m[K~~~~~~~~~~~~~~~~~~[m[K 
[7.909s]   274 | [01;31m[K                     const M2ConstPtr&,[m[K
[7.909s]       |                      [01;31m[K~~~~~~~~~~~~~~~~~~[m[K 
[7.909s]   275 | [01;31m[K                     const M3ConstPtr&,[m[K
[7.909s]       |                      [01;31m[K~~~~~~~~~~~~~~~~~~[m[K 
[7.909s]   276 | [01;31m[K                     const M4ConstPtr&,[m[K
[7.909s]       |                      [01;31m[K~~~~~~~~~~~~~~~~~~[m[K 
[7.909s]   277 | [01;31m[K                     const M5ConstPtr&,[m[K
[7.909s]       |                      [01;31m[K~~~~~~~~~~~~~~~~~~[m[K 
[7.909s]   278 | [01;31m[K                     const M6ConstPtr&,[m[K
[7.909s]       |                      [01;31m[K~~~~~~~~~~~~~~~~~~[m[K 
[7.910s]   279 | [01;31m[K                     const M7ConstPtr&,[m[K
[7.910s]       |                      [01;31m[K~~~~~~~~~~~~~~~~~~[m[K 
[7.910s]   280 | [01;31m[K                     const M8ConstPtr&>(std::bind(callback, std::placeholders::_1, std::placeholders::_2, std::placeholders::_3, std::placeholders::_4, std::placeholders::_5, std::placeholders::_6, std::placeholders::_7, std::placeholders::_8, std::placeholders::_9))[m[K;
[7.910s]       |                      [01;31m[K~~~~~~~~~~~~~~~~~~^~~~~~~~~~~~~~~~~~~~~~~~~~~~~~~~~~~~~~~~~~~~~~~~~~~~~~~~~~~~~~~~~~~~~~~~~~~~~~~~~~~~~~~~~~~~~~~~~~~~~~~~~~~~~~~~~~~~~~~~~~~~~~~~~~~~~~~~~~~~~~~~~~~~~~~~~~~~~~~~~~~~~~~~~~~~~~~~~~~~~~~~~~~~~~~~~~~~~~~~~~~~~~~~~~~~~~~~~~~~~~~~~~~~[m[K
[7.910s] [01m[K/opt/ros/jazzy/include/message_filters/message_filters/signal9.h:198:14:[m[K [01;36m[Knote: [m[Kprovided for ‘[01m[Ktemplate<class P0, class P1, class P2, class P3, class P4> message_filters::Connection message_filters::Signal9<M0, M1, M2, M3, M4, M5, M6, M7, M8>::[01;32m[KaddCallback[m[K(void (*)(P0, P1, P2, P3, P4)) [35m[K[with P1 = P0; P2 = P1; P3 = P2; P4 = P3; M0 = sensor_msgs::msg::Image_<std::allocator<void> >; M1 = sensor_msgs::msg::Image_<std::allocator<void> >; M2 = sensor_msgs::msg::CameraInfo_<std::allocator<void> >; M3 = nav_msgs::msg::Odometry_<std::allocator<void> >; M4 = message_filters::NullType; M5 = message_filters::NullType; M6 = message_filters::NullType; M7 = message_filters::NullType; M8 = message_filters::NullType][m[K[m[K’
[7.910s]   198 |   Connection [01;36m[KaddCallback[m[K(void(*callback)(P0, P1, P2, P3, P4))
[7.910s]       |              [01;36m[K^~~~~~~~~~~[m[K
[7.910s] [01m[K/opt/ros/jazzy/include/message_filters/message_filters/signal9.h:204:14:[m[K [01;36m[Knote: [m[Kcandidate: ‘[01m[Ktemplate<class P0, class P1, class P2, class P3, class P4, class P5> message_filters::Connection message_filters::Signal9<M0, M1, M2, M3, M4, M5, M6, M7, M8>::[01;32m[KaddCallback[m[K(void (*)(P0, P1, P2, P3, P4, P5)) [35m[K[with P1 = P0; P2 = P1; P3 = P2; P4 = P3; P5 = P4; M0 = sensor_msgs::msg::Image_<std::allocator<void> >; M1 = sensor_msgs::msg::Image_<std::allocator<void> >; M2 = sensor_msgs::msg::CameraInfo_<std::allocator<void> >; M3 = nav_msgs::msg::Odometry_<std::allocator<void> >; M4 = message_filters::NullType; M5 = message_filters::NullType; M6 = message_filters::NullType; M7 = message_filters::NullType; M8 = message_filters::NullType][m[K[m[K’
[7.910s]   204 |   Connection [01;36m[KaddCallback[m[K(void(*callback)(P0, P1, P2, P3, P4, P5))
[7.910s]       |              [01;36m[K^~~~~~~~~~~[m[K
[7.910s] [01m[K/opt/ros/jazzy/include/message_filters/message_filters/signal9.h:204:14:[m[K [01;36m[Knote: [m[K  template argument deduction/substitution failed:
[7.910s] [01m[K/opt/ros/jazzy/include/message_filters/message_filters/signal9.h:280:40:[m[K [01;31m[Kerror: [m[Kwrong number of template arguments (9, should be 6)
[7.910s]   272 |     return [01;31m[KaddCallback<const M0ConstPtr&,[m[K
[7.910s]       |            [01;31m[K~~~~~~~~~~~~~~~~~~~~~~~~~~~~~~[m[K
[7.910s]   273 | [01;31m[K                     const M1ConstPtr&,[m[K
[7.910s]       |                      [01;31m[K~~~~~~~~~~~~~~~~~~[m[K 
[7.910s]   274 | [01;31m[K                     const M2ConstPtr&,[m[K
[7.910s]       |                      [01;31m[K~~~~~~~~~~~~~~~~~~[m[K 
[7.910s]   275 | [01;31m[K                     const M3ConstPtr&,[m[K
[7.910s]       |                      [01;31m[K~~~~~~~~~~~~~~~~~~[m[K 
[7.910s]   276 | [01;31m[K                     const M4ConstPtr&,[m[K
[7.910s]       |                      [01;31m[K~~~~~~~~~~~~~~~~~~[m[K 
[7.910s]   277 | [01;31m[K                     const M5ConstPtr&,[m[K
[7.910s]       |                      [01;31m[K~~~~~~~~~~~~~~~~~~[m[K 
[7.910s]   278 | [01;31m[K                     const M6ConstPtr&,[m[K
[7.910s]       |                      [01;31m[K~~~~~~~~~~~~~~~~~~[m[K 
[7.910s]   279 | [01;31m[K                     const M7ConstPtr&,[m[K
[7.910s]       |                      [01;31m[K~~~~~~~~~~~~~~~~~~[m[K 
[7.910s]   280 | [01;31m[K                     const M8ConstPtr&>(std::bind(callback, std::placeholders::_1, std::placeholders::_2, std::placeholders::_3, std::placeholders::_4, std::placeholders::_5, std::placeholders::_6, std::placeholders::_7, std::placeholders::_8, std::placeholders::_9))[m[K;
[7.910s]       |                      [01;31m[K~~~~~~~~~~~~~~~~~~^~~~~~~~~~~~~~~~~~~~~~~~~~~~~~~~~~~~~~~~~~~~~~~~~~~~~~~~~~~~~~~~~~~~~~~~~~~~~~~~~~~~~~~~~~~~~~~~~~~~~~~~~~~~~~~~~~~~~~~~~~~~~~~~~~~~~~~~~~~~~~~~~~~~~~~~~~~~~~~~~~~~~~~~~~~~~~~~~~~~~~~~~~~~~~~~~~~~~~~~~~~~~~~~~~~~~~~~~~~~~~~~~~~~[m[K
[7.910s] [01m[K/opt/ros/jazzy/include/message_filters/message_filters/signal9.h:204:14:[m[K [01;36m[Knote: [m[Kprovided for ‘[01m[Ktemplate<class P0, class P1, class P2, class P3, class P4, class P5> message_filters::Connection message_filters::Signal9<M0, M1, M2, M3, M4, M5, M6, M7, M8>::[01;32m[KaddCallback[m[K(void (*)(P0, P1, P2, P3, P4, P5)) [35m[K[with P1 = P0; P2 = P1; P3 = P2; P4 = P3; P5 = P4; M0 = sensor_msgs::msg::Image_<std::allocator<void> >; M1 = sensor_msgs::msg::Image_<std::allocator<void> >; M2 = sensor_msgs::msg::CameraInfo_<std::allocator<void> >; M3 = nav_msgs::msg::Odometry_<std::allocator<void> >; M4 = message_filters::NullType; M5 = message_filters::NullType; M6 = message_filters::NullType; M7 = message_filters::NullType; M8 = message_filters::NullType][m[K[m[K’
[7.911s]   204 |   Connection [01;36m[KaddCallback[m[K(void(*callback)(P0, P1, P2, P3, P4, P5))
[7.911s]       |              [01;36m[K^~~~~~~~~~~[m[K
[7.911s] [01m[K/opt/ros/jazzy/include/message_filters/message_filters/signal9.h:210:14:[m[K [01;36m[Knote: [m[Kcandidate: ‘[01m[Ktemplate<class P0, class P1, class P2, class P3, class P4, class P5, class P6> message_filters::Connection message_filters::Signal9<M0, M1, M2, M3, M4, M5, M6, M7, M8>::[01;32m[KaddCallback[m[K(void (*)(P0, P1, P2, P3, P4, P5, P6)) [35m[K[with P1 = P0; P2 = P1; P3 = P2; P4 = P3; P5 = P4; P6 = P5; M0 = sensor_msgs::msg::Image_<std::allocator<void> >; M1 = sensor_msgs::msg::Image_<std::allocator<void> >; M2 = sensor_msgs::msg::CameraInfo_<std::allocator<void> >; M3 = nav_msgs::msg::Odometry_<std::allocator<void> >; M4 = message_filters::NullType; M5 = message_filters::NullType; M6 = message_filters::NullType; M7 = message_filters::NullType; M8 = message_filters::NullType][m[K[m[K’
[7.911s]   210 |   Connection [01;36m[KaddCallback[m[K(void(*callback)(P0, P1, P2, P3, P4, P5, P6))
[7.911s]       |              [01;36m[K^~~~~~~~~~~[m[K
[7.911s] [01m[K/opt/ros/jazzy/include/message_filters/message_filters/signal9.h:210:14:[m[K [01;36m[Knote: [m[K  template argument deduction/substitution failed:
[7.911s] [01m[K/opt/ros/jazzy/include/message_filters/message_filters/signal9.h:280:40:[m[K [01;31m[Kerror: [m[Kwrong number of template arguments (9, should be 7)
[7.911s]   272 |     return [01;31m[KaddCallback<const M0ConstPtr&,[m[K
[7.911s]       |            [01;31m[K~~~~~~~~~~~~~~~~~~~~~~~~~~~~~~[m[K
[7.911s]   273 | [01;31m[K                     const M1ConstPtr&,[m[K
[7.911s]       |                      [01;31m[K~~~~~~~~~~~~~~~~~~[m[K 
[7.911s]   274 | [01;31m[K                     const M2ConstPtr&,[m[K
[7.911s]       |                      [01;31m[K~~~~~~~~~~~~~~~~~~[m[K 
[7.911s]   275 | [01;31m[K                     const M3ConstPtr&,[m[K
[7.911s]       |                      [01;31m[K~~~~~~~~~~~~~~~~~~[m[K 
[7.911s]   276 | [01;31m[K                     const M4ConstPtr&,[m[K
[7.911s]       |                      [01;31m[K~~~~~~~~~~~~~~~~~~[m[K 
[7.911s]   277 | [01;31m[K                     const M5ConstPtr&,[m[K
[7.911s]       |                      [01;31m[K~~~~~~~~~~~~~~~~~~[m[K 
[7.911s]   278 | [01;31m[K                     const M6ConstPtr&,[m[K
[7.911s]       |                      [01;31m[K~~~~~~~~~~~~~~~~~~[m[K 
[7.911s]   279 | [01;31m[K                     const M7ConstPtr&,[m[K
[7.911s]       |                      [01;31m[K~~~~~~~~~~~~~~~~~~[m[K 
[7.911s]   280 | [01;31m[K                     const M8ConstPtr&>(std::bind(callback, std::placeholders::_1, std::placeholders::_2, std::placeholders::_3, std::placeholders::_4, std::placeholders::_5, std::placeholders::_6, std::placeholders::_7, std::placeholders::_8, std::placeholders::_9))[m[K;
[7.911s]       |                      [01;31m[K~~~~~~~~~~~~~~~~~~^~~~~~~~~~~~~~~~~~~~~~~~~~~~~~~~~~~~~~~~~~~~~~~~~~~~~~~~~~~~~~~~~~~~~~~~~~~~~~~~~~~~~~~~~~~~~~~~~~~~~~~~~~~~~~~~~~~~~~~~~~~~~~~~~~~~~~~~~~~~~~~~~~~~~~~~~~~~~~~~~~~~~~~~~~~~~~~~~~~~~~~~~~~~~~~~~~~~~~~~~~~~~~~~~~~~~~~~~~~~~~~~~~~~[m[K
[7.911s] [01m[K/opt/ros/jazzy/include/message_filters/message_filters/signal9.h:210:14:[m[K [01;36m[Knote: [m[Kprovided for ‘[01m[Ktemplate<class P0, class P1, class P2, class P3, class P4, class P5, class P6> message_filters::Connection message_filters::Signal9<M0, M1, M2, M3, M4, M5, M6, M7, M8>::[01;32m[KaddCallback[m[K(void (*)(P0, P1, P2, P3, P4, P5, P6)) [35m[K[with P1 = P0; P2 = P1; P3 = P2; P4 = P3; P5 = P4; P6 = P5; M0 = sensor_msgs::msg::Image_<std::allocator<void> >; M1 = sensor_msgs::msg::Image_<std::allocator<void> >; M2 = sensor_msgs::msg::CameraInfo_<std::allocator<void> >; M3 = nav_msgs::msg::Odometry_<std::allocator<void> >; M4 = message_filters::NullType; M5 = message_filters::NullType; M6 = message_filters::NullType; M7 = message_filters::NullType; M8 = message_filters::NullType][m[K[m[K’
[7.911s]   210 |   Connection [01;36m[KaddCallback[m[K(void(*callback)(P0, P1, P2, P3, P4, P5, P6))
[7.911s]       |              [01;36m[K^~~~~~~~~~~[m[K
[7.911s] [01m[K/opt/ros/jazzy/include/message_filters/message_filters/signal9.h:216:14:[m[K [01;36m[Knote: [m[Kcandidate: ‘[01m[Ktemplate<class P0, class P1, class P2, class P3, class P4, class P5, class P6, class P7> message_filters::Connection message_filters::Signal9<M0, M1, M2, M3, M4, M5, M6, M7, M8>::[01;32m[KaddCallback[m[K(void (*)(P0, P1, P2, P3, P4, P5, P6, P7)) [35m[K[with P1 = P0; P2 = P1; P3 = P2; P4 = P3; P5 = P4; P6 = P5; P7 = P6; M0 = sensor_msgs::msg::Image_<std::allocator<void> >; M1 = sensor_msgs::msg::Image_<std::allocator<void> >; M2 = sensor_msgs::msg::CameraInfo_<std::allocator<void> >; M3 = nav_msgs::msg::Odometry_<std::allocator<void> >; M4 = message_filters::NullType; M5 = message_filters::NullType; M6 = message_filters::NullType; M7 = message_filters::NullType; M8 = message_filters::NullType][m[K[m[K’
[7.911s]   216 |   Connection [01;36m[KaddCallback[m[K(void(*callback)(P0, P1, P2, P3, P4, P5, P6, P7))
[7.911s]       |              [01;36m[K^~~~~~~~~~~[m[K
[7.912s] [01m[K/opt/ros/jazzy/include/message_filters/message_filters/signal9.h:216:14:[m[K [01;36m[Knote: [m[K  template argument deduction/substitution failed:
[7.912s] [01m[K/opt/ros/jazzy/include/message_filters/message_filters/signal9.h:280:40:[m[K [01;31m[Kerror: [m[Kwrong number of template arguments (9, should be 8)
[7.912s]   272 |     return [01;31m[KaddCallback<const M0ConstPtr&,[m[K
[7.912s]       |            [01;31m[K~~~~~~~~~~~~~~~~~~~~~~~~~~~~~~[m[K
[7.912s]   273 | [01;31m[K                     const M1ConstPtr&,[m[K
[7.912s]       |                      [01;31m[K~~~~~~~~~~~~~~~~~~[m[K 
[7.912s]   274 | [01;31m[K                     const M2ConstPtr&,[m[K
[7.912s]       |                      [01;31m[K~~~~~~~~~~~~~~~~~~[m[K 
[7.912s]   275 | [01;31m[K                     const M3ConstPtr&,[m[K
[7.912s]       |                      [01;31m[K~~~~~~~~~~~~~~~~~~[m[K 
[7.912s]   276 | [01;31m[K                     const M4ConstPtr&,[m[K
[7.912s]       |                      [01;31m[K~~~~~~~~~~~~~~~~~~[m[K 
[7.912s]   277 | [01;31m[K                     const M5ConstPtr&,[m[K
[7.912s]       |                      [01;31m[K~~~~~~~~~~~~~~~~~~[m[K 
[7.912s]   278 | [01;31m[K                     const M6ConstPtr&,[m[K
[7.912s]       |                      [01;31m[K~~~~~~~~~~~~~~~~~~[m[K 
[7.912s]   279 | [01;31m[K                     const M7ConstPtr&,[m[K
[7.912s]       |                      [01;31m[K~~~~~~~~~~~~~~~~~~[m[K 
[7.912s]   280 | [01;31m[K                     const M8ConstPtr&>(std::bind(callback, std::placeholders::_1, std::placeholders::_2, std::placeholders::_3, std::placeholders::_4, std::placeholders::_5, std::placeholders::_6, std::placeholders::_7, std::placeholders::_8, std::placeholders::_9))[m[K;
[7.912s]       |                      [01;31m[K~~~~~~~~~~~~~~~~~~^~~~~~~~~~~~~~~~~~~~~~~~~~~~~~~~~~~~~~~~~~~~~~~~~~~~~~~~~~~~~~~~~~~~~~~~~~~~~~~~~~~~~~~~~~~~~~~~~~~~~~~~~~~~~~~~~~~~~~~~~~~~~~~~~~~~~~~~~~~~~~~~~~~~~~~~~~~~~~~~~~~~~~~~~~~~~~~~~~~~~~~~~~~~~~~~~~~~~~~~~~~~~~~~~~~~~~~~~~~~~~~~~~~~[m[K
[7.912s] [01m[K/opt/ros/jazzy/include/message_filters/message_filters/signal9.h:216:14:[m[K [01;36m[Knote: [m[Kprovided for ‘[01m[Ktemplate<class P0, class P1, class P2, class P3, class P4, class P5, class P6, class P7> message_filters::Connection message_filters::Signal9<M0, M1, M2, M3, M4, M5, M6, M7, M8>::[01;32m[KaddCallback[m[K(void (*)(P0, P1, P2, P3, P4, P5, P6, P7)) [35m[K[with P1 = P0; P2 = P1; P3 = P2; P4 = P3; P5 = P4; P6 = P5; P7 = P6; M0 = sensor_msgs::msg::Image_<std::allocator<void> >; M1 = sensor_msgs::msg::Image_<std::allocator<void> >; M2 = sensor_msgs::msg::CameraInfo_<std::allocator<void> >; M3 = nav_msgs::msg::Odometry_<std::allocator<void> >; M4 = message_filters::NullType; M5 = message_filters::NullType; M6 = message_filters::NullType; M7 = message_filters::NullType; M8 = message_filters::NullType][m[K[m[K’
[7.912s]   216 |   Connection [01;36m[KaddCallback[m[K(void(*callback)(P0, P1, P2, P3, P4, P5, P6, P7))
[7.912s]       |              [01;36m[K^~~~~~~~~~~[m[K
[7.912s] [01m[K/opt/ros/jazzy/include/message_filters/message_filters/signal9.h:222:14:[m[K [01;36m[Knote: [m[Kcandidate: ‘[01m[Kmessage_filters::Connection message_filters::Signal9<M0, M1, M2, M3, M4, M5, M6, M7, M8>::[01;32m[KaddCallback[m[K(void (*)(P0, P1, P2, P3, P4, P5, P6, P7, P8)) [35m[K[with P0 = const std::shared_ptr<const sensor_msgs::msg::Image_<std::allocator<void> > >&; P1 = const std::shared_ptr<const sensor_msgs::msg::Image_<std::allocator<void> > >&; P2 = const std::shared_ptr<const sensor_msgs::msg::CameraInfo_<std::allocator<void> > >&; P3 = const std::shared_ptr<const nav_msgs::msg::Odometry_<std::allocator<void> > >&; P4 = const std::shared_ptr<const message_filters::NullType>&; P5 = const std::shared_ptr<const message_filters::NullType>&; P6 = const std::shared_ptr<const message_filters::NullType>&; P7 = const std::shared_ptr<const message_filters::NullType>&; P8 = const std::shared_ptr<const message_filters::NullType>&; M0 = sensor_msgs::msg::Image_<std::allocator<void> >; M1 = sensor_msgs::msg::Image_<std::allocator<void> >; M2 = sensor_msgs::msg::CameraInfo_<std::allocator<void> >; M3 = nav_msgs::msg::Odometry_<std::allocator<void> >; M4 = message_filters::NullType; M5 = message_filters::NullType; M6 = message_filters::NullType; M7 = message_filters::NullType; M8 = message_filters::NullType][m[K[m[K’
[7.912s]   222 |   Connection [01;36m[KaddCallback[m[K(void(*callback)(P0, P1, P2, P3, P4, P5, P6, P7, P8))
[7.912s]       |              [01;36m[K^~~~~~~~~~~[m[K
[7.912s] [01m[K/opt/ros/jazzy/include/message_filters/message_filters/signal9.h:222:32:[m[K [01;36m[Knote: [m[K  no known conversion for argument 1 from ‘[01m[Kstd::_Bind_helper<false, const std::_Bind<void (semanticSfm::*(semanticSfm*, std::_Placeholder<1>, std::_Placeholder<2>, std::_Placeholder<3>, std::_Placeholder<4>))(std::shared_ptr<sensor_msgs::msg::Image_<std::allocator<void> > >, std::shared_ptr<sensor_msgs::msg::Image_<std::allocator<void> > >, std::shared_ptr<sensor_msgs::msg::CameraInfo_<std::allocator<void> > >, std::shared_ptr<nav_msgs::msg::Odometry_<std::allocator<void> > >)>&, const std::_Placeholder<1>&, const std::_Placeholder<2>&, const std::_Placeholder<3>&, const std::_Placeholder<4>&, const std::_Placeholder<5>&, const std::_Placeholder<6>&, const std::_Placeholder<7>&, const std::_Placeholder<8>&, const std::_Placeholder<9>&>::type[m[K’ to ‘[01m[Kvoid (*)(const std::shared_ptr<const sensor_msgs::msg::Image_<std::allocator<void> > >&, const std::shared_ptr<const sensor_msgs::msg::Image_<std::allocator<void> > >&, const std::shared_ptr<const sensor_msgs::msg::CameraInfo_<std::allocator<void> > >&, const std::shared_ptr<const nav_msgs::msg::Odometry_<std::allocator<void> > >&, const std::shared_ptr<const message_filters::NullType>&, const std::shared_ptr<const message_filters::NullType>&, const std::shared_ptr<const message_filters::NullType>&, const std::shared_ptr<const message_filters::NullType>&, const std::shared_ptr<const message_filters::NullType>&)[m[K’
[7.912s]   222 |   Connection addCallback([01;36m[Kvoid(*callback)(P0, P1, P2, P3, P4, P5, P6, P7, P8)[m[K)
[7.912s]       |                          [01;36m[K~~~~~~^~~~~~~~~~~~~~~~~~~~~~~~~~~~~~~~~~~~~~~~~~~~~[m[K
[7.912s] [01m[K/opt/ros/jazzy/include/message_filters/message_filters/signal9.h:228:14:[m[K [01;36m[Knote: [m[Kcandidate: ‘[01m[Ktemplate<class T, class P0, class P1> message_filters::Connection message_filters::Signal9<M0, M1, M2, M3, M4, M5, M6, M7, M8>::[01;32m[KaddCallback[m[K(void (T::*)(P0, P1), T*) [35m[K[with P0 = T; P1 = P0; M0 = sensor_msgs::msg::Image_<std::allocator<void> >; M1 = sensor_msgs::msg::Image_<std::allocator<void> >; M2 = sensor_msgs::msg::CameraInfo_<std::allocator<void> >; M3 = nav_msgs::msg::Odometry_<std::allocator<void> >; M4 = message_filters::NullType; M5 = message_filters::NullType; M6 = message_filters::NullType; M7 = message_filters::NullType; M8 = message_filters::NullType][m[K[m[K’
[7.912s]   228 |   Connection [01;36m[KaddCallback[m[K(void(T::*callback)(P0, P1), T* t)
[7.913s]       |              [01;36m[K^~~~~~~~~~~[m[K
[7.913s] [01m[K/opt/ros/jazzy/include/message_filters/message_filters/signal9.h:228:14:[m[K [01;36m[Knote: [m[K  candidate expects 2 arguments, 1 provided
[7.913s] [01m[K/opt/ros/jazzy/include/message_filters/message_filters/signal9.h:234:14:[m[K [01;36m[Knote: [m[Kcandidate: ‘[01m[Ktemplate<class T, class P0, class P1, class P2> message_filters::Connection message_filters::Signal9<M0, M1, M2, M3, M4, M5, M6, M7, M8>::[01;32m[KaddCallback[m[K(void (T::*)(P0, P1, P2), T*) [35m[K[with P0 = T; P1 = P0; P2 = P1; M0 = sensor_msgs::msg::Image_<std::allocator<void> >; M1 = sensor_msgs::msg::Image_<std::allocator<void> >; M2 = sensor_msgs::msg::CameraInfo_<std::allocator<void> >; M3 = nav_msgs::msg::Odometry_<std::allocator<void> >; M4 = message_filters::NullType; M5 = message_filters::NullType; M6 = message_filters::NullType; M7 = message_filters::NullType; M8 = message_filters::NullType][m[K[m[K’
[7.913s]   234 |   Connection [01;36m[KaddCallback[m[K(void(T::*callback)(P0, P1, P2), T* t)
[7.913s]       |              [01;36m[K^~~~~~~~~~~[m[K
[7.913s] [01m[K/opt/ros/jazzy/include/message_filters/message_filters/signal9.h:234:14:[m[K [01;36m[Knote: [m[K  candidate expects 2 arguments, 1 provided
[7.913s] [01m[K/opt/ros/jazzy/include/message_filters/message_filters/signal9.h:240:14:[m[K [01;36m[Knote: [m[Kcandidate: ‘[01m[Ktemplate<class T, class P0, class P1, class P2, class P3> message_filters::Connection message_filters::Signal9<M0, M1, M2, M3, M4, M5, M6, M7, M8>::[01;32m[KaddCallback[m[K(void (T::*)(P0, P1, P2, P3), T*) [35m[K[with P0 = T; P1 = P0; P2 = P1; P3 = P2; M0 = sensor_msgs::msg::Image_<std::allocator<void> >; M1 = sensor_msgs::msg::Image_<std::allocator<void> >; M2 = sensor_msgs::msg::CameraInfo_<std::allocator<void> >; M3 = nav_msgs::msg::Odometry_<std::allocator<void> >; M4 = message_filters::NullType; M5 = message_filters::NullType; M6 = message_filters::NullType; M7 = message_filters::NullType; M8 = message_filters::NullType][m[K[m[K’
[7.913s]   240 |   Connection [01;36m[KaddCallback[m[K(void(T::*callback)(P0, P1, P2, P3), T* t)
[7.913s]       |              [01;36m[K^~~~~~~~~~~[m[K
[7.913s] [01m[K/opt/ros/jazzy/include/message_filters/message_filters/signal9.h:240:14:[m[K [01;36m[Knote: [m[K  candidate expects 2 arguments, 1 provided
[7.913s] [01m[K/opt/ros/jazzy/include/message_filters/message_filters/signal9.h:246:14:[m[K [01;36m[Knote: [m[Kcandidate: ‘[01m[Ktemplate<class T, class P0, class P1, class P2, class P3, class P4> message_filters::Connection message_filters::Signal9<M0, M1, M2, M3, M4, M5, M6, M7, M8>::[01;32m[KaddCallback[m[K(void (T::*)(P0, P1, P2, P3, P4), T*) [35m[K[with P0 = T; P1 = P0; P2 = P1; P3 = P2; P4 = P3; M0 = sensor_msgs::msg::Image_<std::allocator<void> >; M1 = sensor_msgs::msg::Image_<std::allocator<void> >; M2 = sensor_msgs::msg::CameraInfo_<std::allocator<void> >; M3 = nav_msgs::msg::Odometry_<std::allocator<void> >; M4 = message_filters::NullType; M5 = message_filters::NullType; M6 = message_filters::NullType; M7 = message_filters::NullType; M8 = message_filters::NullType][m[K[m[K’
[7.913s]   246 |   Connection [01;36m[KaddCallback[m[K(void(T::*callback)(P0, P1, P2, P3, P4), T* t)
[7.913s]       |              [01;36m[K^~~~~~~~~~~[m[K
[7.913s] [01m[K/opt/ros/jazzy/include/message_filters/message_filters/signal9.h:246:14:[m[K [01;36m[Knote: [m[K  candidate expects 2 arguments, 1 provided
[7.913s] [01m[K/opt/ros/jazzy/include/message_filters/message_filters/signal9.h:252:14:[m[K [01;36m[Knote: [m[Kcandidate: ‘[01m[Ktemplate<class T, class P0, class P1, class P2, class P3, class P4, class P5> message_filters::Connection message_filters::Signal9<M0, M1, M2, M3, M4, M5, M6, M7, M8>::[01;32m[KaddCallback[m[K(void (T::*)(P0, P1, P2, P3, P4, P5), T*) [35m[K[with P0 = T; P1 = P0; P2 = P1; P3 = P2; P4 = P3; P5 = P4; M0 = sensor_msgs::msg::Image_<std::allocator<void> >; M1 = sensor_msgs::msg::Image_<std::allocator<void> >; M2 = sensor_msgs::msg::CameraInfo_<std::allocator<void> >; M3 = nav_msgs::msg::Odometry_<std::allocator<void> >; M4 = message_filters::NullType; M5 = message_filters::NullType; M6 = message_filters::NullType; M7 = message_filters::NullType; M8 = message_filters::NullType][m[K[m[K’
[7.913s]   252 |   Connection [01;36m[KaddCallback[m[K(void(T::*callback)(P0, P1, P2, P3, P4, P5), T* t)
[7.913s]       |              [01;36m[K^~~~~~~~~~~[m[K
[7.913s] [01m[K/opt/ros/jazzy/include/message_filters/message_filters/signal9.h:252:14:[m[K [01;36m[Knote: [m[K  candidate expects 2 arguments, 1 provided
[7.913s] [01m[K/opt/ros/jazzy/include/message_filters/message_filters/signal9.h:258:14:[m[K [01;36m[Knote: [m[Kcandidate: ‘[01m[Ktemplate<class T, class P0, class P1, class P2, class P3, class P4, class P5, class P6> message_filters::Connection message_filters::Signal9<M0, M1, M2, M3, M4, M5, M6, M7, M8>::[01;32m[KaddCallback[m[K(void (T::*)(P0, P1, P2, P3, P4, P5, P6), T*) [35m[K[with P0 = T; P1 = P0; P2 = P1; P3 = P2; P4 = P3; P5 = P4; P6 = P5; M0 = sensor_msgs::msg::Image_<std::allocator<void> >; M1 = sensor_msgs::msg::Image_<std::allocator<void> >; M2 = sensor_msgs::msg::CameraInfo_<std::allocator<void> >; M3 = nav_msgs::msg::Odometry_<std::allocator<void> >; M4 = message_filters::NullType; M5 = message_filters::NullType; M6 = message_filters::NullType; M7 = message_filters::NullType; M8 = message_filters::NullType][m[K[m[K’
[7.913s]   258 |   Connection [01;36m[KaddCallback[m[K(void(T::*callback)(P0, P1, P2, P3, P4, P5, P6), T* t)
[7.913s]       |              [01;36m[K^~~~~~~~~~~[m[K
[7.913s] [01m[K/opt/ros/jazzy/include/message_filters/message_filters/signal9.h:258:14:[m[K [01;36m[Knote: [m[K  candidate expects 2 arguments, 1 provided
[7.913s] [01m[K/opt/ros/jazzy/include/message_filters/message_filters/signal9.h:264:14:[m[K [01;36m[Knote: [m[Kcandidate: ‘[01m[Ktemplate<class T, class P0, class P1, class P2, class P3, class P4, class P5, class P6, class P7> message_filters::Connection message_filters::Signal9<M0, M1, M2, M3, M4, M5, M6, M7, M8>::[01;32m[KaddCallback[m[K(void (T::*)(P0, P1, P2, P3, P4, P5, P6, P7), T*) [35m[K[with P0 = T; P1 = P0; P2 = P1; P3 = P2; P4 = P3; P5 = P4; P6 = P5; P7 = P6; M0 = sensor_msgs::msg::Image_<std::allocator<void> >; M1 = sensor_msgs::msg::Image_<std::allocator<void> >; M2 = sensor_msgs::msg::CameraInfo_<std::allocator<void> >; M3 = nav_msgs::msg::Odometry_<std::allocator<void> >; M4 = message_filters::NullType; M5 = message_filters::NullType; M6 = message_filters::NullType; M7 = message_filters::NullType; M8 = message_filters::NullType][m[K[m[K’
[7.913s]   264 |   Connection [01;36m[KaddCallback[m[K(void(T::*callback)(P0, P1, P2, P3, P4, P5, P6, P7), T* t)
[7.913s]       |              [01;36m[K^~~~~~~~~~~[m[K
[7.913s] [01m[K/opt/ros/jazzy/include/message_filters/message_filters/signal9.h:264:14:[m[K [01;36m[Knote: [m[K  candidate expects 2 arguments, 1 provided
[7.913s] [01m[K/opt/ros/jazzy/include/message_filters/message_filters/signal9.h:270:14:[m[K [01;36m[Knote: [m[Kcandidate: ‘[01m[Ktemplate<class C> message_filters::Connection message_filters::Signal9<M0, M1, M2, M3, M4, M5, M6, M7, M8>::[01;32m[KaddCallback[m[K(C&) [35m[K[with M0 = sensor_msgs::msg::Image_<std::allocator<void> >; M1 = sensor_msgs::msg::Image_<std::allocator<void> >; M2 = sensor_msgs::msg::CameraInfo_<std::allocator<void> >; M3 = nav_msgs::msg::Odometry_<std::allocator<void> >; M4 = message_filters::NullType; M5 = message_filters::NullType; M6 = message_filters::NullType; M7 = message_filters::NullType; M8 = message_filters::NullType][m[K[m[K’
[7.913s]   270 |   Connection [01;36m[KaddCallback[m[K( C& callback)
[7.913s]       |              [01;36m[K^~~~~~~~~~~[m[K
[7.913s] [01m[K/opt/ros/jazzy/include/message_filters/message_filters/signal9.h:270:14:[m[K [01;36m[Knote: [m[K  template argument deduction/substitution failed:
[7.914s] [01m[K/opt/ros/jazzy/include/message_filters/message_filters/signal9.h:280:40:[m[K [01;31m[Kerror: [m[Kwrong number of template arguments (9, should be 1)
[7.914s]   272 |     return [01;31m[KaddCallback<const M0ConstPtr&,[m[K
[7.914s]       |            [01;31m[K~~~~~~~~~~~~~~~~~~~~~~~~~~~~~~[m[K
[7.914s]   273 | [01;31m[K                     const M1ConstPtr&,[m[K
[7.914s]       |                      [01;31m[K~~~~~~~~~~~~~~~~~~[m[K 
[7.914s]   274 | [01;31m[K                     const M2ConstPtr&,[m[K
[7.914s]       |                      [01;31m[K~~~~~~~~~~~~~~~~~~[m[K 
[7.914s]   275 | [01;31m[K                     const M3ConstPtr&,[m[K
[7.914s]       |                      [01;31m[K~~~~~~~~~~~~~~~~~~[m[K 
[7.914s]   276 | [01;31m[K                     const M4ConstPtr&,[m[K
[7.914s]       |                      [01;31m[K~~~~~~~~~~~~~~~~~~[m[K 
[7.914s]   277 | [01;31m[K                     const M5ConstPtr&,[m[K
[7.914s]       |                      [01;31m[K~~~~~~~~~~~~~~~~~~[m[K 
[7.914s]   278 | [01;31m[K                     const M6ConstPtr&,[m[K
[7.914s]       |                      [01;31m[K~~~~~~~~~~~~~~~~~~[m[K 
[7.914s]   279 | [01;31m[K                     const M7ConstPtr&,[m[K
[7.914s]       |                      [01;31m[K~~~~~~~~~~~~~~~~~~[m[K 
[7.914s]   280 | [01;31m[K                     const M8ConstPtr&>(std::bind(callback, std::placeholders::_1, std::placeholders::_2, std::placeholders::_3, std::placeholders::_4, std::placeholders::_5, std::placeholders::_6, std::placeholders::_7, std::placeholders::_8, std::placeholders::_9))[m[K;
[7.914s]       |                      [01;31m[K~~~~~~~~~~~~~~~~~~^~~~~~~~~~~~~~~~~~~~~~~~~~~~~~~~~~~~~~~~~~~~~~~~~~~~~~~~~~~~~~~~~~~~~~~~~~~~~~~~~~~~~~~~~~~~~~~~~~~~~~~~~~~~~~~~~~~~~~~~~~~~~~~~~~~~~~~~~~~~~~~~~~~~~~~~~~~~~~~~~~~~~~~~~~~~~~~~~~~~~~~~~~~~~~~~~~~~~~~~~~~~~~~~~~~~~~~~~~~~~~~~~~~~[m[K
[7.914s] [01m[K/opt/ros/jazzy/include/message_filters/message_filters/signal9.h:270:14:[m[K [01;36m[Knote: [m[Kprovided for ‘[01m[Ktemplate<class C> message_filters::Connection message_filters::Signal9<M0, M1, M2, M3, M4, M5, M6, M7, M8>::[01;32m[KaddCallback[m[K(C&) [35m[K[with M0 = sensor_msgs::msg::Image_<std::allocator<void> >; M1 = sensor_msgs::msg::Image_<std::allocator<void> >; M2 = sensor_msgs::msg::CameraInfo_<std::allocator<void> >; M3 = nav_msgs::msg::Odometry_<std::allocator<void> >; M4 = message_filters::NullType; M5 = message_filters::NullType; M6 = message_filters::NullType; M7 = message_filters::NullType; M8 = message_filters::NullType][m[K[m[K’
[7.914s]   270 |   Connection [01;36m[KaddCallback[m[K( C& callback)
[7.914s]       |              [01;36m[K^~~~~~~~~~~[m[K
[11.634s] gmake[2]: *** [CMakeFiles/sfm.dir/build.make:76: CMakeFiles/sfm.dir/src/sfm.cpp.o] Error 1
[11.634s] gmake[1]: *** [CMakeFiles/Makefile2:644: CMakeFiles/sfm.dir/all] Error 2
[11.635s] gmake: *** [Makefile:146: all] Error 2
[11.637s] Invoked command in '/home/elioowo/ros_sfm/sfm_ros2/build/sfm_ros2' returned '2': CMAKE_PREFIX_PATH=${CMAKE_PREFIX_PATH}:/opt/ros/jazzy DEBUGINFOD_URLS=https://debuginfod.ubuntu.com /usr/bin/cmake --build /home/elioowo/ros_sfm/sfm_ros2/build/sfm_ros2 -- -j32 -l32
