[0.006s] Invoking command in '/home/elioowo/ros_sfm/sfm_ros2/build/sfm_ros2': CMAKE_PREFIX_PATH=${CMAKE_PREFIX_PATH}:/opt/ros/jazzy DEBUGINFOD_URLS=https://debuginfod.ubuntu.com /usr/bin/cmake --build /home/elioowo/ros_sfm/sfm_ros2/build/sfm_ros2 -- -j32 -l32
[0.042s] [  2%] Built target sfm_ros2__rosidl_generator_type_description
[0.043s] [  4%] Built target sfm_ros2__rs
[0.048s] [  4%] Built target ament_cmake_python_copy_sfm_ros2
[0.056s] [  6%] Built target sfm_ros2__cpp
[0.057s] [ 23%] Built target sfm_ros2__rosidl_generator_c
[0.071s] [ 48%] Built target sfm_ros2__rosidl_typesupport_fastrtps_c
[0.071s] [ 48%] Built target sfm_ros2__rosidl_typesupport_introspection_c
[0.071s] [ 48%] Built target sfm_ros2__rosidl_typesupport_c
[0.071s] [ 57%] Built target sfm_ros2__rosidl_typesupport_fastrtps_cpp
[0.071s] [ 70%] Built target sfm_ros2__rosidl_typesupport_introspection_cpp
[0.071s] [ 74%] Built target sfm_ros2__rosidl_typesupport_cpp
[0.083s] [ 74%] Built target sfm_ros2
[0.095s] [ 76%] Built target sfm_ros2__py
[0.105s] [ 78%] [32mBuilding CXX object CMakeFiles/sfm.dir/src/sfm.cpp.o[0m
[0.109s] [ 85%] Built target sfm_ros2__rosidl_generator_py
[0.123s] [ 89%] Built target sfm_ros2_s__rosidl_typesupport_fastrtps_c
[0.123s] [ 93%] Built target sfm_ros2_s__rosidl_typesupport_introspection_c
[0.123s] [ 97%] Built target sfm_ros2_s__rosidl_typesupport_c
[0.191s] running egg_info
[0.204s] writing sfm_ros2.egg-info/PKG-INFO
[0.204s] writing dependency_links to sfm_ros2.egg-info/dependency_links.txt
[0.204s] writing top-level names to sfm_ros2.egg-info/top_level.txt
[0.243s] reading manifest file 'sfm_ros2.egg-info/SOURCES.txt'
[0.243s] writing manifest file 'sfm_ros2.egg-info/SOURCES.txt'
[0.260s] [ 97%] Built target ament_cmake_python_build_sfm_ros2_egg
[4.472s] [01m[K/home/elioowo/ros_sfm/sfm_ros2/src/sfm.cpp:4:1:[m[K [01;31m[Kerror: [m[Kno declaration matches ‘[01m[KsemanticSfm::[01;32m[KsemanticSfm[m[K(rclcpp::Node::SharedPtr)[m[K’
[4.472s]     4 | [01;31m[KsemanticSfm[m[K::semanticSfm(rclcpp::Node::SharedPtr node)
[4.472s]       | [01;31m[K^~~~~~~~~~~[m[K
[4.472s] In file included from [01m[K/home/elioowo/ros_sfm/sfm_ros2/src/sfm.cpp:1[m[K:
[4.472s] [01m[K/home/elioowo/ros_sfm/sfm_ros2/include/sfm/sfm.h:44:7:[m[K [01;36m[Knote: [m[Kcandidates are: ‘[01m[KsemanticSfm::[01;32m[KsemanticSfm[m[K(const semanticSfm&)[m[K’
[4.472s]    44 | class [01;36m[KsemanticSfm[m[K
[4.472s]       |       [01;36m[K^~~~~~~~~~~[m[K
[4.472s] [01m[K/home/elioowo/ros_sfm/sfm_ros2/include/sfm/sfm.h:95:5:[m[K [01;36m[Knote: [m[K                ‘[01m[KsemanticSfm::[01;32m[KsemanticSfm[m[K(rclcpp::Node::ConstSharedPtr&)[m[K’
[4.472s]    95 |     [01;36m[KsemanticSfm[m[K(rclcpp::Node::ConstSharedPtr& node);
[4.472s]       |     [01;36m[K^~~~~~~~~~~[m[K
[4.473s] [01m[K/home/elioowo/ros_sfm/sfm_ros2/include/sfm/sfm.h:44:7:[m[K [01;36m[Knote: [m[K‘[01m[Kclass semanticSfm[m[K’ defined here
[4.473s]    44 | class [01;36m[KsemanticSfm[m[K
[4.473s]       |       [01;36m[K^~~~~~~~~~~[m[K
[4.475s] [01m[K/home/elioowo/ros_sfm/sfm_ros2/src/sfm.cpp:88:33:[m[K [01;31m[Kerror: [m[Kno declaration matches ‘[01m[Kgeometry_msgs::msg::PoseStamped semanticSfm::[01;32m[KnavToGeoStampMsg_[m[K(nav_msgs::msg::Odometry_<std::allocator<void> >::SharedPtr)[m[K’
[4.475s]    88 | geometry_msgs::msg::PoseStamped [01;31m[KsemanticSfm[m[K::navToGeoStampMsg_(const nav_msgs::msg::Odometry::SharedPtr cameraExtrensics)
[4.475s]       |                                 [01;31m[K^~~~~~~~~~~[m[K
[4.475s] [01m[K/home/elioowo/ros_sfm/sfm_ros2/include/sfm/sfm.h:87:37:[m[K [01;36m[Knote: [m[Kcandidate is: ‘[01m[Kgeometry_msgs::msg::PoseStamped semanticSfm::[01;32m[KnavToGeoStampMsg_[m[K(const nav_msgs::msg::Odometry_<std::allocator<void> >::ConstSharedPtr&)[m[K’
[4.475s]    87 |     geometry_msgs::msg::PoseStamped [01;36m[KnavToGeoStampMsg_[m[K(
[4.475s]       |                                     [01;36m[K^~~~~~~~~~~~~~~~~[m[K
[4.475s] [01m[K/home/elioowo/ros_sfm/sfm_ros2/include/sfm/sfm.h:44:7:[m[K [01;36m[Knote: [m[K‘[01m[Kclass semanticSfm[m[K’ defined here
[4.475s]    44 | class [01;36m[KsemanticSfm[m[K
[4.475s]       |       [01;36m[K^~~~~~~~~~~[m[K
[4.479s] [01m[K/home/elioowo/ros_sfm/sfm_ros2/src/sfm.cpp:134:26:[m[K [01;31m[Kerror: [m[Kno declaration matches ‘[01m[Kgeometry_msgs::msg::Pose semanticSfm::[01;32m[KnavToGeoMsg_[m[K(nav_msgs::msg::Odometry_<std::allocator<void> >::SharedPtr)[m[K’
[4.479s]   134 | geometry_msgs::msg::Pose [01;31m[KsemanticSfm[m[K::navToGeoMsg_(const nav_msgs::msg::Odometry::SharedPtr cameraExtrensics)
[4.479s]       |                          [01;31m[K^~~~~~~~~~~[m[K
[4.479s] [01m[K/home/elioowo/ros_sfm/sfm_ros2/include/sfm/sfm.h:93:30:[m[K [01;36m[Knote: [m[Kcandidate is: ‘[01m[Kgeometry_msgs::msg::Pose semanticSfm::[01;32m[KnavToGeoMsg_[m[K(const nav_msgs::msg::Odometry_<std::allocator<void> >::ConstSharedPtr&)[m[K’
[4.479s]    93 |     geometry_msgs::msg::Pose [01;36m[KnavToGeoMsg_[m[K(const nav_msgs::msg::Odometry::ConstSharedPtr& cameraExtrensics);
[4.479s]       |                              [01;36m[K^~~~~~~~~~~~[m[K
[4.479s] [01m[K/home/elioowo/ros_sfm/sfm_ros2/include/sfm/sfm.h:44:7:[m[K [01;36m[Knote: [m[K‘[01m[Kclass semanticSfm[m[K’ defined here
[4.479s]    44 | class [01;36m[KsemanticSfm[m[K
[4.479s]       |       [01;36m[K^~~~~~~~~~~[m[K
[4.486s] [01m[K/home/elioowo/ros_sfm/sfm_ros2/src/sfm.cpp:[m[K In member function ‘[01m[Kvoid semanticSfm::[01;32m[KsfmCallBack_[m[K(const sensor_msgs::msg::Image_<std::allocator<void> >::ConstSharedPtr&, const sensor_msgs::msg::Image_<std::allocator<void> >::ConstSharedPtr&, const sensor_msgs::msg::CameraInfo_<std::allocator<void> >::ConstSharedPtr&, const nav_msgs::msg::Odometry_<std::allocator<void> >::ConstSharedPtr&)[m[K’:
[4.486s] [01m[K/home/elioowo/ros_sfm/sfm_ros2/src/sfm.cpp:206:29:[m[K [01;31m[Kerror: [m[Kno matching function for call to ‘[01m[Krclcpp::Publisher<sensor_msgs::msg::PointCloud2_<std::allocator<void> > >::publish(sensor_msgs::msg::PointCloud2&) const[m[K’
[4.486s]   206 |     [01;31m[Kthis->sfmCloud_->publish(finalCloud)[m[K;
[4.486s]       |     [01;31m[K~~~~~~~~~~~~~~~~~~~~~~~~^~~~~~~~~~~~[m[K
[4.486s] In file included from [01m[K/opt/ros/jazzy/include/rclcpp/rclcpp/topic_statistics/subscription_topic_statistics.hpp:31[m[K,
[4.486s]                  from [01m[K/opt/ros/jazzy/include/rclcpp/rclcpp/subscription.hpp:50[m[K,
[4.486s]                  from [01m[K/opt/ros/jazzy/include/rclcpp/rclcpp/any_executable.hpp:25[m[K,
[4.486s]                  from [01m[K/opt/ros/jazzy/include/rclcpp/rclcpp/memory_strategy.hpp:25[m[K,
[4.486s]                  from [01m[K/opt/ros/jazzy/include/rclcpp/rclcpp/memory_strategies.hpp:18[m[K,
[4.486s]                  from [01m[K/opt/ros/jazzy/include/rclcpp/rclcpp/executor_options.hpp:22[m[K,
[4.486s]                  from [01m[K/opt/ros/jazzy/include/rclcpp/rclcpp/executor.hpp:38[m[K,
[4.486s]                  from [01m[K/opt/ros/jazzy/include/rclcpp/rclcpp/executors/multi_threaded_executor.hpp:25[m[K,
[4.486s]                  from [01m[K/opt/ros/jazzy/include/rclcpp/rclcpp/executors.hpp:21[m[K,
[4.487s]                  from [01m[K/opt/ros/jazzy/include/rclcpp/rclcpp/rclcpp.hpp:172[m[K,
[4.487s]                  from [01m[K/home/elioowo/ros_sfm/sfm_ros2/include/sfm/sfm.h:5[m[K:
[4.487s] [01m[K/opt/ros/jazzy/include/rclcpp/rclcpp/publisher.hpp:414:3:[m[K [01;36m[Knote: [m[Kcandidate: ‘[01m[Kvoid rclcpp::Publisher<MessageT, AllocatorT>::[01;32m[Kpublish[m[K(rclcpp::LoanedMessage<typename rclcpp::TypeAdapter<MessageT>::ros_message_type, AllocatorT>&&) [35m[K[with MessageT = sensor_msgs::msg::PointCloud2_<std::allocator<void> >; AllocatorT = std::allocator<void>; typename rclcpp::TypeAdapter<MessageT>::ros_message_type = sensor_msgs::msg::PointCloud2_<std::allocator<void> >][m[K[m[K’
[4.487s]   414 |   [01;36m[Kpublish[m[K(rclcpp::LoanedMessage<ROSMessageType, AllocatorT> && loaned_msg)
[4.487s]       |   [01;36m[K^~~~~~~[m[K
[4.487s] [01m[K/opt/ros/jazzy/include/rclcpp/rclcpp/publisher.hpp:414:64:[m[K [01;36m[Knote: [m[K  no known conversion for argument 1 from ‘[01m[Ksensor_msgs::msg::PointCloud2[m[K’ {aka ‘[01m[Ksensor_msgs::msg::PointCloud2_<std::allocator<void> >[m[K’} to ‘[01m[Krclcpp::LoanedMessage<sensor_msgs::msg::PointCloud2_<std::allocator<void> >, std::allocator<void> >&&[m[K’
[4.487s]   414 |   publish([01;36m[Krclcpp::LoanedMessage<ROSMessageType, AllocatorT> && loaned_msg[m[K)
[4.487s]       |           [01;36m[K~~~~~~~~~~~~~~~~~~~~~~~~~~~~~~~~~~~~~~~~~~~~~~~~~~~~~^~~~~~~~~~[m[K
[4.487s] [01m[K/opt/ros/jazzy/include/rclcpp/rclcpp/publisher.hpp:400:3:[m[K [01;36m[Knote: [m[Kcandidate: ‘[01m[Kvoid rclcpp::Publisher<MessageT, AllocatorT>::[01;32m[Kpublish[m[K(const rclcpp::SerializedMessage&) [35m[K[with MessageT = sensor_msgs::msg::PointCloud2_<std::allocator<void> >; AllocatorT = std::allocator<void>][m[K[m[K’
[4.487s]   400 |   [01;36m[Kpublish[m[K(const SerializedMessage & serialized_msg)
[4.487s]       |   [01;36m[K^~~~~~~[m[K
[4.487s] [01m[K/opt/ros/jazzy/include/rclcpp/rclcpp/publisher.hpp:400:37:[m[K [01;36m[Knote: [m[K  no known conversion for argument 1 from ‘[01m[Ksensor_msgs::msg::PointCloud2[m[K’ {aka ‘[01m[Ksensor_msgs::msg::PointCloud2_<std::allocator<void> >[m[K’} to ‘[01m[Kconst rclcpp::SerializedMessage&[m[K’
[4.487s]   400 |   publish([01;36m[Kconst SerializedMessage & serialized_msg[m[K)
[4.487s]       |           [01;36m[K~~~~~~~~~~~~~~~~~~~~~~~~~~^~~~~~~~~~~~~~[m[K
[4.487s] [01m[K/opt/ros/jazzy/include/rclcpp/rclcpp/publisher.hpp:394:3:[m[K [01;36m[Knote: [m[Kcandidate: ‘[01m[Kvoid rclcpp::Publisher<MessageT, AllocatorT>::[01;32m[Kpublish[m[K(const rcl_serialized_message_t&) [35m[K[with MessageT = sensor_msgs::msg::PointCloud2_<std::allocator<void> >; AllocatorT = std::allocator<void>; rcl_serialized_message_t = rcutils_uint8_array_s][m[K[m[K’
[4.487s]   394 |   [01;36m[Kpublish[m[K(const rcl_serialized_message_t & serialized_msg)
[4.487s]       |   [01;36m[K^~~~~~~[m[K
[4.487s] [01m[K/opt/ros/jazzy/include/rclcpp/rclcpp/publisher.hpp:394:44:[m[K [01;36m[Knote: [m[K  no known conversion for argument 1 from ‘[01m[Ksensor_msgs::msg::PointCloud2[m[K’ {aka ‘[01m[Ksensor_msgs::msg::PointCloud2_<std::allocator<void> >[m[K’} to ‘[01m[Kconst rcl_serialized_message_t&[m[K’ {aka ‘[01m[Kconst rcutils_uint8_array_s&[m[K’}
[4.488s]   394 |   publish([01;36m[Kconst rcl_serialized_message_t & serialized_msg[m[K)
[4.488s]       |           [01;36m[K~~~~~~~~~~~~~~~~~~~~~~~~~~~~~~~~~^~~~~~~~~~~~~~[m[K
[4.488s] [01m[K/opt/ros/jazzy/include/rclcpp/rclcpp/publisher.hpp:376:3:[m[K [01;36m[Knote: [m[Kcandidate: ‘[01m[Ktemplate<class T> std::enable_if_t<(typename rclcpp::TypeAdapter<MessageT>::is_specialized::value && std::is_same<T, typename rclcpp::TypeAdapter<MessageT>::custom_type>::value)> rclcpp::Publisher<MessageT, AllocatorT>::[01;32m[Kpublish[m[K(const T&) [35m[K[with MessageT = sensor_msgs::msg::PointCloud2_<std::allocator<void> >; AllocatorT = std::allocator<void>][m[K[m[K’
[4.488s]   376 |   [01;36m[Kpublish[m[K(const T & msg)
[4.488s]       |   [01;36m[K^~~~~~~[m[K
[4.488s] [01m[K/opt/ros/jazzy/include/rclcpp/rclcpp/publisher.hpp:376:3:[m[K [01;36m[Knote: [m[K  template argument deduction/substitution failed:
[4.488s] In file included from [01m[K/usr/include/c++/13/bits/move.h:37[m[K,
[4.488s]                  from [01m[K/usr/include/c++/13/bits/new_allocator.h:36[m[K,
[4.488s]                  from [01m[K/usr/include/x86_64-linux-gnu/c++/13/bits/c++allocator.h:33[m[K,
[4.488s]                  from [01m[K/usr/include/c++/13/bits/allocator.h:46[m[K,
[4.488s]                  from [01m[K/usr/include/c++/13/memory:65[m[K,
[4.488s]                  from [01m[K/opt/ros/jazzy/include/rclcpp/rclcpp/rclcpp.hpp:169[m[K:
[4.488s] /usr/include/c++/13/type_traits: In substitution of ‘[01m[Ktemplate<bool _Cond, class _Tp> using std::enable_if_t = typename std::enable_if::type [35m[K[with bool _Cond = false; _Tp = void][m[K[m[K’:
[4.488s] [01m[K/opt/ros/jazzy/include/rclcpp/rclcpp/publisher.hpp:376:3:[m[K   required by substitution of ‘[01m[Ktemplate<class T> std::enable_if_t<(std::integral_constant<bool, false>::value && std::is_same<T, sensor_msgs::msg::PointCloud2_<std::allocator<void> > >::value), void> rclcpp::Publisher<sensor_msgs::msg::PointCloud2_<std::allocator<void> > >::[01;32m[Kpublish[m[K(const T&) [35m[K[with T = sensor_msgs::msg::PointCloud2_<std::allocator<void> >][m[K[m[K’
[4.488s] [01m[K/home/elioowo/ros_sfm/sfm_ros2/src/sfm.cpp:206:29:[m[K   required from here
[4.488s] [01m[K/usr/include/c++/13/type_traits:2610:11:[m[K [01;31m[Kerror: [m[Kno type named ‘[01m[Ktype[m[K’ in ‘[01m[Kstruct std::enable_if<false, void>[m[K’
[4.488s]  2610 |     using [01;31m[Kenable_if_t[m[K = typename enable_if<_Cond, _Tp>::type;
[4.488s]       |           [01;31m[K^~~~~~~~~~~[m[K
[4.488s] [01m[K/opt/ros/jazzy/include/rclcpp/rclcpp/publisher.hpp:326:3:[m[K [01;36m[Knote: [m[Kcandidate: ‘[01m[Ktemplate<class T> std::enable_if_t<(typename rclcpp::TypeAdapter<MessageT>::is_specialized::value && std::is_same<T, typename rclcpp::TypeAdapter<MessageT>::custom_type>::value)> rclcpp::Publisher<MessageT, AllocatorT>::[01;32m[Kpublish[m[K(std::unique_ptr<T, typename std::conditional<std::is_same<typename std::allocator_traits<typename std::allocator_traits<_Allocator>::rebind_traits<typename rclcpp::TypeAdapter<MessageT, void, void>::custom_type>::allocator_type>::rebind_alloc<typename rclcpp::TypeAdapter<MessageT, void, void>::custom_type>, std::allocator<typename rclcpp::TypeAdapter<MessageT>::custom_type> >::value, std::default_delete<typename rclcpp::TypeAdapter<MessageT>::custom_type>, rclcpp::allocator::AllocatorDeleter<typename std::allocator_traits<_Allocator>::rebind_traits<typename rclcpp::TypeAdapter<MessageT, void, void>::custom_type>::allocator_type> >::type>) [35m[K[with MessageT = sensor_msgs::msg::PointCloud2_<std::allocator<void> >; AllocatorT = std::allocator<void>][m[K[m[K’
[4.488s]   326 |   [01;36m[Kpublish[m[K(std::unique_ptr<T, PublishedTypeDeleter> msg)
[4.488s]       |   [01;36m[K^~~~~~~[m[K
[4.488s] [01m[K/opt/ros/jazzy/include/rclcpp/rclcpp/publisher.hpp:326:3:[m[K [01;36m[Knote: [m[K  template argument deduction/substitution failed:
[4.488s] [01m[K/home/elioowo/ros_sfm/sfm_ros2/src/sfm.cpp:206:29:[m[K [01;36m[Knote: [m[K  ‘[01m[Ksensor_msgs::msg::PointCloud2_<std::allocator<void> >[m[K’ is not derived from ‘[01m[Kstd::unique_ptr<T, std::default_delete<sensor_msgs::msg::PointCloud2_<std::allocator<void> > > >[m[K’
[4.488s]   206 |     [01;36m[Kthis->sfmCloud_->publish(finalCloud)[m[K;
[4.488s]       |     [01;36m[K~~~~~~~~~~~~~~~~~~~~~~~~^~~~~~~~~~~~[m[K
[4.488s] [01m[K/opt/ros/jazzy/include/rclcpp/rclcpp/publisher.hpp:296:3:[m[K [01;36m[Knote: [m[Kcandidate: ‘[01m[Kstd::enable_if_t<(rosidl_generator_traits::is_message<T>::value && std::is_same<T, typename rclcpp::TypeAdapter<MessageT>::ros_message_type>::value)> rclcpp::Publisher<MessageT, AllocatorT>::[01;32m[Kpublish[m[K(const T&) [35m[K[with T = sensor_msgs::msg::PointCloud2_<std::allocator<void> >; MessageT = sensor_msgs::msg::PointCloud2_<std::allocator<void> >; AllocatorT = std::allocator<void>; std::enable_if_t<(rosidl_generator_traits::is_message<T>::value && std::is_same<T, typename rclcpp::TypeAdapter<MessageT>::ros_message_type>::value)> = void; typename rclcpp::TypeAdapter<MessageT>::ros_message_type = sensor_msgs::msg::PointCloud2_<std::allocator<void> >][m[K[m[K’ (near match)
[4.488s]   296 |   [01;36m[Kpublish[m[K(const T & msg)
[4.488s]       |   [01;36m[K^~~~~~~[m[K
[4.489s] [01m[K/opt/ros/jazzy/include/rclcpp/rclcpp/publisher.hpp:296:3:[m[K [01;36m[Knote: [m[K  passing ‘[01m[Kstd::__shared_ptr_access<const rclcpp::Publisher<sensor_msgs::msg::PointCloud2_<std::allocator<void> > >, __gnu_cxx::_S_atomic, false, false>::element_type*[m[K’ {aka ‘[01m[Kconst rclcpp::Publisher<sensor_msgs::msg::PointCloud2_<std::allocator<void> > >*[m[K’} as ‘[01m[Kthis[m[K’ argument discards qualifiers
[4.489s] [01m[K/opt/ros/jazzy/include/rclcpp/rclcpp/publisher.hpp:242:3:[m[K [01;36m[Knote: [m[Kcandidate: ‘[01m[Ktemplate<class T> std::enable_if_t<(rosidl_generator_traits::is_message<T>::value && std::is_same<T, typename rclcpp::TypeAdapter<MessageT>::ros_message_type>::value)> rclcpp::Publisher<MessageT, AllocatorT>::[01;32m[Kpublish[m[K(std::unique_ptr<T, typename std::conditional<std::is_same<typename std::allocator_traits<typename std::allocator_traits<_Allocator>::rebind_traits<typename rclcpp::TypeAdapter<MessageT, void, void>::ros_message_type>::allocator_type>::rebind_alloc<typename rclcpp::TypeAdapter<MessageT, void, void>::ros_message_type>, std::allocator<typename rclcpp::TypeAdapter<MessageT>::ros_message_type> >::value, std::default_delete<typename rclcpp::TypeAdapter<MessageT>::ros_message_type>, rclcpp::allocator::AllocatorDeleter<typename std::allocator_traits<_Allocator>::rebind_traits<typename rclcpp::TypeAdapter<MessageT, void, void>::ros_message_type>::allocator_type> >::type>) [35m[K[with MessageT = sensor_msgs::msg::PointCloud2_<std::allocator<void> >; AllocatorT = std::allocator<void>][m[K[m[K’
[4.489s]   242 |   [01;36m[Kpublish[m[K(std::unique_ptr<T, ROSMessageTypeDeleter> msg)
[4.489s]       |   [01;36m[K^~~~~~~[m[K
[4.489s] [01m[K/opt/ros/jazzy/include/rclcpp/rclcpp/publisher.hpp:242:3:[m[K [01;36m[Knote: [m[K  template argument deduction/substitution failed:
[4.489s] [01m[K/home/elioowo/ros_sfm/sfm_ros2/src/sfm.cpp:206:29:[m[K [01;36m[Knote: [m[K  ‘[01m[Ksensor_msgs::msg::PointCloud2_<std::allocator<void> >[m[K’ is not derived from ‘[01m[Kstd::unique_ptr<T, std::default_delete<sensor_msgs::msg::PointCloud2_<std::allocator<void> > > >[m[K’
[4.489s]   206 |     [01;36m[Kthis->sfmCloud_->publish(finalCloud)[m[K;
[4.489s]       |     [01;36m[K~~~~~~~~~~~~~~~~~~~~~~~~^~~~~~~~~~~~[m[K
[4.489s] [01m[K/home/elioowo/ros_sfm/sfm_ros2/src/sfm.cpp:211:34:[m[K [01;31m[Kerror: [m[Kno matching function for call to ‘[01m[Krclcpp::Publisher<nav_msgs::msg::Path_<std::allocator<void> > >::publish(nav_msgs::msg::Path&) const[m[K’
[4.489s]   211 |     [01;31m[Kthis->sfmTrajectory_->publish(trajectory)[m[K;
[4.489s]       |     [01;31m[K~~~~~~~~~~~~~~~~~~~~~~~~~~~~~^~~~~~~~~~~~[m[K
[4.489s] [01m[K/opt/ros/jazzy/include/rclcpp/rclcpp/publisher.hpp:414:3:[m[K [01;36m[Knote: [m[Kcandidate: ‘[01m[Kvoid rclcpp::Publisher<MessageT, AllocatorT>::[01;32m[Kpublish[m[K(rclcpp::LoanedMessage<typename rclcpp::TypeAdapter<MessageT>::ros_message_type, AllocatorT>&&) [35m[K[with MessageT = nav_msgs::msg::Path_<std::allocator<void> >; AllocatorT = std::allocator<void>; typename rclcpp::TypeAdapter<MessageT>::ros_message_type = nav_msgs::msg::Path_<std::allocator<void> >][m[K[m[K’
[4.489s]   414 |   [01;36m[Kpublish[m[K(rclcpp::LoanedMessage<ROSMessageType, AllocatorT> && loaned_msg)
[4.489s]       |   [01;36m[K^~~~~~~[m[K
[4.489s] [01m[K/opt/ros/jazzy/include/rclcpp/rclcpp/publisher.hpp:414:64:[m[K [01;36m[Knote: [m[K  no known conversion for argument 1 from ‘[01m[Knav_msgs::msg::Path[m[K’ {aka ‘[01m[Knav_msgs::msg::Path_<std::allocator<void> >[m[K’} to ‘[01m[Krclcpp::LoanedMessage<nav_msgs::msg::Path_<std::allocator<void> >, std::allocator<void> >&&[m[K’
[4.489s]   414 |   publish([01;36m[Krclcpp::LoanedMessage<ROSMessageType, AllocatorT> && loaned_msg[m[K)
[4.489s]       |           [01;36m[K~~~~~~~~~~~~~~~~~~~~~~~~~~~~~~~~~~~~~~~~~~~~~~~~~~~~~^~~~~~~~~~[m[K
[4.489s] [01m[K/opt/ros/jazzy/include/rclcpp/rclcpp/publisher.hpp:400:3:[m[K [01;36m[Knote: [m[Kcandidate: ‘[01m[Kvoid rclcpp::Publisher<MessageT, AllocatorT>::[01;32m[Kpublish[m[K(const rclcpp::SerializedMessage&) [35m[K[with MessageT = nav_msgs::msg::Path_<std::allocator<void> >; AllocatorT = std::allocator<void>][m[K[m[K’
[4.489s]   400 |   [01;36m[Kpublish[m[K(const SerializedMessage & serialized_msg)
[4.489s]       |   [01;36m[K^~~~~~~[m[K
[4.489s] [01m[K/opt/ros/jazzy/include/rclcpp/rclcpp/publisher.hpp:400:37:[m[K [01;36m[Knote: [m[K  no known conversion for argument 1 from ‘[01m[Knav_msgs::msg::Path[m[K’ {aka ‘[01m[Knav_msgs::msg::Path_<std::allocator<void> >[m[K’} to ‘[01m[Kconst rclcpp::SerializedMessage&[m[K’
[4.490s]   400 |   publish([01;36m[Kconst SerializedMessage & serialized_msg[m[K)
[4.490s]       |           [01;36m[K~~~~~~~~~~~~~~~~~~~~~~~~~~^~~~~~~~~~~~~~[m[K
[4.490s] [01m[K/opt/ros/jazzy/include/rclcpp/rclcpp/publisher.hpp:394:3:[m[K [01;36m[Knote: [m[Kcandidate: ‘[01m[Kvoid rclcpp::Publisher<MessageT, AllocatorT>::[01;32m[Kpublish[m[K(const rcl_serialized_message_t&) [35m[K[with MessageT = nav_msgs::msg::Path_<std::allocator<void> >; AllocatorT = std::allocator<void>; rcl_serialized_message_t = rcutils_uint8_array_s][m[K[m[K’
[4.490s]   394 |   [01;36m[Kpublish[m[K(const rcl_serialized_message_t & serialized_msg)
[4.490s]       |   [01;36m[K^~~~~~~[m[K
[4.490s] [01m[K/opt/ros/jazzy/include/rclcpp/rclcpp/publisher.hpp:394:44:[m[K [01;36m[Knote: [m[K  no known conversion for argument 1 from ‘[01m[Knav_msgs::msg::Path[m[K’ {aka ‘[01m[Knav_msgs::msg::Path_<std::allocator<void> >[m[K’} to ‘[01m[Kconst rcl_serialized_message_t&[m[K’ {aka ‘[01m[Kconst rcutils_uint8_array_s&[m[K’}
[4.490s]   394 |   publish([01;36m[Kconst rcl_serialized_message_t & serialized_msg[m[K)
[4.490s]       |           [01;36m[K~~~~~~~~~~~~~~~~~~~~~~~~~~~~~~~~~^~~~~~~~~~~~~~[m[K
[4.490s] [01m[K/opt/ros/jazzy/include/rclcpp/rclcpp/publisher.hpp:376:3:[m[K [01;36m[Knote: [m[Kcandidate: ‘[01m[Ktemplate<class T> std::enable_if_t<(typename rclcpp::TypeAdapter<MessageT>::is_specialized::value && std::is_same<T, typename rclcpp::TypeAdapter<MessageT>::custom_type>::value)> rclcpp::Publisher<MessageT, AllocatorT>::[01;32m[Kpublish[m[K(const T&) [35m[K[with MessageT = nav_msgs::msg::Path_<std::allocator<void> >; AllocatorT = std::allocator<void>][m[K[m[K’
[4.490s]   376 |   [01;36m[Kpublish[m[K(const T & msg)
[4.490s]       |   [01;36m[K^~~~~~~[m[K
[4.490s] [01m[K/opt/ros/jazzy/include/rclcpp/rclcpp/publisher.hpp:376:3:[m[K [01;36m[Knote: [m[K  template argument deduction/substitution failed:
[4.490s] [01m[K/opt/ros/jazzy/include/rclcpp/rclcpp/publisher.hpp:326:3:[m[K [01;36m[Knote: [m[Kcandidate: ‘[01m[Ktemplate<class T> std::enable_if_t<(typename rclcpp::TypeAdapter<MessageT>::is_specialized::value && std::is_same<T, typename rclcpp::TypeAdapter<MessageT>::custom_type>::value)> rclcpp::Publisher<MessageT, AllocatorT>::[01;32m[Kpublish[m[K(std::unique_ptr<T, typename std::conditional<std::is_same<typename std::allocator_traits<typename std::allocator_traits<_Allocator>::rebind_traits<typename rclcpp::TypeAdapter<MessageT, void, void>::custom_type>::allocator_type>::rebind_alloc<typename rclcpp::TypeAdapter<MessageT, void, void>::custom_type>, std::allocator<typename rclcpp::TypeAdapter<MessageT>::custom_type> >::value, std::default_delete<typename rclcpp::TypeAdapter<MessageT>::custom_type>, rclcpp::allocator::AllocatorDeleter<typename std::allocator_traits<_Allocator>::rebind_traits<typename rclcpp::TypeAdapter<MessageT, void, void>::custom_type>::allocator_type> >::type>) [35m[K[with MessageT = nav_msgs::msg::Path_<std::allocator<void> >; AllocatorT = std::allocator<void>][m[K[m[K’
[4.490s]   326 |   [01;36m[Kpublish[m[K(std::unique_ptr<T, PublishedTypeDeleter> msg)
[4.490s]       |   [01;36m[K^~~~~~~[m[K
[4.490s] [01m[K/opt/ros/jazzy/include/rclcpp/rclcpp/publisher.hpp:326:3:[m[K [01;36m[Knote: [m[K  template argument deduction/substitution failed:
[4.490s] [01m[K/home/elioowo/ros_sfm/sfm_ros2/src/sfm.cpp:211:34:[m[K [01;36m[Knote: [m[K  ‘[01m[Knav_msgs::msg::Path_<std::allocator<void> >[m[K’ is not derived from ‘[01m[Kstd::unique_ptr<T, std::default_delete<nav_msgs::msg::Path_<std::allocator<void> > > >[m[K’
[4.490s]   211 |     [01;36m[Kthis->sfmTrajectory_->publish(trajectory)[m[K;
[4.490s]       |     [01;36m[K~~~~~~~~~~~~~~~~~~~~~~~~~~~~~^~~~~~~~~~~~[m[K
[4.490s] [01m[K/opt/ros/jazzy/include/rclcpp/rclcpp/publisher.hpp:296:3:[m[K [01;36m[Knote: [m[Kcandidate: ‘[01m[Kstd::enable_if_t<(rosidl_generator_traits::is_message<T>::value && std::is_same<T, typename rclcpp::TypeAdapter<MessageT>::ros_message_type>::value)> rclcpp::Publisher<MessageT, AllocatorT>::[01;32m[Kpublish[m[K(const T&) [35m[K[with T = nav_msgs::msg::Path_<std::allocator<void> >; MessageT = nav_msgs::msg::Path_<std::allocator<void> >; AllocatorT = std::allocator<void>; std::enable_if_t<(rosidl_generator_traits::is_message<T>::value && std::is_same<T, typename rclcpp::TypeAdapter<MessageT>::ros_message_type>::value)> = void; typename rclcpp::TypeAdapter<MessageT>::ros_message_type = nav_msgs::msg::Path_<std::allocator<void> >][m[K[m[K’ (near match)
[4.490s]   296 |   [01;36m[Kpublish[m[K(const T & msg)
[4.490s]       |   [01;36m[K^~~~~~~[m[K
[4.490s] [01m[K/opt/ros/jazzy/include/rclcpp/rclcpp/publisher.hpp:296:3:[m[K [01;36m[Knote: [m[K  passing ‘[01m[Kstd::__shared_ptr_access<const rclcpp::Publisher<nav_msgs::msg::Path_<std::allocator<void> > >, __gnu_cxx::_S_atomic, false, false>::element_type*[m[K’ {aka ‘[01m[Kconst rclcpp::Publisher<nav_msgs::msg::Path_<std::allocator<void> > >*[m[K’} as ‘[01m[Kthis[m[K’ argument discards qualifiers
[4.490s] [01m[K/opt/ros/jazzy/include/rclcpp/rclcpp/publisher.hpp:242:3:[m[K [01;36m[Knote: [m[Kcandidate: ‘[01m[Ktemplate<class T> std::enable_if_t<(rosidl_generator_traits::is_message<T>::value && std::is_same<T, typename rclcpp::TypeAdapter<MessageT>::ros_message_type>::value)> rclcpp::Publisher<MessageT, AllocatorT>::[01;32m[Kpublish[m[K(std::unique_ptr<T, typename std::conditional<std::is_same<typename std::allocator_traits<typename std::allocator_traits<_Allocator>::rebind_traits<typename rclcpp::TypeAdapter<MessageT, void, void>::ros_message_type>::allocator_type>::rebind_alloc<typename rclcpp::TypeAdapter<MessageT, void, void>::ros_message_type>, std::allocator<typename rclcpp::TypeAdapter<MessageT>::ros_message_type> >::value, std::default_delete<typename rclcpp::TypeAdapter<MessageT>::ros_message_type>, rclcpp::allocator::AllocatorDeleter<typename std::allocator_traits<_Allocator>::rebind_traits<typename rclcpp::TypeAdapter<MessageT, void, void>::ros_message_type>::allocator_type> >::type>) [35m[K[with MessageT = nav_msgs::msg::Path_<std::allocator<void> >; AllocatorT = std::allocator<void>][m[K[m[K’
[4.490s]   242 |   [01;36m[Kpublish[m[K(std::unique_ptr<T, ROSMessageTypeDeleter> msg)
[4.490s]       |   [01;36m[K^~~~~~~[m[K
[4.490s] [01m[K/opt/ros/jazzy/include/rclcpp/rclcpp/publisher.hpp:242:3:[m[K [01;36m[Knote: [m[K  template argument deduction/substitution failed:
[4.490s] [01m[K/home/elioowo/ros_sfm/sfm_ros2/src/sfm.cpp:211:34:[m[K [01;36m[Knote: [m[K  ‘[01m[Knav_msgs::msg::Path_<std::allocator<void> >[m[K’ is not derived from ‘[01m[Kstd::unique_ptr<T, std::default_delete<nav_msgs::msg::Path_<std::allocator<void> > > >[m[K’
[4.490s]   211 |     [01;36m[Kthis->sfmTrajectory_->publish(trajectory)[m[K;
[4.491s]       |     [01;36m[K~~~~~~~~~~~~~~~~~~~~~~~~~~~~~^~~~~~~~~~~~[m[K
[4.491s] [01m[K/home/elioowo/ros_sfm/sfm_ros2/src/sfm.cpp:219:32:[m[K [01;31m[Kerror: [m[Kno matching function for call to ‘[01m[Krclcpp::Publisher<sfm_ros2::msg::MapGraph_<std::allocator<void> > >::publish(sfm_ros2::msg::MapGraph&) const[m[K’
[4.491s]   219 |     [01;31m[Kthis->sfmMapGraph_->publish(mapGraphMsg)[m[K;
[4.491s]       |     [01;31m[K~~~~~~~~~~~~~~~~~~~~~~~~~~~^~~~~~~~~~~~~[m[K
[4.491s] [01m[K/opt/ros/jazzy/include/rclcpp/rclcpp/publisher.hpp:414:3:[m[K [01;36m[Knote: [m[Kcandidate: ‘[01m[Kvoid rclcpp::Publisher<MessageT, AllocatorT>::[01;32m[Kpublish[m[K(rclcpp::LoanedMessage<typename rclcpp::TypeAdapter<MessageT>::ros_message_type, AllocatorT>&&) [35m[K[with MessageT = sfm_ros2::msg::MapGraph_<std::allocator<void> >; AllocatorT = std::allocator<void>; typename rclcpp::TypeAdapter<MessageT>::ros_message_type = sfm_ros2::msg::MapGraph_<std::allocator<void> >][m[K[m[K’
[4.491s]   414 |   [01;36m[Kpublish[m[K(rclcpp::LoanedMessage<ROSMessageType, AllocatorT> && loaned_msg)
[4.491s]       |   [01;36m[K^~~~~~~[m[K
[4.491s] [01m[K/opt/ros/jazzy/include/rclcpp/rclcpp/publisher.hpp:414:64:[m[K [01;36m[Knote: [m[K  no known conversion for argument 1 from ‘[01m[Ksfm_ros2::msg::MapGraph[m[K’ {aka ‘[01m[Ksfm_ros2::msg::MapGraph_<std::allocator<void> >[m[K’} to ‘[01m[Krclcpp::LoanedMessage<sfm_ros2::msg::MapGraph_<std::allocator<void> >, std::allocator<void> >&&[m[K’
[4.491s]   414 |   publish([01;36m[Krclcpp::LoanedMessage<ROSMessageType, AllocatorT> && loaned_msg[m[K)
[4.491s]       |           [01;36m[K~~~~~~~~~~~~~~~~~~~~~~~~~~~~~~~~~~~~~~~~~~~~~~~~~~~~~^~~~~~~~~~[m[K
[4.491s] [01m[K/opt/ros/jazzy/include/rclcpp/rclcpp/publisher.hpp:400:3:[m[K [01;36m[Knote: [m[Kcandidate: ‘[01m[Kvoid rclcpp::Publisher<MessageT, AllocatorT>::[01;32m[Kpublish[m[K(const rclcpp::SerializedMessage&) [35m[K[with MessageT = sfm_ros2::msg::MapGraph_<std::allocator<void> >; AllocatorT = std::allocator<void>][m[K[m[K’
[4.491s]   400 |   [01;36m[Kpublish[m[K(const SerializedMessage & serialized_msg)
[4.491s]       |   [01;36m[K^~~~~~~[m[K
[4.491s] [01m[K/opt/ros/jazzy/include/rclcpp/rclcpp/publisher.hpp:400:37:[m[K [01;36m[Knote: [m[K  no known conversion for argument 1 from ‘[01m[Ksfm_ros2::msg::MapGraph[m[K’ {aka ‘[01m[Ksfm_ros2::msg::MapGraph_<std::allocator<void> >[m[K’} to ‘[01m[Kconst rclcpp::SerializedMessage&[m[K’
[4.491s]   400 |   publish([01;36m[Kconst SerializedMessage & serialized_msg[m[K)
[4.491s]       |           [01;36m[K~~~~~~~~~~~~~~~~~~~~~~~~~~^~~~~~~~~~~~~~[m[K
[4.491s] [01m[K/opt/ros/jazzy/include/rclcpp/rclcpp/publisher.hpp:394:3:[m[K [01;36m[Knote: [m[Kcandidate: ‘[01m[Kvoid rclcpp::Publisher<MessageT, AllocatorT>::[01;32m[Kpublish[m[K(const rcl_serialized_message_t&) [35m[K[with MessageT = sfm_ros2::msg::MapGraph_<std::allocator<void> >; AllocatorT = std::allocator<void>; rcl_serialized_message_t = rcutils_uint8_array_s][m[K[m[K’
[4.491s]   394 |   [01;36m[Kpublish[m[K(const rcl_serialized_message_t & serialized_msg)
[4.491s]       |   [01;36m[K^~~~~~~[m[K
[4.491s] [01m[K/opt/ros/jazzy/include/rclcpp/rclcpp/publisher.hpp:394:44:[m[K [01;36m[Knote: [m[K  no known conversion for argument 1 from ‘[01m[Ksfm_ros2::msg::MapGraph[m[K’ {aka ‘[01m[Ksfm_ros2::msg::MapGraph_<std::allocator<void> >[m[K’} to ‘[01m[Kconst rcl_serialized_message_t&[m[K’ {aka ‘[01m[Kconst rcutils_uint8_array_s&[m[K’}
[4.491s]   394 |   publish([01;36m[Kconst rcl_serialized_message_t & serialized_msg[m[K)
[4.491s]       |           [01;36m[K~~~~~~~~~~~~~~~~~~~~~~~~~~~~~~~~~^~~~~~~~~~~~~~[m[K
[4.491s] [01m[K/opt/ros/jazzy/include/rclcpp/rclcpp/publisher.hpp:376:3:[m[K [01;36m[Knote: [m[Kcandidate: ‘[01m[Ktemplate<class T> std::enable_if_t<(typename rclcpp::TypeAdapter<MessageT>::is_specialized::value && std::is_same<T, typename rclcpp::TypeAdapter<MessageT>::custom_type>::value)> rclcpp::Publisher<MessageT, AllocatorT>::[01;32m[Kpublish[m[K(const T&) [35m[K[with MessageT = sfm_ros2::msg::MapGraph_<std::allocator<void> >; AllocatorT = std::allocator<void>][m[K[m[K’
[4.491s]   376 |   [01;36m[Kpublish[m[K(const T & msg)
[4.491s]       |   [01;36m[K^~~~~~~[m[K
[4.491s] [01m[K/opt/ros/jazzy/include/rclcpp/rclcpp/publisher.hpp:376:3:[m[K [01;36m[Knote: [m[K  template argument deduction/substitution failed:
[4.491s] [01m[K/opt/ros/jazzy/include/rclcpp/rclcpp/publisher.hpp:326:3:[m[K [01;36m[Knote: [m[Kcandidate: ‘[01m[Ktemplate<class T> std::enable_if_t<(typename rclcpp::TypeAdapter<MessageT>::is_specialized::value && std::is_same<T, typename rclcpp::TypeAdapter<MessageT>::custom_type>::value)> rclcpp::Publisher<MessageT, AllocatorT>::[01;32m[Kpublish[m[K(std::unique_ptr<T, typename std::conditional<std::is_same<typename std::allocator_traits<typename std::allocator_traits<_Allocator>::rebind_traits<typename rclcpp::TypeAdapter<MessageT, void, void>::custom_type>::allocator_type>::rebind_alloc<typename rclcpp::TypeAdapter<MessageT, void, void>::custom_type>, std::allocator<typename rclcpp::TypeAdapter<MessageT>::custom_type> >::value, std::default_delete<typename rclcpp::TypeAdapter<MessageT>::custom_type>, rclcpp::allocator::AllocatorDeleter<typename std::allocator_traits<_Allocator>::rebind_traits<typename rclcpp::TypeAdapter<MessageT, void, void>::custom_type>::allocator_type> >::type>) [35m[K[with MessageT = sfm_ros2::msg::MapGraph_<std::allocator<void> >; AllocatorT = std::allocator<void>][m[K[m[K’
[4.491s]   326 |   [01;36m[Kpublish[m[K(std::unique_ptr<T, PublishedTypeDeleter> msg)
[4.491s]       |   [01;36m[K^~~~~~~[m[K
[4.491s] [01m[K/opt/ros/jazzy/include/rclcpp/rclcpp/publisher.hpp:326:3:[m[K [01;36m[Knote: [m[K  template argument deduction/substitution failed:
[4.491s] [01m[K/home/elioowo/ros_sfm/sfm_ros2/src/sfm.cpp:219:32:[m[K [01;36m[Knote: [m[K  ‘[01m[Ksfm_ros2::msg::MapGraph_<std::allocator<void> >[m[K’ is not derived from ‘[01m[Kstd::unique_ptr<T, std::default_delete<sfm_ros2::msg::MapGraph_<std::allocator<void> > > >[m[K’
[4.492s]   219 |     [01;36m[Kthis->sfmMapGraph_->publish(mapGraphMsg)[m[K;
[4.492s]       |     [01;36m[K~~~~~~~~~~~~~~~~~~~~~~~~~~~^~~~~~~~~~~~~[m[K
[4.492s] [01m[K/opt/ros/jazzy/include/rclcpp/rclcpp/publisher.hpp:296:3:[m[K [01;36m[Knote: [m[Kcandidate: ‘[01m[Kstd::enable_if_t<(rosidl_generator_traits::is_message<T>::value && std::is_same<T, typename rclcpp::TypeAdapter<MessageT>::ros_message_type>::value)> rclcpp::Publisher<MessageT, AllocatorT>::[01;32m[Kpublish[m[K(const T&) [35m[K[with T = sfm_ros2::msg::MapGraph_<std::allocator<void> >; MessageT = sfm_ros2::msg::MapGraph_<std::allocator<void> >; AllocatorT = std::allocator<void>; std::enable_if_t<(rosidl_generator_traits::is_message<T>::value && std::is_same<T, typename rclcpp::TypeAdapter<MessageT>::ros_message_type>::value)> = void; typename rclcpp::TypeAdapter<MessageT>::ros_message_type = sfm_ros2::msg::MapGraph_<std::allocator<void> >][m[K[m[K’ (near match)
[4.492s]   296 |   [01;36m[Kpublish[m[K(const T & msg)
[4.492s]       |   [01;36m[K^~~~~~~[m[K
[4.492s] [01m[K/opt/ros/jazzy/include/rclcpp/rclcpp/publisher.hpp:296:3:[m[K [01;36m[Knote: [m[K  passing ‘[01m[Kstd::__shared_ptr_access<const rclcpp::Publisher<sfm_ros2::msg::MapGraph_<std::allocator<void> > >, __gnu_cxx::_S_atomic, false, false>::element_type*[m[K’ {aka ‘[01m[Kconst rclcpp::Publisher<sfm_ros2::msg::MapGraph_<std::allocator<void> > >*[m[K’} as ‘[01m[Kthis[m[K’ argument discards qualifiers
[4.492s] [01m[K/opt/ros/jazzy/include/rclcpp/rclcpp/publisher.hpp:242:3:[m[K [01;36m[Knote: [m[Kcandidate: ‘[01m[Ktemplate<class T> std::enable_if_t<(rosidl_generator_traits::is_message<T>::value && std::is_same<T, typename rclcpp::TypeAdapter<MessageT>::ros_message_type>::value)> rclcpp::Publisher<MessageT, AllocatorT>::[01;32m[Kpublish[m[K(std::unique_ptr<T, typename std::conditional<std::is_same<typename std::allocator_traits<typename std::allocator_traits<_Allocator>::rebind_traits<typename rclcpp::TypeAdapter<MessageT, void, void>::ros_message_type>::allocator_type>::rebind_alloc<typename rclcpp::TypeAdapter<MessageT, void, void>::ros_message_type>, std::allocator<typename rclcpp::TypeAdapter<MessageT>::ros_message_type> >::value, std::default_delete<typename rclcpp::TypeAdapter<MessageT>::ros_message_type>, rclcpp::allocator::AllocatorDeleter<typename std::allocator_traits<_Allocator>::rebind_traits<typename rclcpp::TypeAdapter<MessageT, void, void>::ros_message_type>::allocator_type> >::type>) [35m[K[with MessageT = sfm_ros2::msg::MapGraph_<std::allocator<void> >; AllocatorT = std::allocator<void>][m[K[m[K’
[4.492s]   242 |   [01;36m[Kpublish[m[K(std::unique_ptr<T, ROSMessageTypeDeleter> msg)
[4.492s]       |   [01;36m[K^~~~~~~[m[K
[4.492s] [01m[K/opt/ros/jazzy/include/rclcpp/rclcpp/publisher.hpp:242:3:[m[K [01;36m[Knote: [m[K  template argument deduction/substitution failed:
[4.492s] [01m[K/home/elioowo/ros_sfm/sfm_ros2/src/sfm.cpp:219:32:[m[K [01;36m[Knote: [m[K  ‘[01m[Ksfm_ros2::msg::MapGraph_<std::allocator<void> >[m[K’ is not derived from ‘[01m[Kstd::unique_ptr<T, std::default_delete<sfm_ros2::msg::MapGraph_<std::allocator<void> > > >[m[K’
[4.492s]   219 |     [01;36m[Kthis->sfmMapGraph_->publish(mapGraphMsg)[m[K;
[4.492s]       |     [01;36m[K~~~~~~~~~~~~~~~~~~~~~~~~~~~^~~~~~~~~~~~~[m[K
[6.125s] In file included from [01m[K/usr/include/c++/13/bits/stl_tempbuf.h:61[m[K,
[6.125s]                  from [01m[K/usr/include/c++/13/memory:66[m[K:
[6.125s] /usr/include/c++/13/bits/stl_construct.h: In instantiation of ‘[01m[Kvoid std::[01;32m[K_Construct[m[K(_Tp*, _Args&& ...) [35m[K[with _Tp = semanticSfm; _Args = {shared_ptr<rclcpp::Node>&}][m[K[m[K’:
[6.125s] [01m[K/usr/include/c++/13/bits/alloc_traits.h:661:19:[m[K   required from ‘[01m[Kstatic void std::allocator_traits<std::allocator<void> >::[01;32m[Kconstruct[m[K(allocator_type&, _Up*, _Args&& ...) [35m[K[with _Up = semanticSfm; _Args = {std::shared_ptr<rclcpp::Node>&}; allocator_type = std::allocator<void>][m[K[m[K’
[6.125s] [01m[K/usr/include/c++/13/bits/shared_ptr_base.h:604:39:[m[K   required from ‘[01m[Kstd::_Sp_counted_ptr_inplace<_Tp, _Alloc, _Lp>::[01;32m[K_Sp_counted_ptr_inplace[m[K(_Alloc, _Args&& ...) [35m[K[with _Args = {std::shared_ptr<rclcpp::Node>&}; _Tp = semanticSfm; _Alloc = std::allocator<void>; __gnu_cxx::_Lock_policy _Lp = __gnu_cxx::_S_atomic][m[K[m[K’
[6.125s] [01m[K/usr/include/c++/13/bits/shared_ptr_base.h:971:16:[m[K   required from ‘[01m[Kstd::__shared_count<_Lp>::[01;32m[K__shared_count[m[K(_Tp*&, std::_Sp_alloc_shared_tag<_Alloc>, _Args&& ...) [35m[K[with _Tp = semanticSfm; _Alloc = std::allocator<void>; _Args = {std::shared_ptr<rclcpp::Node>&}; __gnu_cxx::_Lock_policy _Lp = __gnu_cxx::_S_atomic][m[K[m[K’
[6.125s] [01m[K/usr/include/c++/13/bits/shared_ptr_base.h:1712:14:[m[K   required from ‘[01m[Kstd::__shared_ptr<_Tp, _Lp>::[01;32m[K__shared_ptr[m[K(std::_Sp_alloc_shared_tag<_Tp>, _Args&& ...) [35m[K[with _Alloc = std::allocator<void>; _Args = {std::shared_ptr<rclcpp::Node>&}; _Tp = semanticSfm; __gnu_cxx::_Lock_policy _Lp = __gnu_cxx::_S_atomic][m[K[m[K’
[6.125s] [01m[K/usr/include/c++/13/bits/shared_ptr.h:464:59:[m[K   required from ‘[01m[Kstd::shared_ptr<_Tp>::[01;32m[Kshared_ptr[m[K(std::_Sp_alloc_shared_tag<_Tp>, _Args&& ...) [35m[K[with _Alloc = std::allocator<void>; _Args = {std::shared_ptr<rclcpp::Node>&}; _Tp = semanticSfm][m[K[m[K’
[6.125s] [01m[K/usr/include/c++/13/bits/shared_ptr.h:1009:14:[m[K   required from ‘[01m[Kstd::shared_ptr<typename std::enable_if<(! std::is_array< <template-parameter-1-1> >::value), _Tp>::type> std::[01;32m[Kmake_shared[m[K(_Args&& ...) [35m[K[with _Tp = semanticSfm; _Args = {shared_ptr<rclcpp::Node>&}; typename enable_if<(! is_array< <template-parameter-1-1> >::value), _Tp>::type = semanticSfm][m[K[m[K’
[6.125s] [01m[K/home/elioowo/ros_sfm/sfm_ros2/src/sfm.cpp:229:45:[m[K   required from here
[6.125s] [01m[K/usr/include/c++/13/bits/stl_construct.h:119:7:[m[K [01;31m[Kerror: [m[Kcannot bind non-const lvalue reference of type ‘[01m[Krclcpp::Node::ConstSharedPtr&[m[K’ {aka ‘[01m[Kstd::shared_ptr<const rclcpp::Node>&[m[K’} to an rvalue of type ‘[01m[Krclcpp::Node::ConstSharedPtr[m[K’ {aka ‘[01m[Kstd::shared_ptr<const rclcpp::Node>[m[K’}
[6.125s]   119 |       [01;31m[K::new((void*)__p) _Tp(std::forward<_Args>(__args)...)[m[K;
[6.125s]       |       [01;31m[K^~~~~~~~~~~~~~~~~~~~~~~~~~~~~~~~~~~~~~~~~~~~~~~~~~~~~[m[K
[6.125s] In file included from [01m[K/usr/include/c++/13/memory:80[m[K:
[6.125s] [01m[K/usr/include/c++/13/bits/shared_ptr.h:351:9:[m[K [01;36m[Knote: [m[K  after user-defined conversion: ‘[01m[Kstd::shared_ptr<_Tp>::[01;32m[Kshared_ptr[m[K(const std::shared_ptr<_Yp>&) [35m[K[with _Yp = rclcpp::Node; <template-parameter-2-2> = void; _Tp = const rclcpp::Node][m[K[m[K’
[6.126s]   351 |         [01;36m[Kshared_ptr[m[K(const shared_ptr<_Yp>& __r) noexcept
[6.126s]       |         [01;36m[K^~~~~~~~~~[m[K
[6.126s] [01m[K/home/elioowo/ros_sfm/sfm_ros2/include/sfm/sfm.h:95:47:[m[K [01;36m[Knote: [m[K  initializing argument 1 of ‘[01m[KsemanticSfm::[01;32m[KsemanticSfm[m[K(rclcpp::Node::ConstSharedPtr&)[m[K’
[6.126s]    95 |     semanticSfm([01;36m[Krclcpp::Node::ConstSharedPtr& node[m[K);
[6.126s]       |                 [01;36m[K~~~~~~~~~~~~~~~~~~~~~~~~~~~~~~^~~~[m[K
[8.116s] gmake[2]: *** [CMakeFiles/sfm.dir/build.make:76: CMakeFiles/sfm.dir/src/sfm.cpp.o] Error 1
[8.116s] gmake[1]: *** [CMakeFiles/Makefile2:644: CMakeFiles/sfm.dir/all] Error 2
[8.116s] gmake: *** [Makefile:146: all] Error 2
[8.119s] Invoked command in '/home/elioowo/ros_sfm/sfm_ros2/build/sfm_ros2' returned '2': CMAKE_PREFIX_PATH=${CMAKE_PREFIX_PATH}:/opt/ros/jazzy DEBUGINFOD_URLS=https://debuginfod.ubuntu.com /usr/bin/cmake --build /home/elioowo/ros_sfm/sfm_ros2/build/sfm_ros2 -- -j32 -l32
