[  2%] Built target sfm_ros2__rosidl_generator_type_description
[  4%] Built target sfm_ros2__rs
[  4%] Built target ament_cmake_python_copy_sfm_ros2
[  6%] Built target sfm_ros2__cpp
[ 23%] Built target sfm_ros2__rosidl_generator_c
[ 40%] Built target sfm_ros2__rosidl_typesupport_fastrtps_c
[ 38%] Built target sfm_ros2__rosidl_typesupport_introspection_c
[ 51%] Built target sfm_ros2__rosidl_typesupport_fastrtps_cpp
[ 57%] Built target sfm_ros2__rosidl_typesupport_c
[ 65%] Built target sfm_ros2__rosidl_typesupport_cpp
[ 74%] Built target sfm_ros2__rosidl_typesupport_introspection_cpp
[ 74%] Built target sfm_ros2
[ 76%] Built target sfm_ros2__py
[ 78%] [32mBuilding CXX object CMakeFiles/sfm.dir/src/sfm.cpp.o[0m
[ 85%] Built target sfm_ros2__rosidl_generator_py
[ 91%] Built target sfm_ros2_s__rosidl_typesupport_c
[ 95%] Built target sfm_ros2_s__rosidl_typesupport_introspection_c
[ 97%] Built target sfm_ros2_s__rosidl_typesupport_fastrtps_c
running egg_info
writing sfm_ros2.egg-info/PKG-INFO
writing dependency_links to sfm_ros2.egg-info/dependency_links.txt
writing top-level names to sfm_ros2.egg-info/top_level.txt
reading manifest file 'sfm_ros2.egg-info/SOURCES.txt'
writing manifest file 'sfm_ros2.egg-info/SOURCES.txt'
[ 97%] Built target ament_cmake_python_build_sfm_ros2_egg
