[0.007s] Invoking command in '/home/elioowo/ros_sfm/sfm_ros2/build/sfm_ros2': CMAKE_PREFIX_PATH=${CMAKE_PREFIX_PATH}:/opt/ros/jazzy DEBUGINFOD_URLS=https://debuginfod.ubuntu.com /usr/bin/cmake /home/elioowo/ros_sfm/sfm_ros2 -DCMAKE_INSTALL_PREFIX=/home/elioowo/ros_sfm/sfm_ros2/install/sfm_ros2
[0.054s] -- The C compiler identification is GNU 13.3.0
[0.106s] -- The CXX compiler identification is GNU 13.3.0
[0.118s] -- Detecting C compiler ABI info
[0.227s] -- Detecting C compiler ABI info - done
[0.236s] -- Check for working C compiler: /usr/bin/cc - skipped
[0.236s] -- Detecting C compile features
[0.236s] -- Detecting C compile features - done
[0.245s] -- Detecting CXX compiler ABI info
[0.347s] -- Detecting CXX compiler ABI info - done
[0.354s] -- Check for working CXX compiler: /usr/bin/c++ - skipped
[0.354s] -- Detecting CXX compile features
[0.355s] -- Detecting CXX compile features - done
[0.358s] -- Found ament_cmake: 2.5.6 (/opt/ros/jazzy/share/ament_cmake/cmake)
[0.475s] -- Found Python3: /usr/bin/python3 (found version "3.12.3") found components: Interpreter 
[0.615s] -- Found Boost: /usr/lib/x86_64-linux-gnu/cmake/Boost-1.83.0/BoostConfig.cmake (found suitable version "1.83.0", minimum required is "1.65.0") found components: system filesystem iostreams serialization 
[0.651s] -- Checking for module 'libusb-1.0'
[0.659s] --   Found libusb-1.0, version 1.0.27
[0.708s] -- Found libusb: /usr/lib/x86_64-linux-gnu/libusb-1.0.so  
[0.709s] -- Found OpenNI: /usr/lib/libOpenNI.so;libusb::libusb (found version "1.5.4.0") 
[0.709s] -- OpenNI found (version: 1.5.4.0, include: /usr/include/ni, lib: /usr/lib/libOpenNI.so;libusb::libusb)
[0.744s] -- Found OpenNI2: /usr/lib/x86_64-linux-gnu/libOpenNI2.so;libusb::libusb (found version "2.2.0.33") 
[0.744s] -- OpenNI2 found (version: 2.2.0.33, include: /usr/include/openni2, lib: /usr/lib/x86_64-linux-gnu/libOpenNI2.so;libusb::libusb)
[0.746s] -- Found Pcap: /usr/lib/x86_64-linux-gnu/libpcap.so  
[0.768s] -- Found ZLIB: /usr/lib/x86_64-linux-gnu/libz.so (found version "1.3")  
[0.795s] -- Found PNG: /usr/lib/x86_64-linux-gnu/libpng.so (found version "1.6.43") 
[0.826s] -- Performing Test CMAKE_HAVE_LIBC_PTHREAD
[0.915s] -- Performing Test CMAKE_HAVE_LIBC_PTHREAD - Success
[0.916s] -- Found Threads: TRUE  
[0.919s] -- Found GLEW: /usr/lib/x86_64-linux-gnu/libGLEW.so  
[0.928s] -- Found OpenGL: /usr/lib/x86_64-linux-gnu/libOpenGL.so  found components: OpenGL GLX 
[1.089s] -- Found MPI_C: /usr/lib/x86_64-linux-gnu/libmpi.so (found version "3.1") 
[1.089s] -- Found MPI: TRUE (found version "3.1") found components: C 
[1.091s] -- Found JsonCpp: /usr/lib/x86_64-linux-gnu/libjsoncpp.so (found suitable version "1.9.5", minimum required is "0.7.0") 
[1.136s] -- Found Eigen3: /usr/include/eigen3 (found version "3.4.0") 
[1.249s] -- Found X11: /usr/include   
[1.250s] -- Looking for XOpenDisplay in /usr/lib/x86_64-linux-gnu/libX11.so;/usr/lib/x86_64-linux-gnu/libXext.so
[1.335s] -- Looking for XOpenDisplay in /usr/lib/x86_64-linux-gnu/libX11.so;/usr/lib/x86_64-linux-gnu/libXext.so - found
[1.335s] -- Looking for gethostbyname
[1.431s] -- Looking for gethostbyname - found
[1.431s] -- Looking for connect
[1.542s] -- Looking for connect - found
[1.542s] -- Looking for remove
[1.615s] -- Looking for remove - found
[1.615s] -- Looking for shmat
[1.722s] -- Looking for shmat - found
[1.722s] -- Looking for IceConnectionNumber in ICE
[1.821s] -- Looking for IceConnectionNumber in ICE - found
[1.937s] -- Found EXPAT: /usr/lib/x86_64-linux-gnu/libexpat.so (found version "2.6.1") 
[1.940s] -- Found double-conversion: /usr/lib/x86_64-linux-gnu/libdouble-conversion.so  
[1.943s] -- Found LZ4: /usr/lib/x86_64-linux-gnu/liblz4.so (found version "1.9.4") 
[1.944s] -- Found LZMA: /usr/lib/x86_64-linux-gnu/liblzma.so (found version "5.4.5") 
[1.955s] -- Found JPEG: /usr/lib/x86_64-linux-gnu/libjpeg.so (found version "80") 
[1.968s] -- Found TIFF: /usr/lib/x86_64-linux-gnu/libtiff.so (found version "4.5.1")  
[1.972s] -- Found Freetype: /usr/lib/x86_64-linux-gnu/libfreetype.so (found version "2.13.2") 
[1.975s] -- Found utf8cpp: /usr/include/utf8cpp  
[2.276s] -- Found OpenMP_CXX: -fopenmp (found version "4.5") 
[2.276s] -- Found OpenMP: TRUE (found version "4.5") found components: CXX 
[2.283s] [33mCMake Warning (dev) at /usr/lib/x86_64-linux-gnu/cmake/pcl/Modules/FindFLANN.cmake:45 (find_package):
[2.283s]   Policy CMP0144 is not set: find_package uses upper-case <PACKAGENAME>_ROOT
[2.283s]   variables.  Run "cmake --help-policy CMP0144" for policy details.  Use the
[2.283s]   cmake_policy command to set the policy and suppress this warning.
[2.283s] 
[2.283s]   CMake variable FLANN_ROOT is set to:
[2.283s] 
[2.283s]     /usr
[2.283s] 
[2.283s]   For compatibility, find_package is ignoring the variable, but code in a
[2.283s]   .cmake module might still use it.
[2.283s] Call Stack (most recent call first):
[2.283s]   /usr/lib/x86_64-linux-gnu/cmake/pcl/PCLConfig.cmake:261 (find_package)
[2.283s]   /usr/lib/x86_64-linux-gnu/cmake/pcl/PCLConfig.cmake:306 (find_flann)
[2.283s]   /usr/lib/x86_64-linux-gnu/cmake/pcl/PCLConfig.cmake:570 (find_external_library)
[2.283s]   CMakeLists.txt:19 (find_package)
[2.283s] This warning is for project developers.  Use -Wno-dev to suppress it.
[2.283s] [0m
[2.283s] -- Found flann version 1.9.2
[2.288s] -- Found Qhull version 8.0.2
[3.324s] -- OpenNI found (version: 1.5.4.0, include: /usr/include/ni, lib: /usr/lib/libOpenNI.so;libusb::libusb)
[3.329s] -- OpenNI2 found (version: 2.2.0.33, include: /usr/include/openni2, lib: /usr/lib/x86_64-linux-gnu/libOpenNI2.so;libusb::libusb)
[3.623s] -- looking for PCL_COMMON
[3.623s] -- Found PCL_COMMON: /usr/lib/x86_64-linux-gnu/libpcl_common.so  
[3.623s] -- looking for PCL_OCTREE
[3.624s] -- Found PCL_OCTREE: /usr/lib/x86_64-linux-gnu/libpcl_octree.so  
[3.624s] -- looking for PCL_IO
[3.625s] -- Found PCL_IO: /usr/lib/x86_64-linux-gnu/libpcl_io.so  
[3.625s] -- looking for PCL_KDTREE
[3.626s] -- Found PCL_KDTREE: /usr/lib/x86_64-linux-gnu/libpcl_kdtree.so  
[3.626s] -- looking for PCL_SEARCH
[3.626s] -- Found PCL_SEARCH: /usr/lib/x86_64-linux-gnu/libpcl_search.so  
[3.626s] -- looking for PCL_SURFACE
[3.627s] -- Found PCL_SURFACE: /usr/lib/x86_64-linux-gnu/libpcl_surface.so  
[3.627s] -- looking for PCL_FILTERS
[3.628s] -- Found PCL_FILTERS: /usr/lib/x86_64-linux-gnu/libpcl_filters.so  
[3.628s] -- looking for PCL_2D
[3.628s] -- Found PCL_2D: /usr/include/pcl-1.14  
[3.628s] -- looking for PCL_FEATURES
[3.629s] -- Found PCL_FEATURES: /usr/lib/x86_64-linux-gnu/libpcl_features.so  
[3.629s] -- looking for PCL_REGISTRATION
[3.630s] -- Found PCL_REGISTRATION: /usr/lib/x86_64-linux-gnu/libpcl_registration.so  
[3.630s] -- looking for PCL_SAMPLE_CONSENSUS
[3.631s] -- Found PCL_SAMPLE_CONSENSUS: /usr/lib/x86_64-linux-gnu/libpcl_sample_consensus.so  
[3.631s] -- looking for PCL_GEOMETRY
[3.631s] -- Found PCL_GEOMETRY: /usr/include/pcl-1.14  
[3.631s] -- looking for PCL_ML
[3.632s] -- Found PCL_ML: /usr/lib/x86_64-linux-gnu/libpcl_ml.so  
[3.632s] -- looking for PCL_SEGMENTATION
[3.632s] -- Found PCL_SEGMENTATION: /usr/lib/x86_64-linux-gnu/libpcl_segmentation.so  
[3.633s] -- looking for PCL_VISUALIZATION
[3.633s] -- Found PCL_VISUALIZATION: /usr/lib/x86_64-linux-gnu/libpcl_visualization.so  
[3.634s] -- Found PCL: pcl_common;pcl_octree;pcl_io;pcl_kdtree;pcl_search;pcl_surface;pcl_filters;pcl_features;pcl_registration;pcl_sample_consensus;pcl_ml;pcl_segmentation;pcl_visualization;Boost::system;Boost::filesystem;Boost::iostreams;Boost::serialization;/usr/lib/libOpenNI.so;libusb::libusb;/usr/lib/x86_64-linux-gnu/libOpenNI2.so;libusb::libusb;VTK::ChartsCore;VTK::CommonColor;VTK::CommonComputationalGeometry;VTK::CommonCore;VTK::CommonDataModel;VTK::CommonExecutionModel;VTK::CommonMath;VTK::CommonMisc;VTK::CommonTransforms;VTK::FiltersCore;VTK::FiltersExtraction;VTK::FiltersGeneral;VTK::FiltersGeometry;VTK::FiltersModeling;VTK::FiltersSources;VTK::ImagingCore;VTK::ImagingSources;VTK::InteractionImage;VTK::InteractionStyle;VTK::InteractionWidgets;VTK::IOCore;VTK::IOGeometry;VTK::IOImage;VTK::IOLegacy;VTK::IOPLY;VTK::RenderingAnnotation;VTK::RenderingCore;VTK::RenderingContext2D;VTK::RenderingLOD;VTK::RenderingFreeType;VTK::ViewsCore;VTK::ViewsContext2D;VTK::RenderingOpenGL2;VTK::RenderingContextOpenGL2;VTK::GUISupportQt;FLANN::FLANN;QHULL::QHULL  
[3.653s] [33mCMake Warning (dev) at /usr/share/cmake-3.28/Modules/FindPackageHandleStandardArgs.cmake:438 (message):
[3.653s]   The package name passed to `find_package_handle_standard_args` (torch) does
[3.653s]   not match the name of the calling package (Torch).  This can lead to
[3.653s]   problems in calling code that expects `find_package` result variables
[3.653s]   (e.g., `_FOUND`) to follow a certain pattern.
[3.653s] Call Stack (most recent call first):
[3.653s]   /home/elioowo/libraries/libtorch/share/cmake/Torch/TorchConfig.cmake:103 (find_package_handle_standard_args)
[3.653s]   CMakeLists.txt:26 (find_package)
[3.654s] This warning is for project developers.  Use -Wno-dev to suppress it.
[3.654s] [0m
[3.654s] -- Found torch: /home/elioowo/libraries/libtorch/lib/libtorch.so  
[3.656s] -- Found rosidl_default_generators: 1.6.0 (/opt/ros/jazzy/share/rosidl_default_generators/cmake)
[3.662s] -- Using all available rosidl_typesupport_c: rosidl_typesupport_fastrtps_c;rosidl_typesupport_introspection_c
[3.704s] -- Using all available rosidl_typesupport_cpp: rosidl_typesupport_fastrtps_cpp;rosidl_typesupport_introspection_cpp
[3.747s] -- Found rosidl_adapter: 4.6.7 (/opt/ros/jazzy/share/rosidl_adapter/cmake)
[3.975s] [31mCMake Error at /opt/ros/jazzy/share/rosidl_adapter/cmake/rosidl_adapt_interfaces.cmake:57 (message):
[3.975s]   execute_process(/usr/bin/python3 -m rosidl_adapter --package-name sfm_ros2
[3.975s]   --arguments-file
[3.975s]   /home/elioowo/ros_sfm/sfm_ros2/build/sfm_ros2/rosidl_adapter__arguments__sfm_ros2.json
[3.975s]   --output-dir
[3.975s]   /home/elioowo/ros_sfm/sfm_ros2/build/sfm_ros2/rosidl_adapter/sfm_ros2
[3.975s]   --output-file
[3.975s]   /home/elioowo/ros_sfm/sfm_ros2/build/sfm_ros2/rosidl_adapter/sfm_ros2.idls)
[3.975s]   returned error code 1:
[3.975s] 
[3.975s]   Error processing 'geometry_msgs/Transform mapToOdom' of
[3.975s]   'sfm_ros2/MapGraph': ''mapToOdom' is an invalid field name.  It should have
[3.975s]   the pattern '^(?!.*__)(?!.*_$)[a-z][a-z0-9_]*$''
[3.975s] 
[3.975s]   Traceback (most recent call last):
[3.975s] 
[3.976s]     File "<frozen runpy>", line 198, in _run_module_as_main
[3.976s]     File "<frozen runpy>", line 88, in _run_code
[3.976s]     File "/opt/ros/jazzy/lib/python3.12/site-packages/rosidl_adapter/__main__.py", line 19, in <module>
[3.976s]       sys.exit(main())
[3.976s]                ^^^^^^
[3.976s]     File "/opt/ros/jazzy/lib/python3.12/site-packages/rosidl_adapter/main.py", line 53, in main
[3.976s]       abs_idl_file = convert_to_idl(
[3.976s]                      ^^^^^^^^^^^^^^^
[3.976s]     File "/opt/ros/jazzy/lib/python3.12/site-packages/rosidl_adapter/__init__.py", line 19, in convert_to_idl
[3.976s]       return convert_msg_to_idl(
[3.976s]              ^^^^^^^^^^^^^^^^^^^
[3.976s]     File "/opt/ros/jazzy/lib/python3.12/site-packages/rosidl_adapter/msg/__init__.py", line 28, in convert_msg_to_idl
[3.976s]       msg = parse_message_string(package_name, input_file.stem, content)
[3.976s]             ^^^^^^^^^^^^^^^^^^^^^^^^^^^^^^^^^^^^^^^^^^^^^^^^^^^^^^^^^^^^
[3.976s]     File "/opt/ros/jazzy/lib/python3.12/site-packages/rosidl_adapter/parser.py", line 520, in parse_message_string
[3.976s]       fields.append(Field(
[3.976s]                     ^^^^^^
[3.976s]     File "/opt/ros/jazzy/lib/python3.12/site-packages/rosidl_adapter/parser.py", line 355, in __init__
[3.976s]       raise NameError(
[3.976s] 
[3.976s]   NameError: 'mapToOdom' is an invalid field name.  It should have the
[3.976s]   pattern '^(?!.*__)(?!.*_$)[a-z][a-z0-9_]*$'
[3.976s] 
[3.976s] Call Stack (most recent call first):
[3.976s]   /opt/ros/jazzy/share/rosidl_cmake/cmake/rosidl_generate_interfaces.cmake:132 (rosidl_adapt_interfaces)
[3.977s]   CMakeLists.txt:33 (rosidl_generate_interfaces)
[3.977s] 
[3.977s] [0m
[3.977s] -- Configuring incomplete, errors occurred!
[3.990s] Invoked command in '/home/elioowo/ros_sfm/sfm_ros2/build/sfm_ros2' returned '1': CMAKE_PREFIX_PATH=${CMAKE_PREFIX_PATH}:/opt/ros/jazzy DEBUGINFOD_URLS=https://debuginfod.ubuntu.com /usr/bin/cmake /home/elioowo/ros_sfm/sfm_ros2 -DCMAKE_INSTALL_PREFIX=/home/elioowo/ros_sfm/sfm_ros2/install/sfm_ros2
