[0.079s] DEBUG:colcon:Command line arguments: ['/usr/bin/colcon', 'build']
[0.079s] DEBUG:colcon:Parsed command line arguments: Namespace(log_base=None, log_level=None, verb_name='build', build_base='build', install_base='install', merge_install=False, symlink_install=False, test_result_base=None, continue_on_error=False, executor='parallel', parallel_workers=32, event_handlers=None, ignore_user_meta=False, metas=['./colcon.meta'], base_paths=['.'], packages_ignore=None, packages_ignore_regex=None, paths=None, packages_up_to=None, packages_up_to_regex=None, packages_above=None, packages_above_and_dependencies=None, packages_above_depth=None, packages_select_by_dep=None, packages_skip_by_dep=None, packages_skip_up_to=None, packages_select_build_failed=False, packages_skip_build_finished=False, packages_select_test_failures=False, packages_skip_test_passed=False, packages_select=None, packages_skip=None, packages_select_regex=None, packages_skip_regex=None, packages_start=None, packages_end=None, allow_overriding=[], cmake_args=None, cmake_target=None, cmake_target_skip_unavailable=False, cmake_clean_cache=False, cmake_clean_first=False, cmake_force_configure=False, ament_cmake_args=None, catkin_cmake_args=None, catkin_skip_building_tests=False, mixin_files=None, mixin=None, verb_parser=<colcon_mixin.mixin.mixin_argument.MixinArgumentDecorator object at 0x7efcbaf8ef30>, verb_extension=<colcon_core.verb.build.BuildVerb object at 0x7efcbaf8e750>, main=<bound method BuildVerb.main of <colcon_core.verb.build.BuildVerb object at 0x7efcbaf8e750>>, mixin_verb=('build',))
[0.102s] Level 1:colcon.colcon_core.package_discovery:discover_packages(colcon_meta) check parameters
[0.102s] Level 1:colcon.colcon_core.package_discovery:discover_packages(recursive) check parameters
[0.102s] Level 1:colcon.colcon_core.package_discovery:discover_packages(ignore) check parameters
[0.102s] Level 1:colcon.colcon_core.package_discovery:discover_packages(path) check parameters
[0.102s] Level 1:colcon.colcon_core.package_discovery:discover_packages(colcon_meta) discover
[0.102s] Level 1:colcon.colcon_core.package_discovery:discover_packages(recursive) discover
[0.102s] INFO:colcon.colcon_core.package_discovery:Crawling recursively for packages in '/home/elioowo/ros_sfm/sfm_ros2'
[0.102s] Level 1:colcon.colcon_core.package_identification:_identify(.) by extensions ['ignore', 'ignore_ament_install']
[0.102s] Level 1:colcon.colcon_core.package_identification:_identify(.) by extension 'ignore'
[0.102s] Level 1:colcon.colcon_core.package_identification:_identify(.) by extension 'ignore_ament_install'
[0.102s] Level 1:colcon.colcon_core.package_identification:_identify(.) by extensions ['colcon_pkg']
[0.102s] Level 1:colcon.colcon_core.package_identification:_identify(.) by extension 'colcon_pkg'
[0.102s] Level 1:colcon.colcon_core.package_identification:_identify(.) by extensions ['colcon_meta']
[0.102s] Level 1:colcon.colcon_core.package_identification:_identify(.) by extension 'colcon_meta'
[0.102s] Level 1:colcon.colcon_core.package_identification:_identify(.) by extensions ['ros']
[0.102s] Level 1:colcon.colcon_core.package_identification:_identify(.) by extension 'ros'
[0.119s] DEBUG:colcon.colcon_core.package_identification:Package '.' with type 'ros.ament_cmake' and name 'sfm_ros2'
[0.119s] Level 1:colcon.colcon_core.package_discovery:discover_packages(recursive) using defaults
[0.119s] Level 1:colcon.colcon_core.package_discovery:discover_packages(ignore) discover
[0.119s] Level 1:colcon.colcon_core.package_discovery:discover_packages(ignore) using defaults
[0.119s] Level 1:colcon.colcon_core.package_discovery:discover_packages(path) discover
[0.119s] Level 1:colcon.colcon_core.package_discovery:discover_packages(path) using defaults
[0.130s] Level 1:colcon.colcon_core.package_discovery:discover_packages(prefix_path) check parameters
[0.130s] Level 1:colcon.colcon_core.package_discovery:discover_packages(prefix_path) discover
[0.132s] DEBUG:colcon.colcon_installed_package_information.package_discovery:Found 588 installed packages in /opt/ros/jazzy
[0.133s] Level 1:colcon.colcon_core.package_discovery:discover_packages(prefix_path) using defaults
[0.177s] Level 5:colcon.colcon_core.verb:set package 'sfm_ros2' build argument 'cmake_args' from command line to 'None'
[0.177s] Level 5:colcon.colcon_core.verb:set package 'sfm_ros2' build argument 'cmake_target' from command line to 'None'
[0.178s] Level 5:colcon.colcon_core.verb:set package 'sfm_ros2' build argument 'cmake_target_skip_unavailable' from command line to 'False'
[0.178s] Level 5:colcon.colcon_core.verb:set package 'sfm_ros2' build argument 'cmake_clean_cache' from command line to 'False'
[0.178s] Level 5:colcon.colcon_core.verb:set package 'sfm_ros2' build argument 'cmake_clean_first' from command line to 'False'
[0.178s] Level 5:colcon.colcon_core.verb:set package 'sfm_ros2' build argument 'cmake_force_configure' from command line to 'False'
[0.178s] Level 5:colcon.colcon_core.verb:set package 'sfm_ros2' build argument 'ament_cmake_args' from command line to 'None'
[0.178s] Level 5:colcon.colcon_core.verb:set package 'sfm_ros2' build argument 'catkin_cmake_args' from command line to 'None'
[0.178s] Level 5:colcon.colcon_core.verb:set package 'sfm_ros2' build argument 'catkin_skip_building_tests' from command line to 'False'
[0.178s] DEBUG:colcon.colcon_core.verb:Building package 'sfm_ros2' with the following arguments: {'ament_cmake_args': None, 'build_base': '/home/elioowo/ros_sfm/sfm_ros2/build/sfm_ros2', 'catkin_cmake_args': None, 'catkin_skip_building_tests': False, 'cmake_args': None, 'cmake_clean_cache': False, 'cmake_clean_first': False, 'cmake_force_configure': False, 'cmake_target': None, 'cmake_target_skip_unavailable': False, 'install_base': '/home/elioowo/ros_sfm/sfm_ros2/install/sfm_ros2', 'merge_install': False, 'path': '/home/elioowo/ros_sfm/sfm_ros2', 'symlink_install': False, 'test_result_base': None}
[0.178s] INFO:colcon.colcon_core.executor:Executing jobs using 'parallel' executor
[0.178s] DEBUG:colcon.colcon_parallel_executor.executor.parallel:run_until_complete
[0.178s] INFO:colcon.colcon_ros.task.ament_cmake.build:Building ROS package in '/home/elioowo/ros_sfm/sfm_ros2' with build type 'ament_cmake'
[0.179s] INFO:colcon.colcon_cmake.task.cmake.build:Building CMake package in '/home/elioowo/ros_sfm/sfm_ros2'
[0.180s] INFO:colcon.colcon_core.plugin_system:Skipping extension 'colcon_core.shell.bat': Not used on non-Windows systems
[0.180s] INFO:colcon.colcon_core.shell:Skip shell extension 'powershell' for command environment: Not usable outside of PowerShell
[0.180s] DEBUG:colcon.colcon_core.shell:Skip shell extension 'dsv' for command environment
[0.185s] DEBUG:colcon.colcon_core.event_handler.log_command:Invoking command in '/home/elioowo/ros_sfm/sfm_ros2/build/sfm_ros2': CMAKE_PREFIX_PATH=${CMAKE_PREFIX_PATH}:/opt/ros/jazzy DEBUGINFOD_URLS=https://debuginfod.ubuntu.com /usr/bin/cmake /home/elioowo/ros_sfm/sfm_ros2 -DCMAKE_INSTALL_PREFIX=/home/elioowo/ros_sfm/sfm_ros2/install/sfm_ros2
[5.877s] DEBUG:colcon.colcon_core.event_handler.log_command:Invoked command in '/home/elioowo/ros_sfm/sfm_ros2/build/sfm_ros2' returned '0': CMAKE_PREFIX_PATH=${CMAKE_PREFIX_PATH}:/opt/ros/jazzy DEBUGINFOD_URLS=https://debuginfod.ubuntu.com /usr/bin/cmake /home/elioowo/ros_sfm/sfm_ros2 -DCMAKE_INSTALL_PREFIX=/home/elioowo/ros_sfm/sfm_ros2/install/sfm_ros2
[5.877s] DEBUG:colcon.colcon_core.event_handler.log_command:Invoking command in '/home/elioowo/ros_sfm/sfm_ros2/build/sfm_ros2': CMAKE_PREFIX_PATH=${CMAKE_PREFIX_PATH}:/opt/ros/jazzy DEBUGINFOD_URLS=https://debuginfod.ubuntu.com /usr/bin/cmake --build /home/elioowo/ros_sfm/sfm_ros2/build/sfm_ros2 -- -j32 -l32
[15.575s] DEBUG:colcon.colcon_core.event_handler.log_command:Invoked command in '/home/elioowo/ros_sfm/sfm_ros2/build/sfm_ros2' returned '2': CMAKE_PREFIX_PATH=${CMAKE_PREFIX_PATH}:/opt/ros/jazzy DEBUGINFOD_URLS=https://debuginfod.ubuntu.com /usr/bin/cmake --build /home/elioowo/ros_sfm/sfm_ros2/build/sfm_ros2 -- -j32 -l32
[15.576s] Level 1:colcon.colcon_core.environment:create_environment_scripts_only(sfm_ros2)
[15.577s] Level 1:colcon.colcon_core.environment:checking '/home/elioowo/ros_sfm/sfm_ros2/install/sfm_ros2' for CMake module files
[15.577s] Level 1:colcon.colcon_core.environment:checking '/home/elioowo/ros_sfm/sfm_ros2/install/sfm_ros2' for CMake config files
[15.577s] Level 1:colcon.colcon_core.environment:checking '/home/elioowo/ros_sfm/sfm_ros2/install/sfm_ros2/bin'
[15.578s] Level 1:colcon.colcon_core.environment:checking '/home/elioowo/ros_sfm/sfm_ros2/install/sfm_ros2/lib/pkgconfig/sfm_ros2.pc'
[15.578s] Level 1:colcon.colcon_core.environment:checking '/home/elioowo/ros_sfm/sfm_ros2/install/sfm_ros2/lib/python3.12/site-packages'
[15.578s] Level 1:colcon.colcon_core.environment:checking '/home/elioowo/ros_sfm/sfm_ros2/install/sfm_ros2/bin'
[15.578s] INFO:colcon.colcon_core.shell:Creating package script '/home/elioowo/ros_sfm/sfm_ros2/install/sfm_ros2/share/sfm_ros2/package.ps1'
[15.579s] INFO:colcon.colcon_core.shell:Creating package descriptor '/home/elioowo/ros_sfm/sfm_ros2/install/sfm_ros2/share/sfm_ros2/package.dsv'
[15.579s] INFO:colcon.colcon_core.shell:Creating package script '/home/elioowo/ros_sfm/sfm_ros2/install/sfm_ros2/share/sfm_ros2/package.sh'
[15.579s] INFO:colcon.colcon_core.shell:Creating package script '/home/elioowo/ros_sfm/sfm_ros2/install/sfm_ros2/share/sfm_ros2/package.bash'
[15.580s] INFO:colcon.colcon_core.shell:Creating package script '/home/elioowo/ros_sfm/sfm_ros2/install/sfm_ros2/share/sfm_ros2/package.zsh'
[15.580s] Level 1:colcon.colcon_core.environment:create_file_with_runtime_dependencies(/home/elioowo/ros_sfm/sfm_ros2/install/sfm_ros2/share/colcon-core/packages/sfm_ros2)
[15.590s] DEBUG:colcon.colcon_parallel_executor.executor.parallel:closing loop
[15.590s] DEBUG:colcon.colcon_parallel_executor.executor.parallel:loop closed
[15.590s] DEBUG:colcon.colcon_parallel_executor.executor.parallel:run_until_complete finished with '2'
[15.590s] DEBUG:colcon.colcon_core.event_reactor:joining thread
[15.595s] INFO:colcon.colcon_core.plugin_system:Skipping extension 'colcon_notification.desktop_notification.terminal_notifier': Not used on non-Darwin systems
[15.595s] INFO:colcon.colcon_core.plugin_system:Skipping extension 'colcon_notification.desktop_notification.win32': Not used on non-Windows systems
[15.595s] INFO:colcon.colcon_notification.desktop_notification:Sending desktop notification using 'notify2'
[15.612s] DEBUG:colcon.colcon_core.event_reactor:joined thread
[15.613s] INFO:colcon.colcon_core.shell:Creating prefix script '/home/elioowo/ros_sfm/sfm_ros2/install/local_setup.ps1'
[15.613s] INFO:colcon.colcon_core.shell:Creating prefix util module '/home/elioowo/ros_sfm/sfm_ros2/install/_local_setup_util_ps1.py'
[15.614s] INFO:colcon.colcon_core.shell:Creating prefix chain script '/home/elioowo/ros_sfm/sfm_ros2/install/setup.ps1'
[15.614s] INFO:colcon.colcon_core.shell:Creating prefix script '/home/elioowo/ros_sfm/sfm_ros2/install/local_setup.sh'
[15.615s] INFO:colcon.colcon_core.shell:Creating prefix util module '/home/elioowo/ros_sfm/sfm_ros2/install/_local_setup_util_sh.py'
[15.615s] INFO:colcon.colcon_core.shell:Creating prefix chain script '/home/elioowo/ros_sfm/sfm_ros2/install/setup.sh'
[15.615s] INFO:colcon.colcon_core.shell:Creating prefix script '/home/elioowo/ros_sfm/sfm_ros2/install/local_setup.bash'
[15.616s] INFO:colcon.colcon_core.shell:Creating prefix chain script '/home/elioowo/ros_sfm/sfm_ros2/install/setup.bash'
[15.616s] INFO:colcon.colcon_core.shell:Creating prefix script '/home/elioowo/ros_sfm/sfm_ros2/install/local_setup.zsh'
[15.616s] INFO:colcon.colcon_core.shell:Creating prefix chain script '/home/elioowo/ros_sfm/sfm_ros2/install/setup.zsh'
