[0.006s] Invoking command in '/home/elioowo/ros_sfm/sfm_ros2/build/sfm_ros2': CMAKE_PREFIX_PATH=${CMAKE_PREFIX_PATH}:/opt/ros/jazzy DEBUGINFOD_URLS=https://debuginfod.ubuntu.com /usr/bin/cmake /home/elioowo/ros_sfm/sfm_ros2 -DCMAKE_INSTALL_PREFIX=/home/elioowo/ros_sfm/sfm_ros2/install/sfm_ros2
[0.016s] -- Found ament_cmake: 2.5.6 (/opt/ros/jazzy/share/ament_cmake/cmake)
[0.194s] -- OpenNI found (version: 1.5.4.0, include: /usr/include/ni, lib: /usr/lib/libOpenNI.so;libusb::libusb)
[0.197s] -- OpenNI2 found (version: 2.2.0.33, include: /usr/include/openni2, lib: /usr/lib/x86_64-linux-gnu/libOpenNI2.so;libusb::libusb)
[0.555s] [33mCMake Warning (dev) at /usr/lib/x86_64-linux-gnu/cmake/pcl/Modules/FindFLANN.cmake:45 (find_package):
[0.556s]   Policy CMP0144 is not set: find_package uses upper-case <PACKAGENAME>_ROOT
[0.556s]   variables.  Run "cmake --help-policy CMP0144" for policy details.  Use the
[0.556s]   cmake_policy command to set the policy and suppress this warning.
[0.556s] 
[0.556s]   CMake variable FLANN_ROOT is set to:
[0.556s] 
[0.556s]     /usr
[0.556s] 
[0.556s]   For compatibility, find_package is ignoring the variable, but code in a
[0.556s]   .cmake module might still use it.
[0.556s] Call Stack (most recent call first):
[0.556s]   /usr/lib/x86_64-linux-gnu/cmake/pcl/PCLConfig.cmake:261 (find_package)
[0.556s]   /usr/lib/x86_64-linux-gnu/cmake/pcl/PCLConfig.cmake:306 (find_flann)
[0.556s]   /usr/lib/x86_64-linux-gnu/cmake/pcl/PCLConfig.cmake:570 (find_external_library)
[0.556s]   CMakeLists.txt:19 (find_package)
[0.556s] This warning is for project developers.  Use -Wno-dev to suppress it.
[0.556s] [0m
[0.556s] -- Found flann version 1.9.2
[0.557s] -- Found Qhull version 8.0.2
[1.449s] -- OpenNI found (version: 1.5.4.0, include: /usr/include/ni, lib: /usr/lib/libOpenNI.so;libusb::libusb)
[1.453s] -- OpenNI2 found (version: 2.2.0.33, include: /usr/include/openni2, lib: /usr/lib/x86_64-linux-gnu/libOpenNI2.so;libusb::libusb)
[1.754s] -- looking for PCL_COMMON
[1.754s] -- looking for PCL_OCTREE
[1.754s] -- looking for PCL_IO
[1.754s] -- looking for PCL_KDTREE
[1.754s] -- looking for PCL_SEARCH
[1.755s] -- looking for PCL_SURFACE
[1.755s] -- looking for PCL_FILTERS
[1.755s] -- looking for PCL_2D
[1.755s] -- looking for PCL_FEATURES
[1.755s] -- looking for PCL_REGISTRATION
[1.756s] -- looking for PCL_SAMPLE_CONSENSUS
[1.756s] -- looking for PCL_GEOMETRY
[1.756s] -- looking for PCL_ML
[1.756s] -- looking for PCL_SEGMENTATION
[1.757s] -- looking for PCL_VISUALIZATION
[1.776s] [33mCMake Warning (dev) at /usr/share/cmake-3.28/Modules/FindPackageHandleStandardArgs.cmake:438 (message):
[1.776s]   The package name passed to `find_package_handle_standard_args` (torch) does
[1.776s]   not match the name of the calling package (Torch).  This can lead to
[1.776s]   problems in calling code that expects `find_package` result variables
[1.776s]   (e.g., `_FOUND`) to follow a certain pattern.
[1.776s] Call Stack (most recent call first):
[1.776s]   /home/elioowo/libraries/libtorch/share/cmake/Torch/TorchConfig.cmake:103 (find_package_handle_standard_args)
[1.776s]   CMakeLists.txt:26 (find_package)
[1.776s] This warning is for project developers.  Use -Wno-dev to suppress it.
[1.776s] [0m
[1.777s] -- Found rosidl_default_generators: 1.6.0 (/opt/ros/jazzy/share/rosidl_default_generators/cmake)
[1.778s] -- Using all available rosidl_typesupport_c: rosidl_typesupport_fastrtps_c;rosidl_typesupport_introspection_c
[1.796s] -- Using all available rosidl_typesupport_cpp: rosidl_typesupport_fastrtps_cpp;rosidl_typesupport_introspection_cpp
[1.817s] -- Found rosidl_adapter: 4.6.7 (/opt/ros/jazzy/share/rosidl_adapter/cmake)
[1.974s] [31mCMake Error at /opt/ros/jazzy/share/rosidl_cmake/cmake/rosidl_generate_interfaces.cmake:192 (message):
[1.974s]   rosidl_generate_interfaces() the passed dependency 'std_msgs' has not been
[1.974s]   found before using find_package()
[1.974s] Call Stack (most recent call first):
[1.974s]   CMakeLists.txt:33 (rosidl_generate_interfaces)
[1.974s] 
[1.974s] [0m
[1.974s] -- Configuring incomplete, errors occurred!
[1.987s] Invoked command in '/home/elioowo/ros_sfm/sfm_ros2/build/sfm_ros2' returned '1': CMAKE_PREFIX_PATH=${CMAKE_PREFIX_PATH}:/opt/ros/jazzy DEBUGINFOD_URLS=https://debuginfod.ubuntu.com /usr/bin/cmake /home/elioowo/ros_sfm/sfm_ros2 -DCMAKE_INSTALL_PREFIX=/home/elioowo/ros_sfm/sfm_ros2/install/sfm_ros2
