[01m[K/home/elioowo/ros_sfm/sfm_ros2/src/sfm.cpp:[m[K In constructor ‘[01m[KsemanticSfm::[01;32m[KsemanticSfm[m[K(rclcpp::Node::SharedPtr)[m[K’:
[01m[K/home/elioowo/ros_sfm/sfm_ros2/src/sfm.cpp:23:86:[m[K [01;31m[Kerror: [m[Kno match for ‘[01m[Koperator=[m[K’ (operand types are ‘[01m[Krclcpp::Publisher<visualization_msgs::msg::Marker_<std::allocator<void> > >::SharedPtr[m[K’ {aka ‘[01m[Kstd::shared_ptr<rclcpp::Publisher<visualization_msgs::msg::Marker_<std::allocator<void> > > >[m[K’} and ‘[01m[Kstd::shared_ptr<rclcpp::Publisher<sfm_ros2::msg::MapGraph_<std::allocator<void> >, std::allocator<void> > >[m[K’)
   23 |     sfmMapGraph_ = node_->create_publisher<sfm_ros2::msg::MapGraph>("sfm/MapGraph", 1[01;31m[K)[m[K;
      |                                                                                      [01;31m[K^[m[K
In file included from [01m[K/usr/include/c++/13/memory:80[m[K,
                 from [01m[K/opt/ros/jazzy/include/rclcpp/rclcpp/rclcpp.hpp:169[m[K,
                 from [01m[K/home/elioowo/ros_sfm/sfm_ros2/include/sfm/sfm.h:5[m[K,
                 from [01m[K/home/elioowo/ros_sfm/sfm_ros2/src/sfm.cpp:1[m[K:
[01m[K/usr/include/c++/13/bits/shared_ptr.h:418:9:[m[K [01;36m[Knote: [m[Kcandidate: ‘[01m[Ktemplate<class _Yp> std::shared_ptr<_Tp>::_Assignable<const std::shared_ptr<_Yp>&> std::shared_ptr<_Tp>::[01;32m[Koperator=[m[K(const std::shared_ptr<_Yp>&) [35m[K[with _Tp = rclcpp::Publisher<visualization_msgs::msg::Marker_<std::allocator<void> > >][m[K[m[K’
  418 |         [01;36m[Koperator[m[K=(const shared_ptr<_Yp>& __r) noexcept
      |         [01;36m[K^~~~~~~~[m[K
[01m[K/usr/include/c++/13/bits/shared_ptr.h:418:9:[m[K [01;36m[Knote: [m[K  template argument deduction/substitution failed:
/usr/include/c++/13/bits/shared_ptr.h: In substitution of ‘[01m[Ktemplate<class _Tp> template<class _Arg> using std::shared_ptr<_Tp>::_Assignable = typename std::enable_if<std::is_assignable<std::__shared_ptr<_Tp>&, _Arg>::value, std::shared_ptr<_Tp>&>::type [35m[K[with _Arg = const std::shared_ptr<rclcpp::Publisher<sfm_ros2::msg::MapGraph_<std::allocator<void> >, std::allocator<void> > >&; _Tp = rclcpp::Publisher<visualization_msgs::msg::Marker_<std::allocator<void> > >][m[K[m[K’:
[01m[K/usr/include/c++/13/bits/shared_ptr.h:418:2:[m[K   required by substitution of ‘[01m[Ktemplate<class _Yp> std::shared_ptr<rclcpp::Publisher<visualization_msgs::msg::Marker_<std::allocator<void> > > >::_Assignable<const std::shared_ptr<_Tp>&> std::shared_ptr<rclcpp::Publisher<visualization_msgs::msg::Marker_<std::allocator<void> > > >::[01;32m[Koperator=[m[K(const std::shared_ptr<_Tp>&) [35m[K[with _Yp = rclcpp::Publisher<sfm_ros2::msg::MapGraph_<std::allocator<void> >, std::allocator<void> >][m[K[m[K’
[01m[K/home/elioowo/ros_sfm/sfm_ros2/src/sfm.cpp:23:86:[m[K   required from here
[01m[K/usr/include/c++/13/bits/shared_ptr.h:183:15:[m[K [01;31m[Kerror: [m[Kno type named ‘[01m[Ktype[m[K’ in ‘[01m[Kstruct std::enable_if<false, std::shared_ptr<rclcpp::Publisher<visualization_msgs::msg::Marker_<std::allocator<void> > > >&>[m[K’
  183 |         using [01;31m[K_Assignable[m[K = typename enable_if<
      |               [01;31m[K^~~~~~~~~~~[m[K
[01m[K/usr/include/c++/13/bits/shared_ptr.h:429:9:[m[K [01;36m[Knote: [m[Kcandidate: ‘[01m[Ktemplate<class _Yp> std::shared_ptr<_Tp>::_Assignable<std::auto_ptr<_Up> > std::shared_ptr<_Tp>::[01;32m[Koperator=[m[K(std::auto_ptr<_Up>&&) [35m[K[with _Tp = rclcpp::Publisher<visualization_msgs::msg::Marker_<std::allocator<void> > >][m[K[m[K’
  429 |         [01;36m[Koperator[m[K=(auto_ptr<_Yp>&& __r)
      |         [01;36m[K^~~~~~~~[m[K
[01m[K/usr/include/c++/13/bits/shared_ptr.h:429:9:[m[K [01;36m[Knote: [m[K  template argument deduction/substitution failed:
[01m[K/home/elioowo/ros_sfm/sfm_ros2/src/sfm.cpp:23:86:[m[K [01;36m[Knote: [m[K  ‘[01m[Kstd::shared_ptr<rclcpp::Publisher<sfm_ros2::msg::MapGraph_<std::allocator<void> >, std::allocator<void> > >[m[K’ is not derived from ‘[01m[Kstd::auto_ptr<_Up>[m[K’
   23 |     sfmMapGraph_ = node_->create_publisher<sfm_ros2::msg::MapGraph>("sfm/MapGraph", 1[01;36m[K)[m[K;
      |                                                                                      [01;36m[K^[m[K
[01m[K/usr/include/c++/13/bits/shared_ptr.h:446:9:[m[K [01;36m[Knote: [m[Kcandidate: ‘[01m[Ktemplate<class _Yp> std::shared_ptr<_Tp>::_Assignable<std::shared_ptr<_Yp> > std::shared_ptr<_Tp>::[01;32m[Koperator=[m[K(std::shared_ptr<_Yp>&&) [35m[K[with _Tp = rclcpp::Publisher<visualization_msgs::msg::Marker_<std::allocator<void> > >][m[K[m[K’
  446 |         [01;36m[Koperator[m[K=(shared_ptr<_Yp>&& __r) noexcept
      |         [01;36m[K^~~~~~~~[m[K
[01m[K/usr/include/c++/13/bits/shared_ptr.h:446:9:[m[K [01;36m[Knote: [m[K  template argument deduction/substitution failed:
/usr/include/c++/13/bits/shared_ptr.h: In substitution of ‘[01m[Ktemplate<class _Tp> template<class _Arg> using std::shared_ptr<_Tp>::_Assignable = typename std::enable_if<std::is_assignable<std::__shared_ptr<_Tp>&, _Arg>::value, std::shared_ptr<_Tp>&>::type [35m[K[with _Arg = std::shared_ptr<rclcpp::Publisher<sfm_ros2::msg::MapGraph_<std::allocator<void> >, std::allocator<void> > >; _Tp = rclcpp::Publisher<visualization_msgs::msg::Marker_<std::allocator<void> > >][m[K[m[K’:
[01m[K/usr/include/c++/13/bits/shared_ptr.h:446:2:[m[K   required by substitution of ‘[01m[Ktemplate<class _Yp> std::shared_ptr<rclcpp::Publisher<visualization_msgs::msg::Marker_<std::allocator<void> > > >::_Assignable<std::shared_ptr<_Tp> > std::shared_ptr<rclcpp::Publisher<visualization_msgs::msg::Marker_<std::allocator<void> > > >::[01;32m[Koperator=[m[K(std::shared_ptr<_Tp>&&) [35m[K[with _Yp = rclcpp::Publisher<sfm_ros2::msg::MapGraph_<std::allocator<void> >, std::allocator<void> >][m[K[m[K’
[01m[K/home/elioowo/ros_sfm/sfm_ros2/src/sfm.cpp:23:86:[m[K   required from here
[01m[K/usr/include/c++/13/bits/shared_ptr.h:183:15:[m[K [01;31m[Kerror: [m[Kno type named ‘[01m[Ktype[m[K’ in ‘[01m[Kstruct std::enable_if<false, std::shared_ptr<rclcpp::Publisher<visualization_msgs::msg::Marker_<std::allocator<void> > > >&>[m[K’
  183 |         using [01;31m[K_Assignable[m[K = typename enable_if<
      |               [01;31m[K^~~~~~~~~~~[m[K
[01m[K/usr/include/c++/13/bits/shared_ptr.h:454:9:[m[K [01;36m[Knote: [m[Kcandidate: ‘[01m[Ktemplate<class _Yp, class _Del> std::shared_ptr<_Tp>::_Assignable<std::unique_ptr<_Up, _Ep> > std::shared_ptr<_Tp>::[01;32m[Koperator=[m[K(std::unique_ptr<_Up, _Ep>&&) [35m[K[with _Del = _Yp; _Tp = rclcpp::Publisher<visualization_msgs::msg::Marker_<std::allocator<void> > >][m[K[m[K’
  454 |         [01;36m[Koperator[m[K=(unique_ptr<_Yp, _Del>&& __r)
      |         [01;36m[K^~~~~~~~[m[K
[01m[K/usr/include/c++/13/bits/shared_ptr.h:454:9:[m[K [01;36m[Knote: [m[K  template argument deduction/substitution failed:
[01m[K/home/elioowo/ros_sfm/sfm_ros2/src/sfm.cpp:23:86:[m[K [01;36m[Knote: [m[K  ‘[01m[Kstd::shared_ptr<rclcpp::Publisher<sfm_ros2::msg::MapGraph_<std::allocator<void> >, std::allocator<void> > >[m[K’ is not derived from ‘[01m[Kstd::unique_ptr<_Tp, _Dp>[m[K’
   23 |     sfmMapGraph_ = node_->create_publisher<sfm_ros2::msg::MapGraph>("sfm/MapGraph", 1[01;36m[K)[m[K;
      |                                                                                      [01;36m[K^[m[K
[01m[K/usr/include/c++/13/bits/shared_ptr.h:414:19:[m[K [01;36m[Knote: [m[Kcandidate: ‘[01m[Kstd::shared_ptr<_Tp>& std::shared_ptr<_Tp>::[01;32m[Koperator=[m[K(const std::shared_ptr<_Tp>&) [35m[K[with _Tp = rclcpp::Publisher<visualization_msgs::msg::Marker_<std::allocator<void> > >][m[K[m[K’
  414 |       shared_ptr& [01;36m[Koperator[m[K=(const shared_ptr&) noexcept = default;
      |                   [01;36m[K^~~~~~~~[m[K
[01m[K/usr/include/c++/13/bits/shared_ptr.h:414:29:[m[K [01;36m[Knote: [m[K  no known conversion for argument 1 from ‘[01m[Kstd::shared_ptr<rclcpp::Publisher<sfm_ros2::msg::MapGraph_<std::allocator<void> >, std::allocator<void> > >[m[K’ to ‘[01m[Kconst std::shared_ptr<rclcpp::Publisher<visualization_msgs::msg::Marker_<std::allocator<void> > > >&[m[K’
  414 |       shared_ptr& operator=([01;36m[Kconst shared_ptr&[m[K) noexcept = default;
      |                             [01;36m[K^~~~~~~~~~~~~~~~~[m[K
[01m[K/usr/include/c++/13/bits/shared_ptr.h:438:7:[m[K [01;36m[Knote: [m[Kcandidate: ‘[01m[Kstd::shared_ptr<_Tp>& std::shared_ptr<_Tp>::[01;32m[Koperator=[m[K(std::shared_ptr<_Tp>&&) [35m[K[with _Tp = rclcpp::Publisher<visualization_msgs::msg::Marker_<std::allocator<void> > >][m[K[m[K’
  438 |       [01;36m[Koperator[m[K=(shared_ptr&& __r) noexcept
      |       [01;36m[K^~~~~~~~[m[K
[01m[K/usr/include/c++/13/bits/shared_ptr.h:438:30:[m[K [01;36m[Knote: [m[K  no known conversion for argument 1 from ‘[01m[Kstd::shared_ptr<rclcpp::Publisher<sfm_ros2::msg::MapGraph_<std::allocator<void> >, std::allocator<void> > >[m[K’ to ‘[01m[Kstd::shared_ptr<rclcpp::Publisher<visualization_msgs::msg::Marker_<std::allocator<void> > > >&&[m[K’
  438 |       operator=([01;36m[Kshared_ptr&& __r[m[K) noexcept
      |                 [01;36m[K~~~~~~~~~~~~~^~~[m[K
[01m[K/home/elioowo/ros_sfm/sfm_ros2/src/sfm.cpp:30:77:[m[K [01;31m[Kerror: [m[K‘[01m[KSyncPolicy[m[K’ was not declared in this scope; did you mean ‘[01m[KsfmSyncPolicy_[m[K’?
   30 |     sync_ = std::make_shared<message_filters::Synchronizer<sfmSyncPolicy_>>([01;31m[KSyncPolicy[m[K(2));
      |                                                                             [01;31m[K^~~~~~~~~~[m[K
      |                                                                             [32m[KsfmSyncPolicy_[m[K
[01m[K/home/elioowo/ros_sfm/sfm_ros2/src/sfm.cpp:[m[K At global scope:
[01m[K/home/elioowo/ros_sfm/sfm_ros2/src/sfm.cpp:84:16:[m[K [01;31m[Kerror: [m[K‘[01m[KPoseStamped[m[K’ in namespace ‘[01m[Kgeometry_msgs[m[K’ does not name a type
   84 | geometry_msgs::[01;31m[KPoseStamped[m[K semanticSfm::navToGeoStampMsg_(const nav_msgs::Odometry::SharedPtr cameraExtrensics)
      |                [01;31m[K^~~~~~~~~~~[m[K
[01m[K/home/elioowo/ros_sfm/sfm_ros2/src/sfm.cpp:[m[K In member function ‘[01m[Kcv::Mat semanticSfm::[01;32m[KforwardPass_[m[K(cv::Mat)[m[K’:
[01m[K/home/elioowo/ros_sfm/sfm_ros2/src/sfm.cpp:107:25:[m[K [01;31m[Kerror: [m[K‘[01m[KThreshold[m[K’ is not a member of ‘[01m[Ktorch::nn[m[K’
  107 |     auto m = torch::nn::[01;31m[KThreshold[m[K(0.6, 0);
      |                         [01;31m[K^~~~~~~~~[m[K
[01m[K/home/elioowo/ros_sfm/sfm_ros2/src/sfm.cpp:[m[K At global scope:
[01m[K/home/elioowo/ros_sfm/sfm_ros2/src/sfm.cpp:131:16:[m[K [01;31m[Kerror: [m[K‘[01m[KPose[m[K’ in namespace ‘[01m[Kgeometry_msgs[m[K’ does not name a type
  131 | geometry_msgs::[01;31m[KPose[m[K semanticSfm::navToGeoMsg_(const nav_msgs::Odometry::SharedPtr cameraExtrensics)
      |                [01;31m[K^~~~[m[K
[01m[K/home/elioowo/ros_sfm/sfm_ros2/src/sfm.cpp:138:51:[m[K [01;31m[Kerror: [m[K‘[01m[KImage[m[K’ in namespace ‘[01m[Ksensor_msgs[m[K’ does not name a type
  138 | void semanticSfm::sfmCallBack_(const sensor_msgs::[01;31m[KImage[m[K::SharedPtr rgb, const sensor_msgs::Image::SharedPtr depthMap, const sensor_msgs::CameraInfo::SharedPtr cameraIntrensics, const nav_msgs::Odometry::SharedPtr cameraExtrensics)
      |                                                   [01;31m[K^~~~~[m[K
[01m[K/home/elioowo/ros_sfm/sfm_ros2/src/sfm.cpp:138:68:[m[K [01;31m[Kerror: [m[Kexpected unqualified-id before ‘[01m[Krgb[m[K’
  138 | void semanticSfm::sfmCallBack_(const sensor_msgs::Image::SharedPtr [01;31m[Krgb[m[K, const sensor_msgs::Image::SharedPtr depthMap, const sensor_msgs::CameraInfo::SharedPtr cameraIntrensics, const nav_msgs::Odometry::SharedPtr cameraExtrensics)
      |                                                                    [01;31m[K^~~[m[K
[01m[K/home/elioowo/ros_sfm/sfm_ros2/src/sfm.cpp:138:67:[m[K [01;31m[Kerror: [m[Kexpected ‘[01m[K)[m[K’ before ‘[01m[Krgb[m[K’
  138 | void semanticSfm::sfmCallBack_[34m[K([m[Kconst sensor_msgs::Image::SharedPtr[01;31m[K [m[K[32m[Krgb[m[K, const sensor_msgs::Image::SharedPtr depthMap, const sensor_msgs::CameraInfo::SharedPtr cameraIntrensics, const nav_msgs::Odometry::SharedPtr cameraExtrensics)
      |                               [34m[K~[m[K                                   [01;31m[K^[m[K[32m[K~~~[m[K
      |                                                                   [32m[K)[m[K
[01m[K/home/elioowo/ros_sfm/sfm_ros2/src/sfm.cpp:138:68:[m[K [01;31m[Kerror: [m[Kexpected initializer before ‘[01m[Krgb[m[K’
  138 | void semanticSfm::sfmCallBack_(const sensor_msgs::Image::SharedPtr [01;31m[Krgb[m[K, const sensor_msgs::Image::SharedPtr depthMap, const sensor_msgs::CameraInfo::SharedPtr cameraIntrensics, const nav_msgs::Odometry::SharedPtr cameraExtrensics)
      |                                                                    [01;31m[K^~~[m[K
[01m[K/home/elioowo/ros_sfm/sfm_ros2/src/sfm.cpp:[m[K In function ‘[01m[Kint[01;32m[K main[m[K(int, char**)[m[K’:
[01m[K/home/elioowo/ros_sfm/sfm_ros2/src/sfm.cpp:220:9:[m[K [01;31m[Kerror: [m[K‘[01m[Kros[m[K’ has not been declared
  220 |         [01;31m[Kros[m[K::init(argc, argv, "sfm");
      |         [01;31m[K^~~[m[K
[01m[K/home/elioowo/ros_sfm/sfm_ros2/src/sfm.cpp:221:9:[m[K [01;31m[Kerror: [m[K‘[01m[Kros[m[K’ has not been declared
  221 |         [01;31m[Kros[m[K::NodeHandle nh;
      |         [01;31m[K^~~[m[K
[01m[K/home/elioowo/ros_sfm/sfm_ros2/src/sfm.cpp:222:54:[m[K [01;31m[Kerror: [m[K‘[01m[Knh[m[K’ was not declared in this scope
  222 |         semanticSfm* semanticSfm_ = new semanticSfm(&[01;31m[Knh[m[K);
      |                                                      [01;31m[K^~[m[K
[01m[K/home/elioowo/ros_sfm/sfm_ros2/src/sfm.cpp:223:9:[m[K [01;31m[Kerror: [m[K‘[01m[Kros[m[K’ has not been declared
  223 |         [01;31m[Kros[m[K::MultiThreadedSpinner spinner(12);
      |         [01;31m[K^~~[m[K
[01m[K/home/elioowo/ros_sfm/sfm_ros2/src/sfm.cpp:224:5:[m[K [01;31m[Kerror: [m[K‘[01m[Kspinner[m[K’ was not declared in this scope
  224 |     [01;31m[Kspinner[m[K.spin();
      |     [01;31m[K^~~~~~~[m[K
[01m[K/home/elioowo/ros_sfm/sfm_ros2/src/sfm.cpp:222:22:[m[K [01;35m[Kwarning: [m[Kunused variable ‘[01m[KsemanticSfm_[m[K’ [[01;35m[K]8;;https://gcc.gnu.org/onlinedocs/gcc/Warning-Options.html#index-Wunused-variable-Wunused-variable]8;;[m[K]
  222 |         semanticSfm* [01;35m[KsemanticSfm_[m[K = new semanticSfm(&nh);
      |                      [01;35m[K^~~~~~~~~~~~[m[K
In file included from [01m[K/opt/ros/jazzy/include/message_filters/message_filters/synchronizer.h:47[m[K,
                 from [01m[K/opt/ros/jazzy/include/message_filters/message_filters/time_synchronizer.h:41[m[K,
                 from [01m[K/home/elioowo/ros_sfm/sfm_ros2/include/sfm/sfm.h:20[m[K:
/opt/ros/jazzy/include/message_filters/message_filters/signal9.h: In instantiation of ‘[01m[Kmessage_filters::Connection message_filters::Signal9<M0, M1, M2, M3, M4, M5, M6, M7, M8>::[01;32m[KaddCallback[m[K(C&) [35m[K[with C = const std::_Bind<void (semanticSfm::*(semanticSfm*, std::_Placeholder<1>, std::_Placeholder<2>, std::_Placeholder<3>, std::_Placeholder<4>))(std::shared_ptr<sensor_msgs::msg::Image_<std::allocator<void> > >, std::shared_ptr<sensor_msgs::msg::Image_<std::allocator<void> > >, std::shared_ptr<sensor_msgs::msg::CameraInfo_<std::allocator<void> > >, std::shared_ptr<nav_msgs::msg::Odometry_<std::allocator<void> > >)>; M0 = sensor_msgs::msg::Image_<std::allocator<void> >; M1 = sensor_msgs::msg::Image_<std::allocator<void> >; M2 = sensor_msgs::msg::CameraInfo_<std::allocator<void> >; M3 = nav_msgs::msg::Odometry_<std::allocator<void> >; M4 = message_filters::NullType; M5 = message_filters::NullType; M6 = message_filters::NullType; M7 = message_filters::NullType; M8 = message_filters::NullType][m[K[m[K’:
[01m[K/opt/ros/jazzy/include/message_filters/message_filters/synchronizer.h:298:31:[m[K   required from ‘[01m[Kmessage_filters::Connection message_filters::Synchronizer<Policy>::[01;32m[KregisterCallback[m[K(const C&) [35m[K[with C = std::_Bind<void (semanticSfm::*(semanticSfm*, std::_Placeholder<1>, std::_Placeholder<2>, std::_Placeholder<3>, std::_Placeholder<4>))(std::shared_ptr<sensor_msgs::msg::Image_<std::allocator<void> > >, std::shared_ptr<sensor_msgs::msg::Image_<std::allocator<void> > >, std::shared_ptr<sensor_msgs::msg::CameraInfo_<std::allocator<void> > >, std::shared_ptr<nav_msgs::msg::Odometry_<std::allocator<void> > >)>; Policy = message_filters::sync_policies::ApproximateTime<sensor_msgs::msg::Image_<std::allocator<void> >, sensor_msgs::msg::Image_<std::allocator<void> >, sensor_msgs::msg::CameraInfo_<std::allocator<void> >, nav_msgs::msg::Odometry_<std::allocator<void> > >][m[K[m[K’
[01m[K/home/elioowo/ros_sfm/sfm_ros2/src/sfm.cpp:34:28:[m[K   required from here
[01m[K/opt/ros/jazzy/include/message_filters/message_filters/signal9.h:280:40:[m[K [01;31m[Kerror: [m[Kno matching function for call to ‘[01m[Kmessage_filters::Signal9<sensor_msgs::msg::Image_<std::allocator<void> >, sensor_msgs::msg::Image_<std::allocator<void> >, sensor_msgs::msg::CameraInfo_<std::allocator<void> >, nav_msgs::msg::Odometry_<std::allocator<void> >, message_filters::NullType, message_filters::NullType, message_filters::NullType, message_filters::NullType, message_filters::NullType>::addCallback<const message_filters::Signal9<sensor_msgs::msg::Image_<std::allocator<void> >, sensor_msgs::msg::Image_<std::allocator<void> >, sensor_msgs::msg::CameraInfo_<std::allocator<void> >, nav_msgs::msg::Odometry_<std::allocator<void> >, message_filters::NullType, message_filters::NullType, message_filters::NullType, message_filters::NullType, message_filters::NullType>::M0ConstPtr&, const message_filters::Signal9<sensor_msgs::msg::Image_<std::allocator<void> >, sensor_msgs::msg::Image_<std::allocator<void> >, sensor_msgs::msg::CameraInfo_<std::allocator<void> >, nav_msgs::msg::Odometry_<std::allocator<void> >, message_filters::NullType, message_filters::NullType, message_filters::NullType, message_filters::NullType, message_filters::NullType>::M1ConstPtr&, const message_filters::Signal9<sensor_msgs::msg::Image_<std::allocator<void> >, sensor_msgs::msg::Image_<std::allocator<void> >, sensor_msgs::msg::CameraInfo_<std::allocator<void> >, nav_msgs::msg::Odometry_<std::allocator<void> >, message_filters::NullType, message_filters::NullType, message_filters::NullType, message_filters::NullType, message_filters::NullType>::M2ConstPtr&, const message_filters::Signal9<sensor_msgs::msg::Image_<std::allocator<void> >, sensor_msgs::msg::Image_<std::allocator<void> >, sensor_msgs::msg::CameraInfo_<std::allocator<void> >, nav_msgs::msg::Odometry_<std::allocator<void> >, message_filters::NullType, message_filters::NullType, message_filters::NullType, message_filters::NullType, message_filters::NullType>::M3ConstPtr&, const message_filters::Signal9<sensor_msgs::msg::Image_<std::allocator<void> >, sensor_msgs::msg::Image_<std::allocator<void> >, sensor_msgs::msg::CameraInfo_<std::allocator<void> >, nav_msgs::msg::Odometry_<std::allocator<void> >, message_filters::NullType, message_filters::NullType, message_filters::NullType, message_filters::NullType, message_filters::NullType>::M4ConstPtr&, const message_filters::Signal9<sensor_msgs::msg::Image_<std::allocator<void> >, sensor_msgs::msg::Image_<std::allocator<void> >, sensor_msgs::msg::CameraInfo_<std::allocator<void> >, nav_msgs::msg::Odometry_<std::allocator<void> >, message_filters::NullType, message_filters::NullType, message_filters::NullType, message_filters::NullType, message_filters::NullType>::M5ConstPtr&, const message_filters::Signal9<sensor_msgs::msg::Image_<std::allocator<void> >, sensor_msgs::msg::Image_<std::allocator<void> >, sensor_msgs::msg::CameraInfo_<std::allocator<void> >, nav_msgs::msg::Odometry_<std::allocator<void> >, message_filters::NullType, message_filters::NullType, message_filters::NullType, message_filters::NullType, message_filters::NullType>::M6ConstPtr&, const message_filters::Signal9<sensor_msgs::msg::Image_<std::allocator<void> >, sensor_msgs::msg::Image_<std::allocator<void> >, sensor_msgs::msg::CameraInfo_<std::allocator<void> >, nav_msgs::msg::Odometry_<std::allocator<void> >, message_filters::NullType, message_filters::NullType, message_filters::NullType, message_filters::NullType, message_filters::NullType>::M7ConstPtr&, const message_filters::Signal9<sensor_msgs::msg::Image_<std::allocator<void> >, sensor_msgs::msg::Image_<std::allocator<void> >, sensor_msgs::msg::CameraInfo_<std::allocator<void> >, nav_msgs::msg::Odometry_<std::allocator<void> >, message_filters::NullType, message_filters::NullType, message_filters::NullType, message_filters::NullType, message_filters::NullType>::M8ConstPtr&>(std::_Bind_helper<false, const std::_Bind<void (semanticSfm::*(semanticSfm*, std::_Placeholder<1>, std::_Placeholder<2>, std::_Placeholder<3>, std::_Placeholder<4>))(std::shared_ptr<sensor_msgs::msg::Image_<std::allocator<void> > >, std::shared_ptr<sensor_msgs::msg::Image_<std::allocator<void> > >, std::shared_ptr<sensor_msgs::msg::CameraInfo_<std::allocator<void> > >, std::shared_ptr<nav_msgs::msg::Odometry_<std::allocator<void> > >)>&, const std::_Placeholder<1>&, const std::_Placeholder<2>&, const std::_Placeholder<3>&, const std::_Placeholder<4>&, const std::_Placeholder<5>&, const std::_Placeholder<6>&, const std::_Placeholder<7>&, const std::_Placeholder<8>&, const std::_Placeholder<9>&>::type)[m[K’
  272 |     return [01;31m[KaddCallback<const M0ConstPtr&,[m[K
      |            [01;31m[K~~~~~~~~~~~~~~~~~~~~~~~~~~~~~~[m[K
  273 | [01;31m[K                     const M1ConstPtr&,[m[K
      |                      [01;31m[K~~~~~~~~~~~~~~~~~~[m[K 
  274 | [01;31m[K                     const M2ConstPtr&,[m[K
      |                      [01;31m[K~~~~~~~~~~~~~~~~~~[m[K 
  275 | [01;31m[K                     const M3ConstPtr&,[m[K
      |                      [01;31m[K~~~~~~~~~~~~~~~~~~[m[K 
  276 | [01;31m[K                     const M4ConstPtr&,[m[K
      |                      [01;31m[K~~~~~~~~~~~~~~~~~~[m[K 
  277 | [01;31m[K                     const M5ConstPtr&,[m[K
      |                      [01;31m[K~~~~~~~~~~~~~~~~~~[m[K 
  278 | [01;31m[K                     const M6ConstPtr&,[m[K
      |                      [01;31m[K~~~~~~~~~~~~~~~~~~[m[K 
  279 | [01;31m[K                     const M7ConstPtr&,[m[K
      |                      [01;31m[K~~~~~~~~~~~~~~~~~~[m[K 
  280 | [01;31m[K                     const M8ConstPtr&>(std::bind(callback, std::placeholders::_1, std::placeholders::_2, std::placeholders::_3, std::placeholders::_4, std::placeholders::_5, std::placeholders::_6, std::placeholders::_7, std::placeholders::_8, std::placeholders::_9))[m[K;
      |                      [01;31m[K~~~~~~~~~~~~~~~~~~^~~~~~~~~~~~~~~~~~~~~~~~~~~~~~~~~~~~~~~~~~~~~~~~~~~~~~~~~~~~~~~~~~~~~~~~~~~~~~~~~~~~~~~~~~~~~~~~~~~~~~~~~~~~~~~~~~~~~~~~~~~~~~~~~~~~~~~~~~~~~~~~~~~~~~~~~~~~~~~~~~~~~~~~~~~~~~~~~~~~~~~~~~~~~~~~~~~~~~~~~~~~~~~~~~~~~~~~~~~~~~~~~~~~[m[K
[01m[K/opt/ros/jazzy/include/message_filters/message_filters/signal9.h:170:14:[m[K [01;36m[Knote: [m[Kcandidate: ‘[01m[Kmessage_filters::Connection message_filters::Signal9<M0, M1, M2, M3, M4, M5, M6, M7, M8>::[01;32m[KaddCallback[m[K(const std::function<void(P0, P1, P2, P3, P4, P5, P6, P7, P8)>&) [35m[K[with P0 = const std::shared_ptr<const sensor_msgs::msg::Image_<std::allocator<void> > >&; P1 = const std::shared_ptr<const sensor_msgs::msg::Image_<std::allocator<void> > >&; P2 = const std::shared_ptr<const sensor_msgs::msg::CameraInfo_<std::allocator<void> > >&; P3 = const std::shared_ptr<const nav_msgs::msg::Odometry_<std::allocator<void> > >&; P4 = const std::shared_ptr<const message_filters::NullType>&; P5 = const std::shared_ptr<const message_filters::NullType>&; P6 = const std::shared_ptr<const message_filters::NullType>&; P7 = const std::shared_ptr<const message_filters::NullType>&; P8 = const std::shared_ptr<const message_filters::NullType>&; M0 = sensor_msgs::msg::Image_<std::allocator<void> >; M1 = sensor_msgs::msg::Image_<std::allocator<void> >; M2 = sensor_msgs::msg::CameraInfo_<std::allocator<void> >; M3 = nav_msgs::msg::Odometry_<std::allocator<void> >; M4 = message_filters::NullType; M5 = message_filters::NullType; M6 = message_filters::NullType; M7 = message_filters::NullType; M8 = message_filters::NullType][m[K[m[K’
  170 |   Connection [01;36m[KaddCallback[m[K(const std::function<void(P0, P1, P2, P3, P4, P5, P6, P7, P8)>& callback)
      |              [01;36m[K^~~~~~~~~~~[m[K
[01m[K/opt/ros/jazzy/include/message_filters/message_filters/signal9.h:170:89:[m[K [01;36m[Knote: [m[K  no known conversion for argument 1 from ‘[01m[Kstd::_Bind_helper<false, const std::_Bind<void (semanticSfm::*(semanticSfm*, std::_Placeholder<1>, std::_Placeholder<2>, std::_Placeholder<3>, std::_Placeholder<4>))(std::shared_ptr<sensor_msgs::msg::Image_<std::allocator<void> > >, std::shared_ptr<sensor_msgs::msg::Image_<std::allocator<void> > >, std::shared_ptr<sensor_msgs::msg::CameraInfo_<std::allocator<void> > >, std::shared_ptr<nav_msgs::msg::Odometry_<std::allocator<void> > >)>&, const std::_Placeholder<1>&, const std::_Placeholder<2>&, const std::_Placeholder<3>&, const std::_Placeholder<4>&, const std::_Placeholder<5>&, const std::_Placeholder<6>&, const std::_Placeholder<7>&, const std::_Placeholder<8>&, const std::_Placeholder<9>&>::type[m[K’ to ‘[01m[Kconst std::function<void(const std::shared_ptr<const sensor_msgs::msg::Image_<std::allocator<void> > >&, const std::shared_ptr<const sensor_msgs::msg::Image_<std::allocator<void> > >&, const std::shared_ptr<const sensor_msgs::msg::CameraInfo_<std::allocator<void> > >&, const std::shared_ptr<const nav_msgs::msg::Odometry_<std::allocator<void> > >&, const std::shared_ptr<const message_filters::NullType>&, const std::shared_ptr<const message_filters::NullType>&, const std::shared_ptr<const message_filters::NullType>&, const std::shared_ptr<const message_filters::NullType>&, const std::shared_ptr<const message_filters::NullType>&)>&[m[K’
  170 |   Connection addCallback([01;36m[Kconst std::function<void(P0, P1, P2, P3, P4, P5, P6, P7, P8)>& callback[m[K)
      |                          [01;36m[K~~~~~~~~~~~~~~~~~~~~~~~~~~~~~~~~~~~~~~~~~~~~~~~~~~~~~~~~~~~~~~~^~~~~~~~[m[K
[01m[K/opt/ros/jazzy/include/message_filters/message_filters/signal9.h:180:14:[m[K [01;36m[Knote: [m[Kcandidate: ‘[01m[Ktemplate<class P0, class P1> message_filters::Connection message_filters::Signal9<M0, M1, M2, M3, M4, M5, M6, M7, M8>::[01;32m[KaddCallback[m[K(void (*)(P0, P1)) [35m[K[with P1 = P0; M0 = sensor_msgs::msg::Image_<std::allocator<void> >; M1 = sensor_msgs::msg::Image_<std::allocator<void> >; M2 = sensor_msgs::msg::CameraInfo_<std::allocator<void> >; M3 = nav_msgs::msg::Odometry_<std::allocator<void> >; M4 = message_filters::NullType; M5 = message_filters::NullType; M6 = message_filters::NullType; M7 = message_filters::NullType; M8 = message_filters::NullType][m[K[m[K’
  180 |   Connection [01;36m[KaddCallback[m[K(void(*callback)(P0, P1))
      |              [01;36m[K^~~~~~~~~~~[m[K
[01m[K/opt/ros/jazzy/include/message_filters/message_filters/signal9.h:180:14:[m[K [01;36m[Knote: [m[K  template argument deduction/substitution failed:
[01m[K/opt/ros/jazzy/include/message_filters/message_filters/signal9.h:280:40:[m[K [01;31m[Kerror: [m[Kwrong number of template arguments (9, should be 2)
  272 |     return [01;31m[KaddCallback<const M0ConstPtr&,[m[K
      |            [01;31m[K~~~~~~~~~~~~~~~~~~~~~~~~~~~~~~[m[K
  273 | [01;31m[K                     const M1ConstPtr&,[m[K
      |                      [01;31m[K~~~~~~~~~~~~~~~~~~[m[K 
  274 | [01;31m[K                     const M2ConstPtr&,[m[K
      |                      [01;31m[K~~~~~~~~~~~~~~~~~~[m[K 
  275 | [01;31m[K                     const M3ConstPtr&,[m[K
      |                      [01;31m[K~~~~~~~~~~~~~~~~~~[m[K 
  276 | [01;31m[K                     const M4ConstPtr&,[m[K
      |                      [01;31m[K~~~~~~~~~~~~~~~~~~[m[K 
  277 | [01;31m[K                     const M5ConstPtr&,[m[K
      |                      [01;31m[K~~~~~~~~~~~~~~~~~~[m[K 
  278 | [01;31m[K                     const M6ConstPtr&,[m[K
      |                      [01;31m[K~~~~~~~~~~~~~~~~~~[m[K 
  279 | [01;31m[K                     const M7ConstPtr&,[m[K
      |                      [01;31m[K~~~~~~~~~~~~~~~~~~[m[K 
  280 | [01;31m[K                     const M8ConstPtr&>(std::bind(callback, std::placeholders::_1, std::placeholders::_2, std::placeholders::_3, std::placeholders::_4, std::placeholders::_5, std::placeholders::_6, std::placeholders::_7, std::placeholders::_8, std::placeholders::_9))[m[K;
      |                      [01;31m[K~~~~~~~~~~~~~~~~~~^~~~~~~~~~~~~~~~~~~~~~~~~~~~~~~~~~~~~~~~~~~~~~~~~~~~~~~~~~~~~~~~~~~~~~~~~~~~~~~~~~~~~~~~~~~~~~~~~~~~~~~~~~~~~~~~~~~~~~~~~~~~~~~~~~~~~~~~~~~~~~~~~~~~~~~~~~~~~~~~~~~~~~~~~~~~~~~~~~~~~~~~~~~~~~~~~~~~~~~~~~~~~~~~~~~~~~~~~~~~~~~~~~~~[m[K
[01m[K/opt/ros/jazzy/include/message_filters/message_filters/signal9.h:180:14:[m[K [01;36m[Knote: [m[Kprovided for ‘[01m[Ktemplate<class P0, class P1> message_filters::Connection message_filters::Signal9<M0, M1, M2, M3, M4, M5, M6, M7, M8>::[01;32m[KaddCallback[m[K(void (*)(P0, P1)) [35m[K[with P1 = P0; M0 = sensor_msgs::msg::Image_<std::allocator<void> >; M1 = sensor_msgs::msg::Image_<std::allocator<void> >; M2 = sensor_msgs::msg::CameraInfo_<std::allocator<void> >; M3 = nav_msgs::msg::Odometry_<std::allocator<void> >; M4 = message_filters::NullType; M5 = message_filters::NullType; M6 = message_filters::NullType; M7 = message_filters::NullType; M8 = message_filters::NullType][m[K[m[K’
  180 |   Connection [01;36m[KaddCallback[m[K(void(*callback)(P0, P1))
      |              [01;36m[K^~~~~~~~~~~[m[K
[01m[K/opt/ros/jazzy/include/message_filters/message_filters/signal9.h:186:14:[m[K [01;36m[Knote: [m[Kcandidate: ‘[01m[Ktemplate<class P0, class P1, class P2> message_filters::Connection message_filters::Signal9<M0, M1, M2, M3, M4, M5, M6, M7, M8>::[01;32m[KaddCallback[m[K(void (*)(P0, P1, P2)) [35m[K[with P1 = P0; P2 = P1; M0 = sensor_msgs::msg::Image_<std::allocator<void> >; M1 = sensor_msgs::msg::Image_<std::allocator<void> >; M2 = sensor_msgs::msg::CameraInfo_<std::allocator<void> >; M3 = nav_msgs::msg::Odometry_<std::allocator<void> >; M4 = message_filters::NullType; M5 = message_filters::NullType; M6 = message_filters::NullType; M7 = message_filters::NullType; M8 = message_filters::NullType][m[K[m[K’
  186 |   Connection [01;36m[KaddCallback[m[K(void(*callback)(P0, P1, P2))
      |              [01;36m[K^~~~~~~~~~~[m[K
[01m[K/opt/ros/jazzy/include/message_filters/message_filters/signal9.h:186:14:[m[K [01;36m[Knote: [m[K  template argument deduction/substitution failed:
[01m[K/opt/ros/jazzy/include/message_filters/message_filters/signal9.h:280:40:[m[K [01;31m[Kerror: [m[Kwrong number of template arguments (9, should be 3)
  272 |     return [01;31m[KaddCallback<const M0ConstPtr&,[m[K
      |            [01;31m[K~~~~~~~~~~~~~~~~~~~~~~~~~~~~~~[m[K
  273 | [01;31m[K                     const M1ConstPtr&,[m[K
      |                      [01;31m[K~~~~~~~~~~~~~~~~~~[m[K 
  274 | [01;31m[K                     const M2ConstPtr&,[m[K
      |                      [01;31m[K~~~~~~~~~~~~~~~~~~[m[K 
  275 | [01;31m[K                     const M3ConstPtr&,[m[K
      |                      [01;31m[K~~~~~~~~~~~~~~~~~~[m[K 
  276 | [01;31m[K                     const M4ConstPtr&,[m[K
      |                      [01;31m[K~~~~~~~~~~~~~~~~~~[m[K 
  277 | [01;31m[K                     const M5ConstPtr&,[m[K
      |                      [01;31m[K~~~~~~~~~~~~~~~~~~[m[K 
  278 | [01;31m[K                     const M6ConstPtr&,[m[K
      |                      [01;31m[K~~~~~~~~~~~~~~~~~~[m[K 
  279 | [01;31m[K                     const M7ConstPtr&,[m[K
      |                      [01;31m[K~~~~~~~~~~~~~~~~~~[m[K 
  280 | [01;31m[K                     const M8ConstPtr&>(std::bind(callback, std::placeholders::_1, std::placeholders::_2, std::placeholders::_3, std::placeholders::_4, std::placeholders::_5, std::placeholders::_6, std::placeholders::_7, std::placeholders::_8, std::placeholders::_9))[m[K;
      |                      [01;31m[K~~~~~~~~~~~~~~~~~~^~~~~~~~~~~~~~~~~~~~~~~~~~~~~~~~~~~~~~~~~~~~~~~~~~~~~~~~~~~~~~~~~~~~~~~~~~~~~~~~~~~~~~~~~~~~~~~~~~~~~~~~~~~~~~~~~~~~~~~~~~~~~~~~~~~~~~~~~~~~~~~~~~~~~~~~~~~~~~~~~~~~~~~~~~~~~~~~~~~~~~~~~~~~~~~~~~~~~~~~~~~~~~~~~~~~~~~~~~~~~~~~~~~~[m[K
[01m[K/opt/ros/jazzy/include/message_filters/message_filters/signal9.h:186:14:[m[K [01;36m[Knote: [m[Kprovided for ‘[01m[Ktemplate<class P0, class P1, class P2> message_filters::Connection message_filters::Signal9<M0, M1, M2, M3, M4, M5, M6, M7, M8>::[01;32m[KaddCallback[m[K(void (*)(P0, P1, P2)) [35m[K[with P1 = P0; P2 = P1; M0 = sensor_msgs::msg::Image_<std::allocator<void> >; M1 = sensor_msgs::msg::Image_<std::allocator<void> >; M2 = sensor_msgs::msg::CameraInfo_<std::allocator<void> >; M3 = nav_msgs::msg::Odometry_<std::allocator<void> >; M4 = message_filters::NullType; M5 = message_filters::NullType; M6 = message_filters::NullType; M7 = message_filters::NullType; M8 = message_filters::NullType][m[K[m[K’
  186 |   Connection [01;36m[KaddCallback[m[K(void(*callback)(P0, P1, P2))
      |              [01;36m[K^~~~~~~~~~~[m[K
[01m[K/opt/ros/jazzy/include/message_filters/message_filters/signal9.h:192:14:[m[K [01;36m[Knote: [m[Kcandidate: ‘[01m[Ktemplate<class P0, class P1, class P2, class P3> message_filters::Connection message_filters::Signal9<M0, M1, M2, M3, M4, M5, M6, M7, M8>::[01;32m[KaddCallback[m[K(void (*)(P0, P1, P2, P3)) [35m[K[with P1 = P0; P2 = P1; P3 = P2; M0 = sensor_msgs::msg::Image_<std::allocator<void> >; M1 = sensor_msgs::msg::Image_<std::allocator<void> >; M2 = sensor_msgs::msg::CameraInfo_<std::allocator<void> >; M3 = nav_msgs::msg::Odometry_<std::allocator<void> >; M4 = message_filters::NullType; M5 = message_filters::NullType; M6 = message_filters::NullType; M7 = message_filters::NullType; M8 = message_filters::NullType][m[K[m[K’
  192 |   Connection [01;36m[KaddCallback[m[K(void(*callback)(P0, P1, P2, P3))
      |              [01;36m[K^~~~~~~~~~~[m[K
[01m[K/opt/ros/jazzy/include/message_filters/message_filters/signal9.h:192:14:[m[K [01;36m[Knote: [m[K  template argument deduction/substitution failed:
[01m[K/opt/ros/jazzy/include/message_filters/message_filters/signal9.h:280:40:[m[K [01;31m[Kerror: [m[Kwrong number of template arguments (9, should be 4)
  272 |     return [01;31m[KaddCallback<const M0ConstPtr&,[m[K
      |            [01;31m[K~~~~~~~~~~~~~~~~~~~~~~~~~~~~~~[m[K
  273 | [01;31m[K                     const M1ConstPtr&,[m[K
      |                      [01;31m[K~~~~~~~~~~~~~~~~~~[m[K 
  274 | [01;31m[K                     const M2ConstPtr&,[m[K
      |                      [01;31m[K~~~~~~~~~~~~~~~~~~[m[K 
  275 | [01;31m[K                     const M3ConstPtr&,[m[K
      |                      [01;31m[K~~~~~~~~~~~~~~~~~~[m[K 
  276 | [01;31m[K                     const M4ConstPtr&,[m[K
      |                      [01;31m[K~~~~~~~~~~~~~~~~~~[m[K 
  277 | [01;31m[K                     const M5ConstPtr&,[m[K
      |                      [01;31m[K~~~~~~~~~~~~~~~~~~[m[K 
  278 | [01;31m[K                     const M6ConstPtr&,[m[K
      |                      [01;31m[K~~~~~~~~~~~~~~~~~~[m[K 
  279 | [01;31m[K                     const M7ConstPtr&,[m[K
      |                      [01;31m[K~~~~~~~~~~~~~~~~~~[m[K 
  280 | [01;31m[K                     const M8ConstPtr&>(std::bind(callback, std::placeholders::_1, std::placeholders::_2, std::placeholders::_3, std::placeholders::_4, std::placeholders::_5, std::placeholders::_6, std::placeholders::_7, std::placeholders::_8, std::placeholders::_9))[m[K;
      |                      [01;31m[K~~~~~~~~~~~~~~~~~~^~~~~~~~~~~~~~~~~~~~~~~~~~~~~~~~~~~~~~~~~~~~~~~~~~~~~~~~~~~~~~~~~~~~~~~~~~~~~~~~~~~~~~~~~~~~~~~~~~~~~~~~~~~~~~~~~~~~~~~~~~~~~~~~~~~~~~~~~~~~~~~~~~~~~~~~~~~~~~~~~~~~~~~~~~~~~~~~~~~~~~~~~~~~~~~~~~~~~~~~~~~~~~~~~~~~~~~~~~~~~~~~~~~~[m[K
[01m[K/opt/ros/jazzy/include/message_filters/message_filters/signal9.h:192:14:[m[K [01;36m[Knote: [m[Kprovided for ‘[01m[Ktemplate<class P0, class P1, class P2, class P3> message_filters::Connection message_filters::Signal9<M0, M1, M2, M3, M4, M5, M6, M7, M8>::[01;32m[KaddCallback[m[K(void (*)(P0, P1, P2, P3)) [35m[K[with P1 = P0; P2 = P1; P3 = P2; M0 = sensor_msgs::msg::Image_<std::allocator<void> >; M1 = sensor_msgs::msg::Image_<std::allocator<void> >; M2 = sensor_msgs::msg::CameraInfo_<std::allocator<void> >; M3 = nav_msgs::msg::Odometry_<std::allocator<void> >; M4 = message_filters::NullType; M5 = message_filters::NullType; M6 = message_filters::NullType; M7 = message_filters::NullType; M8 = message_filters::NullType][m[K[m[K’
  192 |   Connection [01;36m[KaddCallback[m[K(void(*callback)(P0, P1, P2, P3))
      |              [01;36m[K^~~~~~~~~~~[m[K
[01m[K/opt/ros/jazzy/include/message_filters/message_filters/signal9.h:198:14:[m[K [01;36m[Knote: [m[Kcandidate: ‘[01m[Ktemplate<class P0, class P1, class P2, class P3, class P4> message_filters::Connection message_filters::Signal9<M0, M1, M2, M3, M4, M5, M6, M7, M8>::[01;32m[KaddCallback[m[K(void (*)(P0, P1, P2, P3, P4)) [35m[K[with P1 = P0; P2 = P1; P3 = P2; P4 = P3; M0 = sensor_msgs::msg::Image_<std::allocator<void> >; M1 = sensor_msgs::msg::Image_<std::allocator<void> >; M2 = sensor_msgs::msg::CameraInfo_<std::allocator<void> >; M3 = nav_msgs::msg::Odometry_<std::allocator<void> >; M4 = message_filters::NullType; M5 = message_filters::NullType; M6 = message_filters::NullType; M7 = message_filters::NullType; M8 = message_filters::NullType][m[K[m[K’
  198 |   Connection [01;36m[KaddCallback[m[K(void(*callback)(P0, P1, P2, P3, P4))
      |              [01;36m[K^~~~~~~~~~~[m[K
[01m[K/opt/ros/jazzy/include/message_filters/message_filters/signal9.h:198:14:[m[K [01;36m[Knote: [m[K  template argument deduction/substitution failed:
[01m[K/opt/ros/jazzy/include/message_filters/message_filters/signal9.h:280:40:[m[K [01;31m[Kerror: [m[Kwrong number of template arguments (9, should be 5)
  272 |     return [01;31m[KaddCallback<const M0ConstPtr&,[m[K
      |            [01;31m[K~~~~~~~~~~~~~~~~~~~~~~~~~~~~~~[m[K
  273 | [01;31m[K                     const M1ConstPtr&,[m[K
      |                      [01;31m[K~~~~~~~~~~~~~~~~~~[m[K 
  274 | [01;31m[K                     const M2ConstPtr&,[m[K
      |                      [01;31m[K~~~~~~~~~~~~~~~~~~[m[K 
  275 | [01;31m[K                     const M3ConstPtr&,[m[K
      |                      [01;31m[K~~~~~~~~~~~~~~~~~~[m[K 
  276 | [01;31m[K                     const M4ConstPtr&,[m[K
      |                      [01;31m[K~~~~~~~~~~~~~~~~~~[m[K 
  277 | [01;31m[K                     const M5ConstPtr&,[m[K
      |                      [01;31m[K~~~~~~~~~~~~~~~~~~[m[K 
  278 | [01;31m[K                     const M6ConstPtr&,[m[K
      |                      [01;31m[K~~~~~~~~~~~~~~~~~~[m[K 
  279 | [01;31m[K                     const M7ConstPtr&,[m[K
      |                      [01;31m[K~~~~~~~~~~~~~~~~~~[m[K 
  280 | [01;31m[K                     const M8ConstPtr&>(std::bind(callback, std::placeholders::_1, std::placeholders::_2, std::placeholders::_3, std::placeholders::_4, std::placeholders::_5, std::placeholders::_6, std::placeholders::_7, std::placeholders::_8, std::placeholders::_9))[m[K;
      |                      [01;31m[K~~~~~~~~~~~~~~~~~~^~~~~~~~~~~~~~~~~~~~~~~~~~~~~~~~~~~~~~~~~~~~~~~~~~~~~~~~~~~~~~~~~~~~~~~~~~~~~~~~~~~~~~~~~~~~~~~~~~~~~~~~~~~~~~~~~~~~~~~~~~~~~~~~~~~~~~~~~~~~~~~~~~~~~~~~~~~~~~~~~~~~~~~~~~~~~~~~~~~~~~~~~~~~~~~~~~~~~~~~~~~~~~~~~~~~~~~~~~~~~~~~~~~~[m[K
[01m[K/opt/ros/jazzy/include/message_filters/message_filters/signal9.h:198:14:[m[K [01;36m[Knote: [m[Kprovided for ‘[01m[Ktemplate<class P0, class P1, class P2, class P3, class P4> message_filters::Connection message_filters::Signal9<M0, M1, M2, M3, M4, M5, M6, M7, M8>::[01;32m[KaddCallback[m[K(void (*)(P0, P1, P2, P3, P4)) [35m[K[with P1 = P0; P2 = P1; P3 = P2; P4 = P3; M0 = sensor_msgs::msg::Image_<std::allocator<void> >; M1 = sensor_msgs::msg::Image_<std::allocator<void> >; M2 = sensor_msgs::msg::CameraInfo_<std::allocator<void> >; M3 = nav_msgs::msg::Odometry_<std::allocator<void> >; M4 = message_filters::NullType; M5 = message_filters::NullType; M6 = message_filters::NullType; M7 = message_filters::NullType; M8 = message_filters::NullType][m[K[m[K’
  198 |   Connection [01;36m[KaddCallback[m[K(void(*callback)(P0, P1, P2, P3, P4))
      |              [01;36m[K^~~~~~~~~~~[m[K
[01m[K/opt/ros/jazzy/include/message_filters/message_filters/signal9.h:204:14:[m[K [01;36m[Knote: [m[Kcandidate: ‘[01m[Ktemplate<class P0, class P1, class P2, class P3, class P4, class P5> message_filters::Connection message_filters::Signal9<M0, M1, M2, M3, M4, M5, M6, M7, M8>::[01;32m[KaddCallback[m[K(void (*)(P0, P1, P2, P3, P4, P5)) [35m[K[with P1 = P0; P2 = P1; P3 = P2; P4 = P3; P5 = P4; M0 = sensor_msgs::msg::Image_<std::allocator<void> >; M1 = sensor_msgs::msg::Image_<std::allocator<void> >; M2 = sensor_msgs::msg::CameraInfo_<std::allocator<void> >; M3 = nav_msgs::msg::Odometry_<std::allocator<void> >; M4 = message_filters::NullType; M5 = message_filters::NullType; M6 = message_filters::NullType; M7 = message_filters::NullType; M8 = message_filters::NullType][m[K[m[K’
  204 |   Connection [01;36m[KaddCallback[m[K(void(*callback)(P0, P1, P2, P3, P4, P5))
      |              [01;36m[K^~~~~~~~~~~[m[K
[01m[K/opt/ros/jazzy/include/message_filters/message_filters/signal9.h:204:14:[m[K [01;36m[Knote: [m[K  template argument deduction/substitution failed:
[01m[K/opt/ros/jazzy/include/message_filters/message_filters/signal9.h:280:40:[m[K [01;31m[Kerror: [m[Kwrong number of template arguments (9, should be 6)
  272 |     return [01;31m[KaddCallback<const M0ConstPtr&,[m[K
      |            [01;31m[K~~~~~~~~~~~~~~~~~~~~~~~~~~~~~~[m[K
  273 | [01;31m[K                     const M1ConstPtr&,[m[K
      |                      [01;31m[K~~~~~~~~~~~~~~~~~~[m[K 
  274 | [01;31m[K                     const M2ConstPtr&,[m[K
      |                      [01;31m[K~~~~~~~~~~~~~~~~~~[m[K 
  275 | [01;31m[K                     const M3ConstPtr&,[m[K
      |                      [01;31m[K~~~~~~~~~~~~~~~~~~[m[K 
  276 | [01;31m[K                     const M4ConstPtr&,[m[K
      |                      [01;31m[K~~~~~~~~~~~~~~~~~~[m[K 
  277 | [01;31m[K                     const M5ConstPtr&,[m[K
      |                      [01;31m[K~~~~~~~~~~~~~~~~~~[m[K 
  278 | [01;31m[K                     const M6ConstPtr&,[m[K
      |                      [01;31m[K~~~~~~~~~~~~~~~~~~[m[K 
  279 | [01;31m[K                     const M7ConstPtr&,[m[K
      |                      [01;31m[K~~~~~~~~~~~~~~~~~~[m[K 
  280 | [01;31m[K                     const M8ConstPtr&>(std::bind(callback, std::placeholders::_1, std::placeholders::_2, std::placeholders::_3, std::placeholders::_4, std::placeholders::_5, std::placeholders::_6, std::placeholders::_7, std::placeholders::_8, std::placeholders::_9))[m[K;
      |                      [01;31m[K~~~~~~~~~~~~~~~~~~^~~~~~~~~~~~~~~~~~~~~~~~~~~~~~~~~~~~~~~~~~~~~~~~~~~~~~~~~~~~~~~~~~~~~~~~~~~~~~~~~~~~~~~~~~~~~~~~~~~~~~~~~~~~~~~~~~~~~~~~~~~~~~~~~~~~~~~~~~~~~~~~~~~~~~~~~~~~~~~~~~~~~~~~~~~~~~~~~~~~~~~~~~~~~~~~~~~~~~~~~~~~~~~~~~~~~~~~~~~~~~~~~~~~[m[K
[01m[K/opt/ros/jazzy/include/message_filters/message_filters/signal9.h:204:14:[m[K [01;36m[Knote: [m[Kprovided for ‘[01m[Ktemplate<class P0, class P1, class P2, class P3, class P4, class P5> message_filters::Connection message_filters::Signal9<M0, M1, M2, M3, M4, M5, M6, M7, M8>::[01;32m[KaddCallback[m[K(void (*)(P0, P1, P2, P3, P4, P5)) [35m[K[with P1 = P0; P2 = P1; P3 = P2; P4 = P3; P5 = P4; M0 = sensor_msgs::msg::Image_<std::allocator<void> >; M1 = sensor_msgs::msg::Image_<std::allocator<void> >; M2 = sensor_msgs::msg::CameraInfo_<std::allocator<void> >; M3 = nav_msgs::msg::Odometry_<std::allocator<void> >; M4 = message_filters::NullType; M5 = message_filters::NullType; M6 = message_filters::NullType; M7 = message_filters::NullType; M8 = message_filters::NullType][m[K[m[K’
  204 |   Connection [01;36m[KaddCallback[m[K(void(*callback)(P0, P1, P2, P3, P4, P5))
      |              [01;36m[K^~~~~~~~~~~[m[K
[01m[K/opt/ros/jazzy/include/message_filters/message_filters/signal9.h:210:14:[m[K [01;36m[Knote: [m[Kcandidate: ‘[01m[Ktemplate<class P0, class P1, class P2, class P3, class P4, class P5, class P6> message_filters::Connection message_filters::Signal9<M0, M1, M2, M3, M4, M5, M6, M7, M8>::[01;32m[KaddCallback[m[K(void (*)(P0, P1, P2, P3, P4, P5, P6)) [35m[K[with P1 = P0; P2 = P1; P3 = P2; P4 = P3; P5 = P4; P6 = P5; M0 = sensor_msgs::msg::Image_<std::allocator<void> >; M1 = sensor_msgs::msg::Image_<std::allocator<void> >; M2 = sensor_msgs::msg::CameraInfo_<std::allocator<void> >; M3 = nav_msgs::msg::Odometry_<std::allocator<void> >; M4 = message_filters::NullType; M5 = message_filters::NullType; M6 = message_filters::NullType; M7 = message_filters::NullType; M8 = message_filters::NullType][m[K[m[K’
  210 |   Connection [01;36m[KaddCallback[m[K(void(*callback)(P0, P1, P2, P3, P4, P5, P6))
      |              [01;36m[K^~~~~~~~~~~[m[K
[01m[K/opt/ros/jazzy/include/message_filters/message_filters/signal9.h:210:14:[m[K [01;36m[Knote: [m[K  template argument deduction/substitution failed:
[01m[K/opt/ros/jazzy/include/message_filters/message_filters/signal9.h:280:40:[m[K [01;31m[Kerror: [m[Kwrong number of template arguments (9, should be 7)
  272 |     return [01;31m[KaddCallback<const M0ConstPtr&,[m[K
      |            [01;31m[K~~~~~~~~~~~~~~~~~~~~~~~~~~~~~~[m[K
  273 | [01;31m[K                     const M1ConstPtr&,[m[K
      |                      [01;31m[K~~~~~~~~~~~~~~~~~~[m[K 
  274 | [01;31m[K                     const M2ConstPtr&,[m[K
      |                      [01;31m[K~~~~~~~~~~~~~~~~~~[m[K 
  275 | [01;31m[K                     const M3ConstPtr&,[m[K
      |                      [01;31m[K~~~~~~~~~~~~~~~~~~[m[K 
  276 | [01;31m[K                     const M4ConstPtr&,[m[K
      |                      [01;31m[K~~~~~~~~~~~~~~~~~~[m[K 
  277 | [01;31m[K                     const M5ConstPtr&,[m[K
      |                      [01;31m[K~~~~~~~~~~~~~~~~~~[m[K 
  278 | [01;31m[K                     const M6ConstPtr&,[m[K
      |                      [01;31m[K~~~~~~~~~~~~~~~~~~[m[K 
  279 | [01;31m[K                     const M7ConstPtr&,[m[K
      |                      [01;31m[K~~~~~~~~~~~~~~~~~~[m[K 
  280 | [01;31m[K                     const M8ConstPtr&>(std::bind(callback, std::placeholders::_1, std::placeholders::_2, std::placeholders::_3, std::placeholders::_4, std::placeholders::_5, std::placeholders::_6, std::placeholders::_7, std::placeholders::_8, std::placeholders::_9))[m[K;
      |                      [01;31m[K~~~~~~~~~~~~~~~~~~^~~~~~~~~~~~~~~~~~~~~~~~~~~~~~~~~~~~~~~~~~~~~~~~~~~~~~~~~~~~~~~~~~~~~~~~~~~~~~~~~~~~~~~~~~~~~~~~~~~~~~~~~~~~~~~~~~~~~~~~~~~~~~~~~~~~~~~~~~~~~~~~~~~~~~~~~~~~~~~~~~~~~~~~~~~~~~~~~~~~~~~~~~~~~~~~~~~~~~~~~~~~~~~~~~~~~~~~~~~~~~~~~~~~[m[K
[01m[K/opt/ros/jazzy/include/message_filters/message_filters/signal9.h:210:14:[m[K [01;36m[Knote: [m[Kprovided for ‘[01m[Ktemplate<class P0, class P1, class P2, class P3, class P4, class P5, class P6> message_filters::Connection message_filters::Signal9<M0, M1, M2, M3, M4, M5, M6, M7, M8>::[01;32m[KaddCallback[m[K(void (*)(P0, P1, P2, P3, P4, P5, P6)) [35m[K[with P1 = P0; P2 = P1; P3 = P2; P4 = P3; P5 = P4; P6 = P5; M0 = sensor_msgs::msg::Image_<std::allocator<void> >; M1 = sensor_msgs::msg::Image_<std::allocator<void> >; M2 = sensor_msgs::msg::CameraInfo_<std::allocator<void> >; M3 = nav_msgs::msg::Odometry_<std::allocator<void> >; M4 = message_filters::NullType; M5 = message_filters::NullType; M6 = message_filters::NullType; M7 = message_filters::NullType; M8 = message_filters::NullType][m[K[m[K’
  210 |   Connection [01;36m[KaddCallback[m[K(void(*callback)(P0, P1, P2, P3, P4, P5, P6))
      |              [01;36m[K^~~~~~~~~~~[m[K
[01m[K/opt/ros/jazzy/include/message_filters/message_filters/signal9.h:216:14:[m[K [01;36m[Knote: [m[Kcandidate: ‘[01m[Ktemplate<class P0, class P1, class P2, class P3, class P4, class P5, class P6, class P7> message_filters::Connection message_filters::Signal9<M0, M1, M2, M3, M4, M5, M6, M7, M8>::[01;32m[KaddCallback[m[K(void (*)(P0, P1, P2, P3, P4, P5, P6, P7)) [35m[K[with P1 = P0; P2 = P1; P3 = P2; P4 = P3; P5 = P4; P6 = P5; P7 = P6; M0 = sensor_msgs::msg::Image_<std::allocator<void> >; M1 = sensor_msgs::msg::Image_<std::allocator<void> >; M2 = sensor_msgs::msg::CameraInfo_<std::allocator<void> >; M3 = nav_msgs::msg::Odometry_<std::allocator<void> >; M4 = message_filters::NullType; M5 = message_filters::NullType; M6 = message_filters::NullType; M7 = message_filters::NullType; M8 = message_filters::NullType][m[K[m[K’
  216 |   Connection [01;36m[KaddCallback[m[K(void(*callback)(P0, P1, P2, P3, P4, P5, P6, P7))
      |              [01;36m[K^~~~~~~~~~~[m[K
[01m[K/opt/ros/jazzy/include/message_filters/message_filters/signal9.h:216:14:[m[K [01;36m[Knote: [m[K  template argument deduction/substitution failed:
[01m[K/opt/ros/jazzy/include/message_filters/message_filters/signal9.h:280:40:[m[K [01;31m[Kerror: [m[Kwrong number of template arguments (9, should be 8)
  272 |     return [01;31m[KaddCallback<const M0ConstPtr&,[m[K
      |            [01;31m[K~~~~~~~~~~~~~~~~~~~~~~~~~~~~~~[m[K
  273 | [01;31m[K                     const M1ConstPtr&,[m[K
      |                      [01;31m[K~~~~~~~~~~~~~~~~~~[m[K 
  274 | [01;31m[K                     const M2ConstPtr&,[m[K
      |                      [01;31m[K~~~~~~~~~~~~~~~~~~[m[K 
  275 | [01;31m[K                     const M3ConstPtr&,[m[K
      |                      [01;31m[K~~~~~~~~~~~~~~~~~~[m[K 
  276 | [01;31m[K                     const M4ConstPtr&,[m[K
      |                      [01;31m[K~~~~~~~~~~~~~~~~~~[m[K 
  277 | [01;31m[K                     const M5ConstPtr&,[m[K
      |                      [01;31m[K~~~~~~~~~~~~~~~~~~[m[K 
  278 | [01;31m[K                     const M6ConstPtr&,[m[K
      |                      [01;31m[K~~~~~~~~~~~~~~~~~~[m[K 
  279 | [01;31m[K                     const M7ConstPtr&,[m[K
      |                      [01;31m[K~~~~~~~~~~~~~~~~~~[m[K 
  280 | [01;31m[K                     const M8ConstPtr&>(std::bind(callback, std::placeholders::_1, std::placeholders::_2, std::placeholders::_3, std::placeholders::_4, std::placeholders::_5, std::placeholders::_6, std::placeholders::_7, std::placeholders::_8, std::placeholders::_9))[m[K;
      |                      [01;31m[K~~~~~~~~~~~~~~~~~~^~~~~~~~~~~~~~~~~~~~~~~~~~~~~~~~~~~~~~~~~~~~~~~~~~~~~~~~~~~~~~~~~~~~~~~~~~~~~~~~~~~~~~~~~~~~~~~~~~~~~~~~~~~~~~~~~~~~~~~~~~~~~~~~~~~~~~~~~~~~~~~~~~~~~~~~~~~~~~~~~~~~~~~~~~~~~~~~~~~~~~~~~~~~~~~~~~~~~~~~~~~~~~~~~~~~~~~~~~~~~~~~~~~~[m[K
[01m[K/opt/ros/jazzy/include/message_filters/message_filters/signal9.h:216:14:[m[K [01;36m[Knote: [m[Kprovided for ‘[01m[Ktemplate<class P0, class P1, class P2, class P3, class P4, class P5, class P6, class P7> message_filters::Connection message_filters::Signal9<M0, M1, M2, M3, M4, M5, M6, M7, M8>::[01;32m[KaddCallback[m[K(void (*)(P0, P1, P2, P3, P4, P5, P6, P7)) [35m[K[with P1 = P0; P2 = P1; P3 = P2; P4 = P3; P5 = P4; P6 = P5; P7 = P6; M0 = sensor_msgs::msg::Image_<std::allocator<void> >; M1 = sensor_msgs::msg::Image_<std::allocator<void> >; M2 = sensor_msgs::msg::CameraInfo_<std::allocator<void> >; M3 = nav_msgs::msg::Odometry_<std::allocator<void> >; M4 = message_filters::NullType; M5 = message_filters::NullType; M6 = message_filters::NullType; M7 = message_filters::NullType; M8 = message_filters::NullType][m[K[m[K’
  216 |   Connection [01;36m[KaddCallback[m[K(void(*callback)(P0, P1, P2, P3, P4, P5, P6, P7))
      |              [01;36m[K^~~~~~~~~~~[m[K
[01m[K/opt/ros/jazzy/include/message_filters/message_filters/signal9.h:222:14:[m[K [01;36m[Knote: [m[Kcandidate: ‘[01m[Kmessage_filters::Connection message_filters::Signal9<M0, M1, M2, M3, M4, M5, M6, M7, M8>::[01;32m[KaddCallback[m[K(void (*)(P0, P1, P2, P3, P4, P5, P6, P7, P8)) [35m[K[with P0 = const std::shared_ptr<const sensor_msgs::msg::Image_<std::allocator<void> > >&; P1 = const std::shared_ptr<const sensor_msgs::msg::Image_<std::allocator<void> > >&; P2 = const std::shared_ptr<const sensor_msgs::msg::CameraInfo_<std::allocator<void> > >&; P3 = const std::shared_ptr<const nav_msgs::msg::Odometry_<std::allocator<void> > >&; P4 = const std::shared_ptr<const message_filters::NullType>&; P5 = const std::shared_ptr<const message_filters::NullType>&; P6 = const std::shared_ptr<const message_filters::NullType>&; P7 = const std::shared_ptr<const message_filters::NullType>&; P8 = const std::shared_ptr<const message_filters::NullType>&; M0 = sensor_msgs::msg::Image_<std::allocator<void> >; M1 = sensor_msgs::msg::Image_<std::allocator<void> >; M2 = sensor_msgs::msg::CameraInfo_<std::allocator<void> >; M3 = nav_msgs::msg::Odometry_<std::allocator<void> >; M4 = message_filters::NullType; M5 = message_filters::NullType; M6 = message_filters::NullType; M7 = message_filters::NullType; M8 = message_filters::NullType][m[K[m[K’
  222 |   Connection [01;36m[KaddCallback[m[K(void(*callback)(P0, P1, P2, P3, P4, P5, P6, P7, P8))
      |              [01;36m[K^~~~~~~~~~~[m[K
[01m[K/opt/ros/jazzy/include/message_filters/message_filters/signal9.h:222:32:[m[K [01;36m[Knote: [m[K  no known conversion for argument 1 from ‘[01m[Kstd::_Bind_helper<false, const std::_Bind<void (semanticSfm::*(semanticSfm*, std::_Placeholder<1>, std::_Placeholder<2>, std::_Placeholder<3>, std::_Placeholder<4>))(std::shared_ptr<sensor_msgs::msg::Image_<std::allocator<void> > >, std::shared_ptr<sensor_msgs::msg::Image_<std::allocator<void> > >, std::shared_ptr<sensor_msgs::msg::CameraInfo_<std::allocator<void> > >, std::shared_ptr<nav_msgs::msg::Odometry_<std::allocator<void> > >)>&, const std::_Placeholder<1>&, const std::_Placeholder<2>&, const std::_Placeholder<3>&, const std::_Placeholder<4>&, const std::_Placeholder<5>&, const std::_Placeholder<6>&, const std::_Placeholder<7>&, const std::_Placeholder<8>&, const std::_Placeholder<9>&>::type[m[K’ to ‘[01m[Kvoid (*)(const std::shared_ptr<const sensor_msgs::msg::Image_<std::allocator<void> > >&, const std::shared_ptr<const sensor_msgs::msg::Image_<std::allocator<void> > >&, const std::shared_ptr<const sensor_msgs::msg::CameraInfo_<std::allocator<void> > >&, const std::shared_ptr<const nav_msgs::msg::Odometry_<std::allocator<void> > >&, const std::shared_ptr<const message_filters::NullType>&, const std::shared_ptr<const message_filters::NullType>&, const std::shared_ptr<const message_filters::NullType>&, const std::shared_ptr<const message_filters::NullType>&, const std::shared_ptr<const message_filters::NullType>&)[m[K’
  222 |   Connection addCallback([01;36m[Kvoid(*callback)(P0, P1, P2, P3, P4, P5, P6, P7, P8)[m[K)
      |                          [01;36m[K~~~~~~^~~~~~~~~~~~~~~~~~~~~~~~~~~~~~~~~~~~~~~~~~~~~[m[K
[01m[K/opt/ros/jazzy/include/message_filters/message_filters/signal9.h:228:14:[m[K [01;36m[Knote: [m[Kcandidate: ‘[01m[Ktemplate<class T, class P0, class P1> message_filters::Connection message_filters::Signal9<M0, M1, M2, M3, M4, M5, M6, M7, M8>::[01;32m[KaddCallback[m[K(void (T::*)(P0, P1), T*) [35m[K[with P0 = T; P1 = P0; M0 = sensor_msgs::msg::Image_<std::allocator<void> >; M1 = sensor_msgs::msg::Image_<std::allocator<void> >; M2 = sensor_msgs::msg::CameraInfo_<std::allocator<void> >; M3 = nav_msgs::msg::Odometry_<std::allocator<void> >; M4 = message_filters::NullType; M5 = message_filters::NullType; M6 = message_filters::NullType; M7 = message_filters::NullType; M8 = message_filters::NullType][m[K[m[K’
  228 |   Connection [01;36m[KaddCallback[m[K(void(T::*callback)(P0, P1), T* t)
      |              [01;36m[K^~~~~~~~~~~[m[K
[01m[K/opt/ros/jazzy/include/message_filters/message_filters/signal9.h:228:14:[m[K [01;36m[Knote: [m[K  candidate expects 2 arguments, 1 provided
[01m[K/opt/ros/jazzy/include/message_filters/message_filters/signal9.h:234:14:[m[K [01;36m[Knote: [m[Kcandidate: ‘[01m[Ktemplate<class T, class P0, class P1, class P2> message_filters::Connection message_filters::Signal9<M0, M1, M2, M3, M4, M5, M6, M7, M8>::[01;32m[KaddCallback[m[K(void (T::*)(P0, P1, P2), T*) [35m[K[with P0 = T; P1 = P0; P2 = P1; M0 = sensor_msgs::msg::Image_<std::allocator<void> >; M1 = sensor_msgs::msg::Image_<std::allocator<void> >; M2 = sensor_msgs::msg::CameraInfo_<std::allocator<void> >; M3 = nav_msgs::msg::Odometry_<std::allocator<void> >; M4 = message_filters::NullType; M5 = message_filters::NullType; M6 = message_filters::NullType; M7 = message_filters::NullType; M8 = message_filters::NullType][m[K[m[K’
  234 |   Connection [01;36m[KaddCallback[m[K(void(T::*callback)(P0, P1, P2), T* t)
      |              [01;36m[K^~~~~~~~~~~[m[K
[01m[K/opt/ros/jazzy/include/message_filters/message_filters/signal9.h:234:14:[m[K [01;36m[Knote: [m[K  candidate expects 2 arguments, 1 provided
[01m[K/opt/ros/jazzy/include/message_filters/message_filters/signal9.h:240:14:[m[K [01;36m[Knote: [m[Kcandidate: ‘[01m[Ktemplate<class T, class P0, class P1, class P2, class P3> message_filters::Connection message_filters::Signal9<M0, M1, M2, M3, M4, M5, M6, M7, M8>::[01;32m[KaddCallback[m[K(void (T::*)(P0, P1, P2, P3), T*) [35m[K[with P0 = T; P1 = P0; P2 = P1; P3 = P2; M0 = sensor_msgs::msg::Image_<std::allocator<void> >; M1 = sensor_msgs::msg::Image_<std::allocator<void> >; M2 = sensor_msgs::msg::CameraInfo_<std::allocator<void> >; M3 = nav_msgs::msg::Odometry_<std::allocator<void> >; M4 = message_filters::NullType; M5 = message_filters::NullType; M6 = message_filters::NullType; M7 = message_filters::NullType; M8 = message_filters::NullType][m[K[m[K’
  240 |   Connection [01;36m[KaddCallback[m[K(void(T::*callback)(P0, P1, P2, P3), T* t)
      |              [01;36m[K^~~~~~~~~~~[m[K
[01m[K/opt/ros/jazzy/include/message_filters/message_filters/signal9.h:240:14:[m[K [01;36m[Knote: [m[K  candidate expects 2 arguments, 1 provided
[01m[K/opt/ros/jazzy/include/message_filters/message_filters/signal9.h:246:14:[m[K [01;36m[Knote: [m[Kcandidate: ‘[01m[Ktemplate<class T, class P0, class P1, class P2, class P3, class P4> message_filters::Connection message_filters::Signal9<M0, M1, M2, M3, M4, M5, M6, M7, M8>::[01;32m[KaddCallback[m[K(void (T::*)(P0, P1, P2, P3, P4), T*) [35m[K[with P0 = T; P1 = P0; P2 = P1; P3 = P2; P4 = P3; M0 = sensor_msgs::msg::Image_<std::allocator<void> >; M1 = sensor_msgs::msg::Image_<std::allocator<void> >; M2 = sensor_msgs::msg::CameraInfo_<std::allocator<void> >; M3 = nav_msgs::msg::Odometry_<std::allocator<void> >; M4 = message_filters::NullType; M5 = message_filters::NullType; M6 = message_filters::NullType; M7 = message_filters::NullType; M8 = message_filters::NullType][m[K[m[K’
  246 |   Connection [01;36m[KaddCallback[m[K(void(T::*callback)(P0, P1, P2, P3, P4), T* t)
      |              [01;36m[K^~~~~~~~~~~[m[K
[01m[K/opt/ros/jazzy/include/message_filters/message_filters/signal9.h:246:14:[m[K [01;36m[Knote: [m[K  candidate expects 2 arguments, 1 provided
[01m[K/opt/ros/jazzy/include/message_filters/message_filters/signal9.h:252:14:[m[K [01;36m[Knote: [m[Kcandidate: ‘[01m[Ktemplate<class T, class P0, class P1, class P2, class P3, class P4, class P5> message_filters::Connection message_filters::Signal9<M0, M1, M2, M3, M4, M5, M6, M7, M8>::[01;32m[KaddCallback[m[K(void (T::*)(P0, P1, P2, P3, P4, P5), T*) [35m[K[with P0 = T; P1 = P0; P2 = P1; P3 = P2; P4 = P3; P5 = P4; M0 = sensor_msgs::msg::Image_<std::allocator<void> >; M1 = sensor_msgs::msg::Image_<std::allocator<void> >; M2 = sensor_msgs::msg::CameraInfo_<std::allocator<void> >; M3 = nav_msgs::msg::Odometry_<std::allocator<void> >; M4 = message_filters::NullType; M5 = message_filters::NullType; M6 = message_filters::NullType; M7 = message_filters::NullType; M8 = message_filters::NullType][m[K[m[K’
  252 |   Connection [01;36m[KaddCallback[m[K(void(T::*callback)(P0, P1, P2, P3, P4, P5), T* t)
      |              [01;36m[K^~~~~~~~~~~[m[K
[01m[K/opt/ros/jazzy/include/message_filters/message_filters/signal9.h:252:14:[m[K [01;36m[Knote: [m[K  candidate expects 2 arguments, 1 provided
[01m[K/opt/ros/jazzy/include/message_filters/message_filters/signal9.h:258:14:[m[K [01;36m[Knote: [m[Kcandidate: ‘[01m[Ktemplate<class T, class P0, class P1, class P2, class P3, class P4, class P5, class P6> message_filters::Connection message_filters::Signal9<M0, M1, M2, M3, M4, M5, M6, M7, M8>::[01;32m[KaddCallback[m[K(void (T::*)(P0, P1, P2, P3, P4, P5, P6), T*) [35m[K[with P0 = T; P1 = P0; P2 = P1; P3 = P2; P4 = P3; P5 = P4; P6 = P5; M0 = sensor_msgs::msg::Image_<std::allocator<void> >; M1 = sensor_msgs::msg::Image_<std::allocator<void> >; M2 = sensor_msgs::msg::CameraInfo_<std::allocator<void> >; M3 = nav_msgs::msg::Odometry_<std::allocator<void> >; M4 = message_filters::NullType; M5 = message_filters::NullType; M6 = message_filters::NullType; M7 = message_filters::NullType; M8 = message_filters::NullType][m[K[m[K’
  258 |   Connection [01;36m[KaddCallback[m[K(void(T::*callback)(P0, P1, P2, P3, P4, P5, P6), T* t)
      |              [01;36m[K^~~~~~~~~~~[m[K
[01m[K/opt/ros/jazzy/include/message_filters/message_filters/signal9.h:258:14:[m[K [01;36m[Knote: [m[K  candidate expects 2 arguments, 1 provided
[01m[K/opt/ros/jazzy/include/message_filters/message_filters/signal9.h:264:14:[m[K [01;36m[Knote: [m[Kcandidate: ‘[01m[Ktemplate<class T, class P0, class P1, class P2, class P3, class P4, class P5, class P6, class P7> message_filters::Connection message_filters::Signal9<M0, M1, M2, M3, M4, M5, M6, M7, M8>::[01;32m[KaddCallback[m[K(void (T::*)(P0, P1, P2, P3, P4, P5, P6, P7), T*) [35m[K[with P0 = T; P1 = P0; P2 = P1; P3 = P2; P4 = P3; P5 = P4; P6 = P5; P7 = P6; M0 = sensor_msgs::msg::Image_<std::allocator<void> >; M1 = sensor_msgs::msg::Image_<std::allocator<void> >; M2 = sensor_msgs::msg::CameraInfo_<std::allocator<void> >; M3 = nav_msgs::msg::Odometry_<std::allocator<void> >; M4 = message_filters::NullType; M5 = message_filters::NullType; M6 = message_filters::NullType; M7 = message_filters::NullType; M8 = message_filters::NullType][m[K[m[K’
  264 |   Connection [01;36m[KaddCallback[m[K(void(T::*callback)(P0, P1, P2, P3, P4, P5, P6, P7), T* t)
      |              [01;36m[K^~~~~~~~~~~[m[K
[01m[K/opt/ros/jazzy/include/message_filters/message_filters/signal9.h:264:14:[m[K [01;36m[Knote: [m[K  candidate expects 2 arguments, 1 provided
[01m[K/opt/ros/jazzy/include/message_filters/message_filters/signal9.h:270:14:[m[K [01;36m[Knote: [m[Kcandidate: ‘[01m[Ktemplate<class C> message_filters::Connection message_filters::Signal9<M0, M1, M2, M3, M4, M5, M6, M7, M8>::[01;32m[KaddCallback[m[K(C&) [35m[K[with M0 = sensor_msgs::msg::Image_<std::allocator<void> >; M1 = sensor_msgs::msg::Image_<std::allocator<void> >; M2 = sensor_msgs::msg::CameraInfo_<std::allocator<void> >; M3 = nav_msgs::msg::Odometry_<std::allocator<void> >; M4 = message_filters::NullType; M5 = message_filters::NullType; M6 = message_filters::NullType; M7 = message_filters::NullType; M8 = message_filters::NullType][m[K[m[K’
  270 |   Connection [01;36m[KaddCallback[m[K( C& callback)
      |              [01;36m[K^~~~~~~~~~~[m[K
[01m[K/opt/ros/jazzy/include/message_filters/message_filters/signal9.h:270:14:[m[K [01;36m[Knote: [m[K  template argument deduction/substitution failed:
[01m[K/opt/ros/jazzy/include/message_filters/message_filters/signal9.h:280:40:[m[K [01;31m[Kerror: [m[Kwrong number of template arguments (9, should be 1)
  272 |     return [01;31m[KaddCallback<const M0ConstPtr&,[m[K
      |            [01;31m[K~~~~~~~~~~~~~~~~~~~~~~~~~~~~~~[m[K
  273 | [01;31m[K                     const M1ConstPtr&,[m[K
      |                      [01;31m[K~~~~~~~~~~~~~~~~~~[m[K 
  274 | [01;31m[K                     const M2ConstPtr&,[m[K
      |                      [01;31m[K~~~~~~~~~~~~~~~~~~[m[K 
  275 | [01;31m[K                     const M3ConstPtr&,[m[K
      |                      [01;31m[K~~~~~~~~~~~~~~~~~~[m[K 
  276 | [01;31m[K                     const M4ConstPtr&,[m[K
      |                      [01;31m[K~~~~~~~~~~~~~~~~~~[m[K 
  277 | [01;31m[K                     const M5ConstPtr&,[m[K
      |                      [01;31m[K~~~~~~~~~~~~~~~~~~[m[K 
  278 | [01;31m[K                     const M6ConstPtr&,[m[K
      |                      [01;31m[K~~~~~~~~~~~~~~~~~~[m[K 
  279 | [01;31m[K                     const M7ConstPtr&,[m[K
      |                      [01;31m[K~~~~~~~~~~~~~~~~~~[m[K 
  280 | [01;31m[K                     const M8ConstPtr&>(std::bind(callback, std::placeholders::_1, std::placeholders::_2, std::placeholders::_3, std::placeholders::_4, std::placeholders::_5, std::placeholders::_6, std::placeholders::_7, std::placeholders::_8, std::placeholders::_9))[m[K;
      |                      [01;31m[K~~~~~~~~~~~~~~~~~~^~~~~~~~~~~~~~~~~~~~~~~~~~~~~~~~~~~~~~~~~~~~~~~~~~~~~~~~~~~~~~~~~~~~~~~~~~~~~~~~~~~~~~~~~~~~~~~~~~~~~~~~~~~~~~~~~~~~~~~~~~~~~~~~~~~~~~~~~~~~~~~~~~~~~~~~~~~~~~~~~~~~~~~~~~~~~~~~~~~~~~~~~~~~~~~~~~~~~~~~~~~~~~~~~~~~~~~~~~~~~~~~~~~~[m[K
[01m[K/opt/ros/jazzy/include/message_filters/message_filters/signal9.h:270:14:[m[K [01;36m[Knote: [m[Kprovided for ‘[01m[Ktemplate<class C> message_filters::Connection message_filters::Signal9<M0, M1, M2, M3, M4, M5, M6, M7, M8>::[01;32m[KaddCallback[m[K(C&) [35m[K[with M0 = sensor_msgs::msg::Image_<std::allocator<void> >; M1 = sensor_msgs::msg::Image_<std::allocator<void> >; M2 = sensor_msgs::msg::CameraInfo_<std::allocator<void> >; M3 = nav_msgs::msg::Odometry_<std::allocator<void> >; M4 = message_filters::NullType; M5 = message_filters::NullType; M6 = message_filters::NullType; M7 = message_filters::NullType; M8 = message_filters::NullType][m[K[m[K’
  270 |   Connection [01;36m[KaddCallback[m[K( C& callback)
      |              [01;36m[K^~~~~~~~~~~[m[K
gmake[2]: *** [CMakeFiles/sfm.dir/build.make:76: CMakeFiles/sfm.dir/src/sfm.cpp.o] Error 1
gmake[1]: *** [CMakeFiles/Makefile2:644: CMakeFiles/sfm.dir/all] Error 2
gmake: *** [Makefile:146: all] Error 2
