[0.007s] Invoking command in '/home/elioowo/ros_sfm/sfm_ros2/build/sfm_ros2': CMAKE_PREFIX_PATH=${CMAKE_PREFIX_PATH}:/opt/ros/jazzy DEBUGINFOD_URLS=https://debuginfod.ubuntu.com /usr/bin/cmake /home/elioowo/ros_sfm/sfm_ros2 -DCMAKE_INSTALL_PREFIX=/home/elioowo/ros_sfm/sfm_ros2/install/sfm_ros2
[0.018s] -- Found ament_cmake: 2.5.6 (/opt/ros/jazzy/share/ament_cmake/cmake)
[0.186s] -- Found rclcpp: 28.1.18 (/opt/ros/jazzy/share/rclcpp/cmake)
[0.210s] -- Found rosidl_generator_c: 4.6.7 (/opt/ros/jazzy/share/rosidl_generator_c/cmake)
[0.217s] -- Found rosidl_generator_cpp: 4.6.7 (/opt/ros/jazzy/share/rosidl_generator_cpp/cmake)
[0.226s] -- Using all available rosidl_typesupport_c: rosidl_typesupport_fastrtps_c;rosidl_typesupport_introspection_c
[0.237s] -- Using all available rosidl_typesupport_cpp: rosidl_typesupport_fastrtps_cpp;rosidl_typesupport_introspection_cpp
[0.287s] -- Found rmw_implementation_cmake: 7.3.3 (/opt/ros/jazzy/share/rmw_implementation_cmake/cmake)
[0.288s] -- Found rmw_fastrtps_cpp: 8.4.3 (/opt/ros/jazzy/share/rmw_fastrtps_cpp/cmake)
[0.340s] -- Using RMW implementation 'rmw_fastrtps_cpp' as default
[0.393s] -- Found std_msgs: 5.3.7 (/opt/ros/jazzy/share/std_msgs/cmake)
[0.404s] -- Found sensor_msgs: 5.3.7 (/opt/ros/jazzy/share/sensor_msgs/cmake)
[0.436s] -- Found nav_msgs: 5.3.7 (/opt/ros/jazzy/share/nav_msgs/cmake)
[0.458s] -- Found cv_bridge: 4.1.0 (/opt/ros/jazzy/share/cv_bridge/cmake)
[0.463s] -- Found message_filters: 4.11.12 (/opt/ros/jazzy/share/message_filters/cmake)
[0.466s] -- Found pcl_conversions: 2.6.4 (/opt/ros/jazzy/share/pcl_conversions/cmake)
[0.505s] [33mCMake Warning (dev) at /usr/lib/x86_64-linux-gnu/cmake/pcl/Modules/FindFLANN.cmake:45 (find_package):
[0.505s]   Policy CMP0144 is not set: find_package uses upper-case <PACKAGENAME>_ROOT
[0.505s]   variables.  Run "cmake --help-policy CMP0144" for policy details.  Use the
[0.505s]   cmake_policy command to set the policy and suppress this warning.
[0.505s] 
[0.505s]   CMake variable FLANN_ROOT is set to:
[0.505s] 
[0.505s]     /usr
[0.505s] 
[0.505s]   For compatibility, find_package is ignoring the variable, but code in a
[0.505s]   .cmake module might still use it.
[0.505s] Call Stack (most recent call first):
[0.505s]   /usr/lib/x86_64-linux-gnu/cmake/pcl/PCLConfig.cmake:261 (find_package)
[0.505s]   /usr/lib/x86_64-linux-gnu/cmake/pcl/PCLConfig.cmake:306 (find_flann)
[0.505s]   /usr/lib/x86_64-linux-gnu/cmake/pcl/PCLConfig.cmake:570 (find_external_library)
[0.505s]   /opt/ros/jazzy/share/pcl_conversions/cmake/ament_cmake_export_dependencies-extras.cmake:21 (find_package)
[0.505s]   /opt/ros/jazzy/share/pcl_conversions/cmake/pcl_conversionsConfig.cmake:41 (include)
[0.505s]   CMakeLists.txt:22 (find_package)
[0.505s] This warning is for project developers.  Use -Wno-dev to suppress it.
[0.505s] [0m
[0.505s] -- Found flann version 1.9.2
[0.841s] -- OpenNI found (version: 1.5.4.0, include: /usr/include/ni, lib: /usr/lib/libOpenNI.so;libusb::libusb)
[0.845s] -- OpenNI2 found (version: 2.2.0.33, include: /usr/include/openni2, lib: /usr/lib/x86_64-linux-gnu/libOpenNI2.so;libusb::libusb)
[1.173s] -- OpenNI found (version: 1.5.4.0, include: /usr/include/ni, lib: /usr/lib/libOpenNI.so;libusb::libusb)
[1.177s] -- OpenNI2 found (version: 2.2.0.33, include: /usr/include/openni2, lib: /usr/lib/x86_64-linux-gnu/libOpenNI2.so;libusb::libusb)
[1.463s] -- Found Qhull version 8.0.2
[1.762s] -- OpenNI found (version: 1.5.4.0, include: /usr/include/ni, lib: /usr/lib/libOpenNI.so;libusb::libusb)
[2.071s] [33mCMake Warning (dev) at CMakeLists.txt:25 (find_package):
[2.071s]   Policy CMP0074 is not set: find_package uses <PackageName>_ROOT variables.
[2.071s]   Run "cmake --help-policy CMP0074" for policy details.  Use the cmake_policy
[2.071s]   command to set the policy and suppress this warning.
[2.071s] 
[2.071s]   CMake variable PCL_ROOT is set to:
[2.071s] 
[2.072s]     /usr
[2.072s] 
[2.072s]   For compatibility, CMake is ignoring the variable.
[2.072s] This warning is for project developers.  Use -Wno-dev to suppress it.
[2.072s] [0m
[2.084s] [31mCMake Error at CMakeLists.txt:34 (find_package):
[2.084s]   By not providing "FindTorch.cmake" in CMAKE_MODULE_PATH this project has
[2.084s]   asked CMake to find a package configuration file provided by "Torch", but
[2.084s]   CMake did not find one.
[2.084s] 
[2.084s]   Could not find a package configuration file provided by "Torch" with any of
[2.084s]   the following names:
[2.084s] 
[2.084s]     TorchConfig.cmake
[2.084s]     torch-config.cmake
[2.084s] 
[2.084s]   Add the installation prefix of "Torch" to CMAKE_PREFIX_PATH or set
[2.084s]   "Torch_DIR" to a directory containing one of the above files.  If "Torch"
[2.084s]   provides a separate development package or SDK, be sure it has been
[2.084s]   installed.
[2.084s] 
[2.084s] [0m
[2.084s] -- Configuring incomplete, errors occurred!
[2.096s] Invoked command in '/home/elioowo/ros_sfm/sfm_ros2/build/sfm_ros2' returned '1': CMAKE_PREFIX_PATH=${CMAKE_PREFIX_PATH}:/opt/ros/jazzy DEBUGINFOD_URLS=https://debuginfod.ubuntu.com /usr/bin/cmake /home/elioowo/ros_sfm/sfm_ros2 -DCMAKE_INSTALL_PREFIX=/home/elioowo/ros_sfm/sfm_ros2/install/sfm_ros2
