[0.007s] Invoking command in '/home/elioowo/ros_sfm/sfm_ros2/build/sfm_ros2': CMAKE_PREFIX_PATH=${CMAKE_PREFIX_PATH}:/opt/ros/jazzy DEBUGINFOD_URLS=https://debuginfod.ubuntu.com /usr/bin/cmake --build /home/elioowo/ros_sfm/sfm_ros2/build/sfm_ros2 -- -j32 -l32
[0.027s] -- Found rclcpp: 28.1.18 (/opt/ros/jazzy/share/rclcpp/cmake)
[0.118s] -- Found rosidl_generator_c: 4.6.7 (/opt/ros/jazzy/share/rosidl_generator_c/cmake)
[0.124s] -- Found rosidl_generator_cpp: 4.6.7 (/opt/ros/jazzy/share/rosidl_generator_cpp/cmake)
[0.132s] -- Using all available rosidl_typesupport_c: rosidl_typesupport_fastrtps_c;rosidl_typesupport_introspection_c
[0.140s] -- Using all available rosidl_typesupport_cpp: rosidl_typesupport_fastrtps_cpp;rosidl_typesupport_introspection_cpp
[0.182s] -- Found rmw_implementation_cmake: 7.3.3 (/opt/ros/jazzy/share/rmw_implementation_cmake/cmake)
[0.183s] -- Found rmw_fastrtps_cpp: 8.4.3 (/opt/ros/jazzy/share/rmw_fastrtps_cpp/cmake)
[0.227s] -- Using RMW implementation 'rmw_fastrtps_cpp' as default
[0.271s] -- Found std_msgs: 5.3.7 (/opt/ros/jazzy/share/std_msgs/cmake)
[0.280s] -- Found sensor_msgs: 5.3.7 (/opt/ros/jazzy/share/sensor_msgs/cmake)
[0.306s] -- Found nav_msgs: 5.3.7 (/opt/ros/jazzy/share/nav_msgs/cmake)
[0.324s] -- Found message_filters: 4.11.12 (/opt/ros/jazzy/share/message_filters/cmake)
[0.327s] -- Found cv_bridge: 4.1.0 (/opt/ros/jazzy/share/cv_bridge/cmake)
[0.331s] -- Found pcl_conversions: 2.6.4 (/opt/ros/jazzy/share/pcl_conversions/cmake)
[0.363s] [33mCMake Warning (dev) at /usr/lib/x86_64-linux-gnu/cmake/pcl/Modules/FindFLANN.cmake:45 (find_package):
[0.363s]   Policy CMP0144 is not set: find_package uses upper-case <PACKAGENAME>_ROOT
[0.363s]   variables.  Run "cmake --help-policy CMP0144" for policy details.  Use the
[0.363s]   cmake_policy command to set the policy and suppress this warning.
[0.363s] 
[0.363s]   CMake variable FLANN_ROOT is set to:
[0.363s] 
[0.363s]     /usr
[0.363s] 
[0.363s]   For compatibility, find_package is ignoring the variable, but code in a
[0.364s]   .cmake module might still use it.
[0.364s] Call Stack (most recent call first):
[0.364s]   /usr/lib/x86_64-linux-gnu/cmake/pcl/PCLConfig.cmake:261 (find_package)
[0.364s]   /usr/lib/x86_64-linux-gnu/cmake/pcl/PCLConfig.cmake:306 (find_flann)
[0.364s]   /usr/lib/x86_64-linux-gnu/cmake/pcl/PCLConfig.cmake:570 (find_external_library)
[0.364s]   /opt/ros/jazzy/share/pcl_conversions/cmake/ament_cmake_export_dependencies-extras.cmake:21 (find_package)
[0.364s]   /opt/ros/jazzy/share/pcl_conversions/cmake/pcl_conversionsConfig.cmake:41 (include)
[0.364s]   CMakeLists.txt:18 (find_package)
[0.364s] This warning is for project developers.  Use -Wno-dev to suppress it.
[0.364s] [0m
[0.364s] -- Found flann version 1.9.2
[0.684s] -- OpenNI found (version: 1.5.4.0, include: /usr/include/ni, lib: /usr/lib/libOpenNI.so;libusb::libusb)
[0.688s] -- OpenNI2 found (version: 2.2.0.33, include: /usr/include/openni2, lib: /usr/lib/x86_64-linux-gnu/libOpenNI2.so;libusb::libusb)
[1.024s] -- OpenNI found (version: 1.5.4.0, include: /usr/include/ni, lib: /usr/lib/libOpenNI.so;libusb::libusb)
[1.027s] -- OpenNI2 found (version: 2.2.0.33, include: /usr/include/openni2, lib: /usr/lib/x86_64-linux-gnu/libOpenNI2.so;libusb::libusb)
[1.313s] -- Found Qhull version 8.0.2
[1.623s] -- OpenNI found (version: 1.5.4.0, include: /usr/include/ni, lib: /usr/lib/libOpenNI.so;libusb::libusb)
[1.946s] -- Found visualization_msgs: 5.3.7 (/opt/ros/jazzy/share/visualization_msgs/cmake)
[1.971s] [33mCMake Warning (dev) at CMakeLists.txt:24 (find_package):
[1.971s]   Policy CMP0074 is not set: find_package uses <PackageName>_ROOT variables.
[1.971s]   Run "cmake --help-policy CMP0074" for policy details.  Use the cmake_policy
[1.971s]   command to set the policy and suppress this warning.
[1.971s] 
[1.971s]   CMake variable PCL_ROOT is set to:
[1.971s] 
[1.971s]     /usr
[1.971s] 
[1.971s]   For compatibility, CMake is ignoring the variable.
[1.971s] This warning is for project developers.  Use -Wno-dev to suppress it.
[1.971s] [0m
[1.993s] [33mCMake Warning (dev) at /usr/share/cmake-3.28/Modules/FindPackageHandleStandardArgs.cmake:438 (message):
[1.993s]   The package name passed to `find_package_handle_standard_args` (torch) does
[1.993s]   not match the name of the calling package (Torch).  This can lead to
[1.993s]   problems in calling code that expects `find_package` result variables
[1.994s]   (e.g., `_FOUND`) to follow a certain pattern.
[1.994s] Call Stack (most recent call first):
[1.994s]   /home/elioowo/libraries/libtorch/share/cmake/Torch/TorchConfig.cmake:103 (find_package_handle_standard_args)
[1.994s]   CMakeLists.txt:31 (find_package)
[1.994s] This warning is for project developers.  Use -Wno-dev to suppress it.
[1.994s] [0m
[1.994s] -- Found rosidl_default_generators: 1.6.0 (/opt/ros/jazzy/share/rosidl_default_generators/cmake)
[2.001s] -- Found rosidl_adapter: 4.6.7 (/opt/ros/jazzy/share/rosidl_adapter/cmake)
[2.223s] -- Found ament_cmake_ros: 0.12.0 (/opt/ros/jazzy/share/ament_cmake_ros/cmake)
[2.444s] -- Using all available rosidl_typesupport_c: rosidl_typesupport_fastrtps_c;rosidl_typesupport_introspection_c
[2.531s] -- Using all available rosidl_typesupport_cpp: rosidl_typesupport_fastrtps_cpp;rosidl_typesupport_introspection_cpp
[2.531s] -- Found python_cmake_module: 0.11.1 (/opt/ros/jazzy/share/python_cmake_module/cmake)
[2.697s] -- Found Python3: /usr/bin/python3 (found version "3.12.3") found components: Interpreter Development NumPy Development.Module Development.Embed 
[2.772s] -- Found Python3: /usr/bin/python3 (found version "3.12.3") found components: Interpreter 
[2.781s] -- Found ament_lint_auto: 0.17.5 (/opt/ros/jazzy/share/ament_lint_auto/cmake)
[2.784s] -- Configuring done (2.8s)
[2.834s] -- Generating done (0.0s)
[2.845s] -- Build files have been written to: /home/elioowo/ros_sfm/sfm_ros2/build/sfm_ros2
[2.877s] [  2%] Built target sfm_ros2__rosidl_generator_type_description
[2.878s] [  4%] Built target sfm_ros2__rs
[2.883s] [  4%] Built target ament_cmake_python_copy_sfm_ros2
[2.890s] [  6%] Built target sfm_ros2__cpp
[2.891s] [ 23%] Built target sfm_ros2__rosidl_generator_c
[2.905s] [ 34%] Built target sfm_ros2__rosidl_typesupport_introspection_c
[2.905s] [ 40%] Built target sfm_ros2__rosidl_typesupport_c
[2.906s] [ 48%] Built target sfm_ros2__rosidl_typesupport_fastrtps_c
[2.906s] [ 57%] Built target sfm_ros2__rosidl_typesupport_introspection_cpp
[2.906s] [ 68%] Built target sfm_ros2__rosidl_typesupport_fastrtps_cpp
[2.906s] [ 74%] Built target sfm_ros2__rosidl_typesupport_cpp
[2.919s] [ 74%] Built target sfm_ros2
[2.931s] [ 76%] Built target sfm_ros2__py
[2.934s] [ 78%] [32mBuilding CXX object CMakeFiles/sfm.dir/src/sfm.cpp.o[0m
[2.946s] [ 85%] Built target sfm_ros2__rosidl_generator_py
[2.960s] [ 93%] Built target sfm_ros2_s__rosidl_typesupport_introspection_c
[2.960s] [ 93%] Built target sfm_ros2_s__rosidl_typesupport_c
[2.961s] [ 97%] Built target sfm_ros2_s__rosidl_typesupport_fastrtps_c
[3.024s] running egg_info
[3.038s] writing sfm_ros2.egg-info/PKG-INFO
[3.038s] writing dependency_links to sfm_ros2.egg-info/dependency_links.txt
[3.038s] writing top-level names to sfm_ros2.egg-info/top_level.txt
[3.077s] reading manifest file 'sfm_ros2.egg-info/SOURCES.txt'
[3.077s] writing manifest file 'sfm_ros2.egg-info/SOURCES.txt'
[3.094s] [ 97%] Built target ament_cmake_python_build_sfm_ros2_egg
[3.097s] In file included from [01m[K/home/elioowo/ros_sfm/sfm_ros2/src/sfm.cpp:1[m[K:
[3.097s] [01m[K/home/elioowo/ros_sfm/sfm_ros2/include/sfm/sfm.h:16:10:[m[K [01;31m[Kfatal error: [m[Kvisualization_msgs/msg/marker_array.hpp: No such file or directory
[3.097s]    16 | #include [01;31m[K<visualization_msgs/msg/marker_array.hpp>[m[K
[3.097s]       |          [01;31m[K^~~~~~~~~~~~~~~~~~~~~~~~~~~~~~~~~~~~~~~~~[m[K
[3.097s] compilation terminated.
[3.098s] gmake[2]: *** [CMakeFiles/sfm.dir/build.make:76: CMakeFiles/sfm.dir/src/sfm.cpp.o] Error 1
[3.099s] gmake[1]: *** [CMakeFiles/Makefile2:644: CMakeFiles/sfm.dir/all] Error 2
[3.099s] gmake: *** [Makefile:146: all] Error 2
[3.101s] Invoked command in '/home/elioowo/ros_sfm/sfm_ros2/build/sfm_ros2' returned '2': CMAKE_PREFIX_PATH=${CMAKE_PREFIX_PATH}:/opt/ros/jazzy DEBUGINFOD_URLS=https://debuginfod.ubuntu.com /usr/bin/cmake --build /home/elioowo/ros_sfm/sfm_ros2/build/sfm_ros2 -- -j32 -l32
