[0.006s] Invoking command in '/home/elioowo/ros_sfm/sfm_ros2/build/sfm_ros2': CMAKE_PREFIX_PATH=${CMAKE_PREFIX_PATH}:/opt/ros/jazzy DEBUGINFOD_URLS=https://debuginfod.ubuntu.com /usr/bin/cmake /home/elioowo/ros_sfm/sfm_ros2 -DCMAKE_INSTALL_PREFIX=/home/elioowo/ros_sfm/sfm_ros2/install/sfm_ros2
[0.016s] -- Found ament_cmake: 2.5.6 (/opt/ros/jazzy/share/ament_cmake/cmake)
[0.169s] -- Found Boost: /usr/lib/x86_64-linux-gnu/cmake/Boost-1.83.0/BoostConfig.cmake (found suitable version "1.83.0", minimum required is "1.65.0") found components: system filesystem iostreams serialization 
[0.176s] -- Found OpenNI: /usr/lib/libOpenNI.so;libusb::libusb (found version "1.5.4.0") 
[0.176s] -- OpenNI found (version: 1.5.4.0, include: /usr/include/ni, lib: /usr/lib/libOpenNI.so;libusb::libusb)
[0.179s] -- Found OpenNI2: /usr/lib/x86_64-linux-gnu/libOpenNI2.so;libusb::libusb (found version "2.2.0.33") 
[0.179s] -- OpenNI2 found (version: 2.2.0.33, include: /usr/include/openni2, lib: /usr/lib/x86_64-linux-gnu/libOpenNI2.so;libusb::libusb)
[0.241s] -- Found Threads: TRUE  
[0.242s] -- Found GLEW: /usr/lib/x86_64-linux-gnu/libGLEW.so  
[0.243s] -- Found OpenGL: /usr/lib/x86_64-linux-gnu/libOpenGL.so  found components: OpenGL GLX 
[0.326s] -- Found MPI_C: /usr/lib/x86_64-linux-gnu/libmpi.so (found version "3.1") 
[0.326s] -- Found MPI: TRUE (found version "3.1") found components: C 
[0.327s] -- Found JsonCpp: /usr/lib/x86_64-linux-gnu/libjsoncpp.so (found suitable version "1.9.5", minimum required is "0.7.0") 
[0.365s] -- Found Eigen3: /usr/include/eigen3 (found version "3.4.0") 
[0.420s] -- Found X11: /usr/include   
[0.477s] -- Found EXPAT: /usr/lib/x86_64-linux-gnu/libexpat.so (found version "2.6.1") 
[0.478s] -- Found double-conversion: /usr/lib/x86_64-linux-gnu/libdouble-conversion.so  
[0.479s] -- Found LZ4: /usr/lib/x86_64-linux-gnu/liblz4.so (found version "1.9.4") 
[0.480s] -- Found LZMA: /usr/lib/x86_64-linux-gnu/liblzma.so (found version "5.4.5") 
[0.489s] -- Found JPEG: /usr/lib/x86_64-linux-gnu/libjpeg.so (found version "80") 
[0.502s] -- Found TIFF: /usr/lib/x86_64-linux-gnu/libtiff.so (found version "4.5.1")  
[0.505s] -- Found Freetype: /usr/lib/x86_64-linux-gnu/libfreetype.so (found version "2.13.2") 
[0.508s] -- Found utf8cpp: /usr/include/utf8cpp  
[0.529s] [33mCMake Warning (dev) at /usr/lib/x86_64-linux-gnu/cmake/pcl/Modules/FindFLANN.cmake:45 (find_package):
[0.529s]   Policy CMP0144 is not set: find_package uses upper-case <PACKAGENAME>_ROOT
[0.529s]   variables.  Run "cmake --help-policy CMP0144" for policy details.  Use the
[0.529s]   cmake_policy command to set the policy and suppress this warning.
[0.529s] 
[0.529s]   CMake variable FLANN_ROOT is set to:
[0.529s] 
[0.529s]     /usr
[0.529s] 
[0.530s]   For compatibility, find_package is ignoring the variable, but code in a
[0.530s]   .cmake module might still use it.
[0.530s] Call Stack (most recent call first):
[0.530s]   /usr/lib/x86_64-linux-gnu/cmake/pcl/PCLConfig.cmake:261 (find_package)
[0.530s]   /usr/lib/x86_64-linux-gnu/cmake/pcl/PCLConfig.cmake:306 (find_flann)
[0.530s]   /usr/lib/x86_64-linux-gnu/cmake/pcl/PCLConfig.cmake:570 (find_external_library)
[0.530s]   CMakeLists.txt:19 (find_package)
[0.530s] This warning is for project developers.  Use -Wno-dev to suppress it.
[0.530s] [0m
[0.530s] -- Found flann version 1.9.2
[0.531s] -- Found Qhull version 8.0.2
[1.438s] -- OpenNI found (version: 1.5.4.0, include: /usr/include/ni, lib: /usr/lib/libOpenNI.so;libusb::libusb)
[1.442s] -- OpenNI2 found (version: 2.2.0.33, include: /usr/include/openni2, lib: /usr/lib/x86_64-linux-gnu/libOpenNI2.so;libusb::libusb)
[1.733s] -- looking for PCL_COMMON
[1.733s] -- looking for PCL_OCTREE
[1.733s] -- looking for PCL_IO
[1.733s] -- looking for PCL_KDTREE
[1.734s] -- looking for PCL_SEARCH
[1.734s] -- looking for PCL_SURFACE
[1.734s] -- looking for PCL_FILTERS
[1.734s] -- looking for PCL_2D
[1.735s] -- looking for PCL_FEATURES
[1.735s] -- looking for PCL_REGISTRATION
[1.735s] -- looking for PCL_SAMPLE_CONSENSUS
[1.735s] -- looking for PCL_GEOMETRY
[1.736s] -- looking for PCL_ML
[1.736s] -- looking for PCL_SEGMENTATION
[1.736s] -- looking for PCL_VISUALIZATION
[1.737s] -- Found PCL: pcl_common;pcl_octree;pcl_io;pcl_kdtree;pcl_search;pcl_surface;pcl_filters;pcl_features;pcl_registration;pcl_sample_consensus;pcl_ml;pcl_segmentation;pcl_visualization;Boost::system;Boost::filesystem;Boost::iostreams;Boost::serialization;/usr/lib/libOpenNI.so;libusb::libusb;/usr/lib/x86_64-linux-gnu/libOpenNI2.so;libusb::libusb;VTK::ChartsCore;VTK::CommonColor;VTK::CommonComputationalGeometry;VTK::CommonCore;VTK::CommonDataModel;VTK::CommonExecutionModel;VTK::CommonMath;VTK::CommonMisc;VTK::CommonTransforms;VTK::FiltersCore;VTK::FiltersExtraction;VTK::FiltersGeneral;VTK::FiltersGeometry;VTK::FiltersModeling;VTK::FiltersSources;VTK::ImagingCore;VTK::ImagingSources;VTK::InteractionImage;VTK::InteractionStyle;VTK::InteractionWidgets;VTK::IOCore;VTK::IOGeometry;VTK::IOImage;VTK::IOLegacy;VTK::IOPLY;VTK::RenderingAnnotation;VTK::RenderingCore;VTK::RenderingContext2D;VTK::RenderingLOD;VTK::RenderingFreeType;VTK::ViewsCore;VTK::ViewsContext2D;VTK::RenderingOpenGL2;VTK::RenderingContextOpenGL2;VTK::GUISupportQt;FLANN::FLANN;QHULL::QHULL  
[1.745s] -- Configuring incomplete, errors occurred!
[1.745s] [31mCMake Error at CMakeLists.txt:26 (find_package):
[1.745s]   By not providing "FindTorch.cmake" in CMAKE_MODULE_PATH this project has
[1.745s]   asked CMake to find a package configuration file provided by "Torch", but
[1.746s]   CMake did not find one.
[1.746s] 
[1.746s]   Could not find a package configuration file provided by "Torch" with any of
[1.746s]   the following names:
[1.746s] 
[1.746s]     TorchConfig.cmake
[1.746s]     torch-config.cmake
[1.746s] 
[1.746s]   Add the installation prefix of "Torch" to CMAKE_PREFIX_PATH or set
[1.746s]   "Torch_DIR" to a directory containing one of the above files.  If "Torch"
[1.746s]   provides a separate development package or SDK, be sure it has been
[1.746s]   installed.
[1.746s] 
[1.746s] [0m
[1.754s] Invoked command in '/home/elioowo/ros_sfm/sfm_ros2/build/sfm_ros2' returned '1': CMAKE_PREFIX_PATH=${CMAKE_PREFIX_PATH}:/opt/ros/jazzy DEBUGINFOD_URLS=https://debuginfod.ubuntu.com /usr/bin/cmake /home/elioowo/ros_sfm/sfm_ros2 -DCMAKE_INSTALL_PREFIX=/home/elioowo/ros_sfm/sfm_ros2/install/sfm_ros2
