[0.007s] Invoking command in '/home/elioowo/ros_sfm/sfm_ros2/build/sfm_ros2': CMAKE_PREFIX_PATH=${CMAKE_PREFIX_PATH}:/opt/ros/jazzy DEBUGINFOD_URLS=https://debuginfod.ubuntu.com /usr/bin/cmake --build /home/elioowo/ros_sfm/sfm_ros2/build/sfm_ros2 -- -j32 -l32
[0.025s] -- Found rclcpp: 28.1.18 (/opt/ros/jazzy/share/rclcpp/cmake)
[0.118s] -- Found rosidl_generator_c: 4.6.7 (/opt/ros/jazzy/share/rosidl_generator_c/cmake)
[0.123s] -- Found rosidl_generator_cpp: 4.6.7 (/opt/ros/jazzy/share/rosidl_generator_cpp/cmake)
[0.131s] -- Using all available rosidl_typesupport_c: rosidl_typesupport_fastrtps_c;rosidl_typesupport_introspection_c
[0.140s] -- Using all available rosidl_typesupport_cpp: rosidl_typesupport_fastrtps_cpp;rosidl_typesupport_introspection_cpp
[0.181s] -- Found rmw_implementation_cmake: 7.3.3 (/opt/ros/jazzy/share/rmw_implementation_cmake/cmake)
[0.182s] -- Found rmw_fastrtps_cpp: 8.4.3 (/opt/ros/jazzy/share/rmw_fastrtps_cpp/cmake)
[0.226s] -- Using RMW implementation 'rmw_fastrtps_cpp' as default
[0.270s] -- Found std_msgs: 5.3.7 (/opt/ros/jazzy/share/std_msgs/cmake)
[0.279s] -- Found sensor_msgs: 5.3.7 (/opt/ros/jazzy/share/sensor_msgs/cmake)
[0.306s] -- Found nav_msgs: 5.3.7 (/opt/ros/jazzy/share/nav_msgs/cmake)
[0.324s] -- Found message_filters: 4.11.12 (/opt/ros/jazzy/share/message_filters/cmake)
[0.327s] -- Found cv_bridge: 4.1.0 (/opt/ros/jazzy/share/cv_bridge/cmake)
[0.331s] -- Found pcl_conversions: 2.6.4 (/opt/ros/jazzy/share/pcl_conversions/cmake)
[0.363s] [33mCMake Warning (dev) at /usr/lib/x86_64-linux-gnu/cmake/pcl/Modules/FindFLANN.cmake:45 (find_package):
[0.363s]   Policy CMP0144 is not set: find_package uses upper-case <PACKAGENAME>_ROOT
[0.363s]   variables.  Run "cmake --help-policy CMP0144" for policy details.  Use the
[0.363s]   cmake_policy command to set the policy and suppress this warning.
[0.363s] 
[0.363s]   CMake variable FLANN_ROOT is set to:
[0.363s] 
[0.363s]     /usr
[0.363s] 
[0.363s]   For compatibility, find_package is ignoring the variable, but code in a
[0.364s]   .cmake module might still use it.
[0.364s] Call Stack (most recent call first):
[0.364s]   /usr/lib/x86_64-linux-gnu/cmake/pcl/PCLConfig.cmake:261 (find_package)
[0.364s]   /usr/lib/x86_64-linux-gnu/cmake/pcl/PCLConfig.cmake:306 (find_flann)
[0.364s]   /usr/lib/x86_64-linux-gnu/cmake/pcl/PCLConfig.cmake:570 (find_external_library)
[0.364s]   /opt/ros/jazzy/share/pcl_conversions/cmake/ament_cmake_export_dependencies-extras.cmake:21 (find_package)
[0.364s]   /opt/ros/jazzy/share/pcl_conversions/cmake/pcl_conversionsConfig.cmake:41 (include)
[0.364s]   CMakeLists.txt:18 (find_package)
[0.364s] This warning is for project developers.  Use -Wno-dev to suppress it.
[0.364s] [0m
[0.364s] -- Found flann version 1.9.2
[0.670s] -- OpenNI found (version: 1.5.4.0, include: /usr/include/ni, lib: /usr/lib/libOpenNI.so;libusb::libusb)
[0.674s] -- OpenNI2 found (version: 2.2.0.33, include: /usr/include/openni2, lib: /usr/lib/x86_64-linux-gnu/libOpenNI2.so;libusb::libusb)
[1.003s] -- OpenNI found (version: 1.5.4.0, include: /usr/include/ni, lib: /usr/lib/libOpenNI.so;libusb::libusb)
[1.007s] -- OpenNI2 found (version: 2.2.0.33, include: /usr/include/openni2, lib: /usr/lib/x86_64-linux-gnu/libOpenNI2.so;libusb::libusb)
[1.295s] -- Found Qhull version 8.0.2
[1.591s] -- OpenNI found (version: 1.5.4.0, include: /usr/include/ni, lib: /usr/lib/libOpenNI.so;libusb::libusb)
[1.897s] [33mCMake Warning (dev) at CMakeLists.txt:22 (find_package):
[1.897s]   Policy CMP0074 is not set: find_package uses <PackageName>_ROOT variables.
[1.897s]   Run "cmake --help-policy CMP0074" for policy details.  Use the cmake_policy
[1.897s]   command to set the policy and suppress this warning.
[1.897s] 
[1.897s]   CMake variable PCL_ROOT is set to:
[1.897s] 
[1.897s]     /usr
[1.897s] 
[1.897s]   For compatibility, CMake is ignoring the variable.
[1.897s] This warning is for project developers.  Use -Wno-dev to suppress it.
[1.897s] [0m
[1.919s] [33mCMake Warning (dev) at /usr/share/cmake-3.28/Modules/FindPackageHandleStandardArgs.cmake:438 (message):
[1.919s]   The package name passed to `find_package_handle_standard_args` (torch) does
[1.920s]   not match the name of the calling package (Torch).  This can lead to
[1.920s]   problems in calling code that expects `find_package` result variables
[1.920s]   (e.g., `_FOUND`) to follow a certain pattern.
[1.920s] Call Stack (most recent call first):
[1.920s]   /home/elioowo/libraries/libtorch/share/cmake/Torch/TorchConfig.cmake:103 (find_package_handle_standard_args)
[1.920s]   CMakeLists.txt:29 (find_package)
[1.920s] This warning is for project developers.  Use -Wno-dev to suppress it.
[1.920s] [0m
[1.920s] -- Found rosidl_default_generators: 1.6.0 (/opt/ros/jazzy/share/rosidl_default_generators/cmake)
[1.927s] -- Found rosidl_adapter: 4.6.7 (/opt/ros/jazzy/share/rosidl_adapter/cmake)
[2.039s] [31mCMake Error at /opt/ros/jazzy/share/rosidl_adapter/cmake/rosidl_adapt_interfaces.cmake:57 (message):
[2.039s]   execute_process(/usr/bin/python3 -m rosidl_adapter --package-name sfm_ros2
[2.039s]   --arguments-file
[2.039s]   /home/elioowo/ros_sfm/sfm_ros2/build/sfm_ros2/rosidl_adapter__arguments__sfm_ros2.json
[2.039s]   --output-dir
[2.039s]   /home/elioowo/ros_sfm/sfm_ros2/build/sfm_ros2/rosidl_adapter/sfm_ros2
[2.039s]   --output-file
[2.039s]   /home/elioowo/ros_sfm/sfm_ros2/build/sfm_ros2/rosidl_adapter/sfm_ros2.idls)
[2.039s]   returned error code 1:
[2.039s] 
[2.040s]   Traceback (most recent call last):
[2.040s] 
[2.040s]     File "<frozen runpy>", line 198, in _run_module_as_main
[2.040s]     File "<frozen runpy>", line 88, in _run_code
[2.040s]     File "/opt/ros/jazzy/lib/python3.12/site-packages/rosidl_adapter/__main__.py", line 19, in <module>
[2.040s]       sys.exit(main())
[2.040s]                ^^^^^^
[2.040s]     File "/opt/ros/jazzy/lib/python3.12/site-packages/rosidl_adapter/main.py", line 53, in main
[2.040s]       abs_idl_file = convert_to_idl(
[2.040s]                      ^^^^^^^^^^^^^^^
[2.040s]     File "/opt/ros/jazzy/lib/python3.12/site-packages/rosidl_adapter/__init__.py", line 19, in convert_to_idl
[2.040s]       return convert_msg_to_idl(
[2.040s]              ^^^^^^^^^^^^^^^^^^^
[2.040s]     File "/opt/ros/jazzy/lib/python3.12/site-packages/rosidl_adapter/msg/__init__.py", line 28, in convert_msg_to_idl
[2.040s]       msg = parse_message_string(package_name, input_file.stem, content)
[2.040s]             ^^^^^^^^^^^^^^^^^^^^^^^^^^^^^^^^^^^^^^^^^^^^^^^^^^^^^^^^^^^^
[2.040s]     File "/opt/ros/jazzy/lib/python3.12/site-packages/rosidl_adapter/parser.py", line 545, in parse_message_string
[2.040s]       msg = MessageSpecification(pkg_name, msg_name, fields, constants)
[2.040s]             ^^^^^^^^^^^^^^^^^^^^^^^^^^^^^^^^^^^^^^^^^^^^^^^^^^^^^^^^^^^
[2.040s]     File "/opt/ros/jazzy/lib/python3.12/site-packages/rosidl_adapter/parser.py", line 389, in __init__
[2.040s]       self.base_type = BaseType(
[2.040s]                        ^^^^^^^^^
[2.040s]     File "/opt/ros/jazzy/lib/python3.12/site-packages/rosidl_adapter/parser.py", line 206, in __init__
[2.040s]       raise InvalidResourceName(
[2.040s] 
[2.040s]   rosidl_adapter.parser.InvalidResourceName: 'map_graph' is an invalid
[2.040s]   message name.  It should have the pattern '^[A-Z][A-Za-z0-9]*$'
[2.041s] 
[2.041s] Call Stack (most recent call first):
[2.041s]   /opt/ros/jazzy/share/rosidl_cmake/cmake/rosidl_generate_interfaces.cmake:132 (rosidl_adapt_interfaces)
[2.041s]   CMakeLists.txt:37 (rosidl_generate_interfaces)
[2.041s] 
[2.041s] [0m
[2.041s] -- Configuring incomplete, errors occurred!
[2.054s] gmake: *** [Makefile:1140: cmake_check_build_system] Error 1
[2.055s] Invoked command in '/home/elioowo/ros_sfm/sfm_ros2/build/sfm_ros2' returned '2': CMAKE_PREFIX_PATH=${CMAKE_PREFIX_PATH}:/opt/ros/jazzy DEBUGINFOD_URLS=https://debuginfod.ubuntu.com /usr/bin/cmake --build /home/elioowo/ros_sfm/sfm_ros2/build/sfm_ros2 -- -j32 -l32
