[0.009s] Invoking command in '/home/elioowo/ros_sfm/sfm_ros2/build/sfm_ros2': CMAKE_PREFIX_PATH=${CMAKE_PREFIX_PATH}:/opt/ros/jazzy DEBUGINFOD_URLS=https://debuginfod.ubuntu.com /usr/bin/cmake /home/elioowo/ros_sfm/sfm_ros2 -DCMAKE_INSTALL_PREFIX=/home/elioowo/ros_sfm/sfm_ros2/install/sfm_ros2
[0.128s] -- The C compiler identification is GNU 13.3.0
[0.232s] -- The CXX compiler identification is GNU 13.3.0
[0.255s] -- Detecting C compiler ABI info
[0.378s] -- Detecting C compiler ABI info - done
[0.385s] -- Check for working C compiler: /usr/bin/cc - skipped
[0.385s] -- Detecting C compile features
[0.386s] -- Detecting C compile features - done
[0.393s] -- Detecting CXX compiler ABI info
[0.473s] -- Detecting CXX compiler ABI info - done
[0.483s] -- Check for working CXX compiler: /usr/bin/c++ - skipped
[0.483s] -- Detecting CXX compile features
[0.484s] -- Detecting CXX compile features - done
[0.492s] -- Found ament_cmake: 2.5.6 (/opt/ros/jazzy/share/ament_cmake/cmake)
[0.628s] -- Found Python3: /usr/bin/python3 (found version "3.12.3") found components: Interpreter 
[0.773s] -- Found rclcpp: 28.1.18 (/opt/ros/jazzy/share/rclcpp/cmake)
[0.829s] -- Found rosidl_generator_c: 4.6.7 (/opt/ros/jazzy/share/rosidl_generator_c/cmake)
[0.846s] -- Found rosidl_generator_cpp: 4.6.7 (/opt/ros/jazzy/share/rosidl_generator_cpp/cmake)
[0.866s] -- Using all available rosidl_typesupport_c: rosidl_typesupport_fastrtps_c;rosidl_typesupport_introspection_c
[0.888s] -- Using all available rosidl_typesupport_cpp: rosidl_typesupport_fastrtps_cpp;rosidl_typesupport_introspection_cpp
[0.976s] -- Found rmw_implementation_cmake: 7.3.3 (/opt/ros/jazzy/share/rmw_implementation_cmake/cmake)
[0.981s] -- Found rmw_fastrtps_cpp: 8.4.3 (/opt/ros/jazzy/share/rmw_fastrtps_cpp/cmake)
[1.064s] -- Found OpenSSL: /usr/lib/x86_64-linux-gnu/libcrypto.so (found version "3.0.13")  
[1.083s] -- Found FastRTPS: /opt/ros/jazzy/include (Required is at least version "2.13") 
[1.101s] -- Using RMW implementation 'rmw_fastrtps_cpp' as default
[1.183s] -- Found std_msgs: 5.3.7 (/opt/ros/jazzy/share/std_msgs/cmake)
[1.199s] -- Found sensor_msgs: 5.3.7 (/opt/ros/jazzy/share/sensor_msgs/cmake)
[1.242s] -- Found nav_msgs: 5.3.7 (/opt/ros/jazzy/share/nav_msgs/cmake)
[1.268s] -- Found cv_bridge: 4.1.0 (/opt/ros/jazzy/share/cv_bridge/cmake)
[1.280s] -- Found message_filters: 4.11.12 (/opt/ros/jazzy/share/message_filters/cmake)
[1.286s] -- Found pcl_conversions: 2.6.4 (/opt/ros/jazzy/share/pcl_conversions/cmake)
[1.369s] [33mCMake Warning (dev) at /usr/lib/x86_64-linux-gnu/cmake/pcl/Modules/FindFLANN.cmake:45 (find_package):
[1.369s]   Policy CMP0144 is not set: find_package uses upper-case <PACKAGENAME>_ROOT
[1.369s]   variables.  Run "cmake --help-policy CMP0144" for policy details.  Use the
[1.369s]   cmake_policy command to set the policy and suppress this warning.
[1.369s] 
[1.369s]   CMake variable FLANN_ROOT is set to:
[1.369s] 
[1.370s]     /usr
[1.370s] 
[1.370s]   For compatibility, find_package is ignoring the variable, but code in a
[1.370s]   .cmake module might still use it.
[1.370s] Call Stack (most recent call first):
[1.370s]   /usr/lib/x86_64-linux-gnu/cmake/pcl/PCLConfig.cmake:261 (find_package)
[1.370s]   /usr/lib/x86_64-linux-gnu/cmake/pcl/PCLConfig.cmake:306 (find_flann)
[1.370s]   /usr/lib/x86_64-linux-gnu/cmake/pcl/PCLConfig.cmake:570 (find_external_library)
[1.370s]   /opt/ros/jazzy/share/pcl_conversions/cmake/ament_cmake_export_dependencies-extras.cmake:21 (find_package)
[1.370s]   /opt/ros/jazzy/share/pcl_conversions/cmake/pcl_conversionsConfig.cmake:41 (include)
[1.370s]   CMakeLists.txt:22 (find_package)
[1.370s] This warning is for project developers.  Use -Wno-dev to suppress it.
[1.370s] [0m
[1.371s] -- Found flann version 1.9.2
[1.688s] -- Found OpenMP_CXX: -fopenmp (found version "4.5") 
[1.688s] -- Found OpenMP: TRUE (found version "4.5") found components: CXX 
[2.905s] -- Checking for module 'libusb-1.0'
[2.914s] --   Found libusb-1.0, version 1.0.27
[2.940s] -- Found libusb: /usr/lib/x86_64-linux-gnu/libusb-1.0.so  
[2.941s] -- OpenNI found (version: 1.5.4.0, include: /usr/include/ni, lib: /usr/lib/libOpenNI.so;libusb::libusb)
[2.987s] -- OpenNI2 found (version: 2.2.0.33, include: /usr/include/openni2, lib: /usr/lib/x86_64-linux-gnu/libOpenNI2.so;libusb::libusb)
[2.990s] -- Found Pcap: /usr/lib/x86_64-linux-gnu/libpcap.so  
[3.001s] -- Found ZLIB: /usr/lib/x86_64-linux-gnu/libz.so (found version "1.3")  
[3.016s] -- Found PNG: /usr/lib/x86_64-linux-gnu/libpng.so (found version "1.6.43") 
[3.311s] -- OpenNI found (version: 1.5.4.0, include: /usr/include/ni, lib: /usr/lib/libOpenNI.so;libusb::libusb)
[3.314s] -- OpenNI2 found (version: 2.2.0.33, include: /usr/include/openni2, lib: /usr/lib/x86_64-linux-gnu/libOpenNI2.so;libusb::libusb)
[3.621s] -- Found Qhull version 8.0.2
[3.928s] -- OpenNI found (version: 1.5.4.0, include: /usr/include/ni, lib: /usr/lib/libOpenNI.so;libusb::libusb)
[4.238s] -- Found PCL_COMMON: /usr/lib/x86_64-linux-gnu/libpcl_common.so  
[4.238s] -- Found PCL_KDTREE: /usr/lib/x86_64-linux-gnu/libpcl_kdtree.so  
[4.239s] -- Found PCL_OCTREE: /usr/lib/x86_64-linux-gnu/libpcl_octree.so  
[4.240s] -- Found PCL_SEARCH: /usr/lib/x86_64-linux-gnu/libpcl_search.so  
[4.241s] -- Found PCL_SAMPLE_CONSENSUS: /usr/lib/x86_64-linux-gnu/libpcl_sample_consensus.so  
[4.241s] -- Found PCL_FILTERS: /usr/lib/x86_64-linux-gnu/libpcl_filters.so  
[4.242s] -- Found PCL_2D: /usr/include/pcl-1.14  
[4.242s] -- Found PCL_GEOMETRY: /usr/include/pcl-1.14  
[4.243s] -- Found PCL_IO: /usr/lib/x86_64-linux-gnu/libpcl_io.so  
[4.243s] -- Found PCL_FEATURES: /usr/lib/x86_64-linux-gnu/libpcl_features.so  
[4.244s] -- Found PCL_ML: /usr/lib/x86_64-linux-gnu/libpcl_ml.so  
[4.245s] -- Found PCL_SEGMENTATION: /usr/lib/x86_64-linux-gnu/libpcl_segmentation.so  
[4.246s] -- Found PCL_VISUALIZATION: /usr/lib/x86_64-linux-gnu/libpcl_visualization.so  
[4.247s] -- Found PCL_SURFACE: /usr/lib/x86_64-linux-gnu/libpcl_surface.so  
[4.248s] -- Found PCL_REGISTRATION: /usr/lib/x86_64-linux-gnu/libpcl_registration.so  
[4.249s] -- Found PCL_KEYPOINTS: /usr/lib/x86_64-linux-gnu/libpcl_keypoints.so  
[4.249s] -- Found PCL_TRACKING: /usr/lib/x86_64-linux-gnu/libpcl_tracking.so  
[4.250s] -- Found PCL_RECOGNITION: /usr/lib/x86_64-linux-gnu/libpcl_recognition.so  
[4.251s] -- Found PCL_STEREO: /usr/lib/x86_64-linux-gnu/libpcl_stereo.so  
[4.252s] -- Found PCL_APPS: /usr/lib/x86_64-linux-gnu/libpcl_apps.so  
[4.252s] -- Found PCL_IN_HAND_SCANNER: /usr/include/pcl-1.14  
[4.252s] -- Found PCL_MODELER: /usr/include/pcl-1.14  
[4.264s] -- Found PCL_POINT_CLOUD_EDITOR: /usr/include/pcl-1.14  
[4.265s] -- Found PCL_OUTOFCORE: /usr/lib/x86_64-linux-gnu/libpcl_outofcore.so  
[4.266s] -- Found PCL_PEOPLE: /usr/lib/x86_64-linux-gnu/libpcl_people.so  
[4.267s] [33mCMake Warning (dev) at CMakeLists.txt:25 (find_package):
[4.267s]   Policy CMP0074 is not set: find_package uses <PackageName>_ROOT variables.
[4.267s]   Run "cmake --help-policy CMP0074" for policy details.  Use the cmake_policy
[4.267s]   command to set the policy and suppress this warning.
[4.267s] 
[4.268s]   CMake variable PCL_ROOT is set to:
[4.268s] 
[4.268s]     /usr
[4.268s] 
[4.268s]   For compatibility, CMake is ignoring the variable.
[4.268s] This warning is for project developers.  Use -Wno-dev to suppress it.
[4.268s] [0m
[4.280s] [31mCMake Error at CMakeLists.txt:34 (find_package):
[4.280s]   By not providing "FindTorch.cmake" in CMAKE_MODULE_PATH this project has
[4.280s]   asked CMake to find a package configuration file provided by "Torch", but
[4.280s]   CMake did not find one.
[4.280s] 
[4.280s]   Could not find a package configuration file provided by "Torch" with any of
[4.280s]   the following names:
[4.280s] 
[4.280s]     TorchConfig.cmake
[4.280s]     torch-config.cmake
[4.280s] 
[4.280s]   Add the installation prefix of "Torch" to CMAKE_PREFIX_PATH or set
[4.280s]   "Torch_DIR" to a directory containing one of the above files.  If "Torch"
[4.280s]   provides a separate development package or SDK, be sure it has been
[4.281s]   installed.
[4.281s] 
[4.281s] [0m
[4.281s] -- Configuring incomplete, errors occurred!
[4.292s] Invoked command in '/home/elioowo/ros_sfm/sfm_ros2/build/sfm_ros2' returned '1': CMAKE_PREFIX_PATH=${CMAKE_PREFIX_PATH}:/opt/ros/jazzy DEBUGINFOD_URLS=https://debuginfod.ubuntu.com /usr/bin/cmake /home/elioowo/ros_sfm/sfm_ros2 -DCMAKE_INSTALL_PREFIX=/home/elioowo/ros_sfm/sfm_ros2/install/sfm_ros2
