[0.007s] Invoking command in '/home/elioowo/ros_sfm/sfm_ros2/build/sfm_ros2': CMAKE_PREFIX_PATH=${CMAKE_PREFIX_PATH}:/opt/ros/jazzy DEBUGINFOD_URLS=https://debuginfod.ubuntu.com /usr/bin/cmake --build /home/elioowo/ros_sfm/sfm_ros2/build/sfm_ros2 -- -j32 -l32
[0.026s] -- Found rclcpp: 28.1.18 (/opt/ros/jazzy/share/rclcpp/cmake)
[0.116s] -- Found rosidl_generator_c: 4.6.7 (/opt/ros/jazzy/share/rosidl_generator_c/cmake)
[0.122s] -- Found rosidl_generator_cpp: 4.6.7 (/opt/ros/jazzy/share/rosidl_generator_cpp/cmake)
[0.129s] -- Using all available rosidl_typesupport_c: rosidl_typesupport_fastrtps_c;rosidl_typesupport_introspection_c
[0.138s] -- Using all available rosidl_typesupport_cpp: rosidl_typesupport_fastrtps_cpp;rosidl_typesupport_introspection_cpp
[0.180s] -- Found rmw_implementation_cmake: 7.3.3 (/opt/ros/jazzy/share/rmw_implementation_cmake/cmake)
[0.180s] -- Found rmw_fastrtps_cpp: 8.4.3 (/opt/ros/jazzy/share/rmw_fastrtps_cpp/cmake)
[0.224s] -- Using RMW implementation 'rmw_fastrtps_cpp' as default
[0.268s] -- Found std_msgs: 5.3.7 (/opt/ros/jazzy/share/std_msgs/cmake)
[0.277s] -- Found sensor_msgs: 5.3.7 (/opt/ros/jazzy/share/sensor_msgs/cmake)
[0.303s] -- Found nav_msgs: 5.3.7 (/opt/ros/jazzy/share/nav_msgs/cmake)
[0.322s] -- Found message_filters: 4.11.12 (/opt/ros/jazzy/share/message_filters/cmake)
[0.324s] -- Found cv_bridge: 4.1.0 (/opt/ros/jazzy/share/cv_bridge/cmake)
[0.328s] -- Found pcl_conversions: 2.6.4 (/opt/ros/jazzy/share/pcl_conversions/cmake)
[0.360s] [33mCMake Warning (dev) at /usr/lib/x86_64-linux-gnu/cmake/pcl/Modules/FindFLANN.cmake:45 (find_package):
[0.360s]   Policy CMP0144 is not set: find_package uses upper-case <PACKAGENAME>_ROOT
[0.360s]   variables.  Run "cmake --help-policy CMP0144" for policy details.  Use the
[0.360s]   cmake_policy command to set the policy and suppress this warning.
[0.360s] 
[0.360s]   CMake variable FLANN_ROOT is set to:
[0.360s] 
[0.360s]     /usr
[0.360s] 
[0.360s]   For compatibility, find_package is ignoring the variable, but code in a
[0.360s]   .cmake module might still use it.
[0.361s] Call Stack (most recent call first):
[0.361s]   /usr/lib/x86_64-linux-gnu/cmake/pcl/PCLConfig.cmake:261 (find_package)
[0.361s]   /usr/lib/x86_64-linux-gnu/cmake/pcl/PCLConfig.cmake:306 (find_flann)
[0.361s]   /usr/lib/x86_64-linux-gnu/cmake/pcl/PCLConfig.cmake:570 (find_external_library)
[0.361s]   /opt/ros/jazzy/share/pcl_conversions/cmake/ament_cmake_export_dependencies-extras.cmake:21 (find_package)
[0.361s]   /opt/ros/jazzy/share/pcl_conversions/cmake/pcl_conversionsConfig.cmake:41 (include)
[0.361s]   CMakeLists.txt:18 (find_package)
[0.361s] This warning is for project developers.  Use -Wno-dev to suppress it.
[0.361s] [0m
[0.361s] -- Found flann version 1.9.2
[0.680s] -- OpenNI found (version: 1.5.4.0, include: /usr/include/ni, lib: /usr/lib/libOpenNI.so;libusb::libusb)
[0.683s] -- OpenNI2 found (version: 2.2.0.33, include: /usr/include/openni2, lib: /usr/lib/x86_64-linux-gnu/libOpenNI2.so;libusb::libusb)
[1.020s] -- OpenNI found (version: 1.5.4.0, include: /usr/include/ni, lib: /usr/lib/libOpenNI.so;libusb::libusb)
[1.023s] -- OpenNI2 found (version: 2.2.0.33, include: /usr/include/openni2, lib: /usr/lib/x86_64-linux-gnu/libOpenNI2.so;libusb::libusb)
[1.322s] -- Found Qhull version 8.0.2
[1.619s] -- OpenNI found (version: 1.5.4.0, include: /usr/include/ni, lib: /usr/lib/libOpenNI.so;libusb::libusb)
[1.915s] [33mCMake Warning (dev) at CMakeLists.txt:22 (find_package):
[1.915s]   Policy CMP0074 is not set: find_package uses <PackageName>_ROOT variables.
[1.915s]   Run "cmake --help-policy CMP0074" for policy details.  Use the cmake_policy
[1.915s]   command to set the policy and suppress this warning.
[1.915s] 
[1.915s]   CMake variable PCL_ROOT is set to:
[1.915s] 
[1.915s]     /usr
[1.915s] 
[1.915s]   For compatibility, CMake is ignoring the variable.
[1.915s] This warning is for project developers.  Use -Wno-dev to suppress it.
[1.915s] [0m
[1.938s] [33mCMake Warning (dev) at /usr/share/cmake-3.28/Modules/FindPackageHandleStandardArgs.cmake:438 (message):
[1.938s]   The package name passed to `find_package_handle_standard_args` (torch) does
[1.938s]   not match the name of the calling package (Torch).  This can lead to
[1.938s]   problems in calling code that expects `find_package` result variables
[1.938s]   (e.g., `_FOUND`) to follow a certain pattern.
[1.938s] Call Stack (most recent call first):
[1.938s]   /home/elioowo/libraries/libtorch/share/cmake/Torch/TorchConfig.cmake:103 (find_package_handle_standard_args)
[1.938s]   CMakeLists.txt:29 (find_package)
[1.938s] This warning is for project developers.  Use -Wno-dev to suppress it.
[1.938s] [0m
[1.938s] -- Found rosidl_default_generators: 1.6.0 (/opt/ros/jazzy/share/rosidl_default_generators/cmake)
[1.945s] -- Found rosidl_adapter: 4.6.7 (/opt/ros/jazzy/share/rosidl_adapter/cmake)
[2.170s] -- Found ament_cmake_ros: 0.12.0 (/opt/ros/jazzy/share/ament_cmake_ros/cmake)
[2.392s] -- Using all available rosidl_typesupport_c: rosidl_typesupport_fastrtps_c;rosidl_typesupport_introspection_c
[2.479s] -- Using all available rosidl_typesupport_cpp: rosidl_typesupport_fastrtps_cpp;rosidl_typesupport_introspection_cpp
[2.479s] -- Found python_cmake_module: 0.11.1 (/opt/ros/jazzy/share/python_cmake_module/cmake)
[2.652s] -- Found Python3: /usr/bin/python3 (found version "3.12.3") found components: Interpreter Development NumPy Development.Module Development.Embed 
[2.727s] -- Found Python3: /usr/bin/python3 (found version "3.12.3") found components: Interpreter 
[2.732s] [31mCMake Error at /opt/ros/jazzy/share/ament_cmake_target_dependencies/cmake/ament_target_dependencies.cmake:77 (message):
[2.733s]   ament_target_dependencies() the passed package name 'visualization_msgs'
[2.733s]   was not found before
[2.733s] Call Stack (most recent call first):
[2.733s]   CMakeLists.txt:60 (ament_target_dependencies)
[2.733s] 
[2.733s] [0m
[2.733s] -- Configuring incomplete, errors occurred!
[2.747s] gmake: *** [Makefile:1140: cmake_check_build_system] Error 1
[2.748s] Invoked command in '/home/elioowo/ros_sfm/sfm_ros2/build/sfm_ros2' returned '2': CMAKE_PREFIX_PATH=${CMAKE_PREFIX_PATH}:/opt/ros/jazzy DEBUGINFOD_URLS=https://debuginfod.ubuntu.com /usr/bin/cmake --build /home/elioowo/ros_sfm/sfm_ros2/build/sfm_ros2 -- -j32 -l32
