[0.007s] Invoking command in '/home/elioowo/ros_sfm/sfm_ros2/build/sfm_ros2': CMAKE_PREFIX_PATH=${CMAKE_PREFIX_PATH}:/opt/ros/jazzy DEBUGINFOD_URLS=https://debuginfod.ubuntu.com /usr/bin/cmake --build /home/elioowo/ros_sfm/sfm_ros2/build/sfm_ros2 -- -j32 -l32
[0.046s] [  2%] Built target sfm_ros2__rosidl_generator_type_description
[0.046s] [  4%] Built target sfm_ros2__rs
[0.052s] [  4%] Built target ament_cmake_python_copy_sfm_ros2
[0.058s] [  6%] Built target sfm_ros2__cpp
[0.060s] [ 23%] Built target sfm_ros2__rosidl_generator_c
[0.074s] [ 31%] Built target sfm_ros2__rosidl_typesupport_c
[0.074s] [ 40%] Built target sfm_ros2__rosidl_typesupport_introspection_c
[0.075s] [ 48%] Built target sfm_ros2__rosidl_typesupport_fastrtps_c
[0.075s] [ 57%] Built target sfm_ros2__rosidl_typesupport_fastrtps_cpp
[0.075s] [ 65%] Built target sfm_ros2__rosidl_typesupport_introspection_cpp
[0.075s] [ 74%] Built target sfm_ros2__rosidl_typesupport_cpp
[0.087s] [ 74%] Built target sfm_ros2
[0.100s] [ 76%] Built target sfm_ros2__py
[0.104s] [ 78%] [32mBuilding CXX object CMakeFiles/sfm.dir/src/sfm.cpp.o[0m
[0.115s] [ 85%] Built target sfm_ros2__rosidl_generator_py
[0.129s] [ 89%] Built target sfm_ros2_s__rosidl_typesupport_fastrtps_c
[0.130s] [ 97%] Built target sfm_ros2_s__rosidl_typesupport_c
[0.130s] [ 97%] Built target sfm_ros2_s__rosidl_typesupport_introspection_c
[0.193s] running egg_info
[0.207s] writing sfm_ros2.egg-info/PKG-INFO
[0.207s] writing dependency_links to sfm_ros2.egg-info/dependency_links.txt
[0.207s] writing top-level names to sfm_ros2.egg-info/top_level.txt
[0.246s] reading manifest file 'sfm_ros2.egg-info/SOURCES.txt'
[0.246s] writing manifest file 'sfm_ros2.egg-info/SOURCES.txt'
[0.263s] [ 97%] Built target ament_cmake_python_build_sfm_ros2_egg
[4.569s] [01m[K/home/elioowo/ros_sfm/sfm_ros2/src/sfm.cpp:141:63:[m[K [01;31m[Kerror: [m[K‘[01m[KSharedPtrConst[m[K’ in ‘[01m[Kusing sensor_msgs::msg::Image = struct sensor_msgs::msg::Image_<std::allocator<void> >[m[K’ {aka ‘[01m[Kstruct sensor_msgs::msg::Image_<std::allocator<void> >[m[K’} does not name a type
[4.569s]   141 | void semanticSfm::sfmCallBack_(const sensor_msgs::msg::Image::[01;31m[KSharedPtrConst[m[K rgb,
[4.569s]       |                                                               [01;31m[K^~~~~~~~~~~~~~[m[K
[4.569s] [01m[K/home/elioowo/ros_sfm/sfm_ros2/src/sfm.cpp:142:63:[m[K [01;31m[Kerror: [m[K‘[01m[KSharedPtrConst[m[K’ in ‘[01m[Kusing sensor_msgs::msg::Image = struct sensor_msgs::msg::Image_<std::allocator<void> >[m[K’ {aka ‘[01m[Kstruct sensor_msgs::msg::Image_<std::allocator<void> >[m[K’} does not name a type
[4.569s]   142 |                                const sensor_msgs::msg::Image::[01;31m[KSharedPtrConst[m[K depthMap,
[4.569s]       |                                                               [01;31m[K^~~~~~~~~~~~~~[m[K
[4.569s] [01m[K/home/elioowo/ros_sfm/sfm_ros2/src/sfm.cpp:143:68:[m[K [01;31m[Kerror: [m[K‘[01m[KSharedPtrConst[m[K’ in ‘[01m[Kusing sensor_msgs::msg::CameraInfo = struct sensor_msgs::msg::CameraInfo_<std::allocator<void> >[m[K’ {aka ‘[01m[Kstruct sensor_msgs::msg::CameraInfo_<std::allocator<void> >[m[K’} does not name a type
[4.569s]   143 |                                const sensor_msgs::msg::CameraInfo::[01;31m[KSharedPtrConst[m[K cameraIntrensics,
[4.569s]       |                                                                    [01;31m[K^~~~~~~~~~~~~~[m[K
[4.569s] [01m[K/home/elioowo/ros_sfm/sfm_ros2/src/sfm.cpp:144:63:[m[K [01;31m[Kerror: [m[K‘[01m[KSharedPtrConst[m[K’ in ‘[01m[Kusing nav_msgs::msg::Odometry = struct nav_msgs::msg::Odometry_<std::allocator<void> >[m[K’ {aka ‘[01m[Kstruct nav_msgs::msg::Odometry_<std::allocator<void> >[m[K’} does not name a type
[4.569s]   144 |                                const nav_msgs::msg::Odometry::[01;31m[KSharedPtrConst[m[K cameraExtrensics)
[4.569s]       |                                                               [01;31m[K^~~~~~~~~~~~~~[m[K
[4.569s] [01m[K/home/elioowo/ros_sfm/sfm_ros2/src/sfm.cpp:141:6:[m[K [01;31m[Kerror: [m[Kno declaration matches ‘[01m[Kvoid semanticSfm::[01;32m[KsfmCallBack_[m[K(int, int, int, int)[m[K’
[4.569s]   141 | void [01;31m[KsemanticSfm[m[K::sfmCallBack_(const sensor_msgs::msg::Image::SharedPtrConst rgb,
[4.569s]       |      [01;31m[K^~~~~~~~~~~[m[K
[4.569s] In file included from [01m[K/home/elioowo/ros_sfm/sfm_ros2/src/sfm.cpp:1[m[K:
[4.569s] [01m[K/home/elioowo/ros_sfm/sfm_ros2/include/sfm/sfm.h:75:10:[m[K [01;36m[Knote: [m[Kcandidate is: ‘[01m[Kvoid semanticSfm::[01;32m[KsfmCallBack_[m[K(const sensor_msgs::msg::Image_<std::allocator<void> >::ConstSharedPtr&, const sensor_msgs::msg::Image_<std::allocator<void> >::ConstSharedPtr&, const sensor_msgs::msg::CameraInfo_<std::allocator<void> >::ConstSharedPtr&, const nav_msgs::msg::Odometry_<std::allocator<void> >::ConstSharedPtr&)[m[K’
[4.569s]    75 |     void [01;36m[KsfmCallBack_[m[K(
[4.569s]       |          [01;36m[K^~~~~~~~~~~~[m[K
[4.569s] [01m[K/home/elioowo/ros_sfm/sfm_ros2/include/sfm/sfm.h:44:7:[m[K [01;36m[Knote: [m[K‘[01m[Kclass semanticSfm[m[K’ defined here
[4.569s]    44 | class [01;36m[KsemanticSfm[m[K
[4.569s]       |       [01;36m[K^~~~~~~~~~~[m[K
[5.124s] In file included from [01m[K/opt/ros/jazzy/include/message_filters/message_filters/synchronizer.h:47[m[K,
[5.124s]                  from [01m[K/opt/ros/jazzy/include/message_filters/message_filters/time_synchronizer.h:41[m[K,
[5.124s]                  from [01m[K/home/elioowo/ros_sfm/sfm_ros2/include/sfm/sfm.h:19[m[K:
[5.124s] /opt/ros/jazzy/include/message_filters/message_filters/signal9.h: In instantiation of ‘[01m[Kmessage_filters::Connection message_filters::Signal9<M0, M1, M2, M3, M4, M5, M6, M7, M8>::[01;32m[KaddCallback[m[K(C&) [35m[K[with C = const semanticSfm::semanticSfm(rclcpp::Node::SharedPtr)::<lambda(const sensor_msgs::msg::Image_<std::allocator<void> >::ConstSharedPtr&, const sensor_msgs::msg::Image_<std::allocator<void> >::ConstSharedPtr&, const sensor_msgs::msg::CameraInfo_<std::allocator<void> >::ConstSharedPtr&, const nav_msgs::msg::Odometry_<std::allocator<void> >::ConstSharedPtr&)>; M0 = sensor_msgs::msg::Image_<std::allocator<void> >; M1 = sensor_msgs::msg::Image_<std::allocator<void> >; M2 = sensor_msgs::msg::CameraInfo_<std::allocator<void> >; M3 = nav_msgs::msg::Odometry_<std::allocator<void> >; M4 = message_filters::NullType; M5 = message_filters::NullType; M6 = message_filters::NullType; M7 = message_filters::NullType; M8 = message_filters::NullType][m[K[m[K’:
[5.124s] [01m[K/opt/ros/jazzy/include/message_filters/message_filters/synchronizer.h:298:31:[m[K   required from ‘[01m[Kmessage_filters::Connection message_filters::Synchronizer<Policy>::[01;32m[KregisterCallback[m[K(const C&) [35m[K[with C = semanticSfm::semanticSfm(rclcpp::Node::SharedPtr)::<lambda(const sensor_msgs::msg::Image_<std::allocator<void> >::ConstSharedPtr&, const sensor_msgs::msg::Image_<std::allocator<void> >::ConstSharedPtr&, const sensor_msgs::msg::CameraInfo_<std::allocator<void> >::ConstSharedPtr&, const nav_msgs::msg::Odometry_<std::allocator<void> >::ConstSharedPtr&)>; Policy = message_filters::sync_policies::ApproximateTime<sensor_msgs::msg::Image_<std::allocator<void> >, sensor_msgs::msg::Image_<std::allocator<void> >, sensor_msgs::msg::CameraInfo_<std::allocator<void> >, nav_msgs::msg::Odometry_<std::allocator<void> > >][m[K[m[K’
[5.124s] [01m[K/home/elioowo/ros_sfm/sfm_ros2/src/sfm.cpp:35:28:[m[K   required from here
[5.125s] [01m[K/opt/ros/jazzy/include/message_filters/message_filters/signal9.h:280:40:[m[K [01;31m[Kerror: [m[Kno matching function for call to ‘[01m[Kmessage_filters::Signal9<sensor_msgs::msg::Image_<std::allocator<void> >, sensor_msgs::msg::Image_<std::allocator<void> >, sensor_msgs::msg::CameraInfo_<std::allocator<void> >, nav_msgs::msg::Odometry_<std::allocator<void> >, message_filters::NullType, message_filters::NullType, message_filters::NullType, message_filters::NullType, message_filters::NullType>::addCallback<const message_filters::Signal9<sensor_msgs::msg::Image_<std::allocator<void> >, sensor_msgs::msg::Image_<std::allocator<void> >, sensor_msgs::msg::CameraInfo_<std::allocator<void> >, nav_msgs::msg::Odometry_<std::allocator<void> >, message_filters::NullType, message_filters::NullType, message_filters::NullType, message_filters::NullType, message_filters::NullType>::M0ConstPtr&, const message_filters::Signal9<sensor_msgs::msg::Image_<std::allocator<void> >, sensor_msgs::msg::Image_<std::allocator<void> >, sensor_msgs::msg::CameraInfo_<std::allocator<void> >, nav_msgs::msg::Odometry_<std::allocator<void> >, message_filters::NullType, message_filters::NullType, message_filters::NullType, message_filters::NullType, message_filters::NullType>::M1ConstPtr&, const message_filters::Signal9<sensor_msgs::msg::Image_<std::allocator<void> >, sensor_msgs::msg::Image_<std::allocator<void> >, sensor_msgs::msg::CameraInfo_<std::allocator<void> >, nav_msgs::msg::Odometry_<std::allocator<void> >, message_filters::NullType, message_filters::NullType, message_filters::NullType, message_filters::NullType, message_filters::NullType>::M2ConstPtr&, const message_filters::Signal9<sensor_msgs::msg::Image_<std::allocator<void> >, sensor_msgs::msg::Image_<std::allocator<void> >, sensor_msgs::msg::CameraInfo_<std::allocator<void> >, nav_msgs::msg::Odometry_<std::allocator<void> >, message_filters::NullType, message_filters::NullType, message_filters::NullType, message_filters::NullType, message_filters::NullType>::M3ConstPtr&, const message_filters::Signal9<sensor_msgs::msg::Image_<std::allocator<void> >, sensor_msgs::msg::Image_<std::allocator<void> >, sensor_msgs::msg::CameraInfo_<std::allocator<void> >, nav_msgs::msg::Odometry_<std::allocator<void> >, message_filters::NullType, message_filters::NullType, message_filters::NullType, message_filters::NullType, message_filters::NullType>::M4ConstPtr&, const message_filters::Signal9<sensor_msgs::msg::Image_<std::allocator<void> >, sensor_msgs::msg::Image_<std::allocator<void> >, sensor_msgs::msg::CameraInfo_<std::allocator<void> >, nav_msgs::msg::Odometry_<std::allocator<void> >, message_filters::NullType, message_filters::NullType, message_filters::NullType, message_filters::NullType, message_filters::NullType>::M5ConstPtr&, const message_filters::Signal9<sensor_msgs::msg::Image_<std::allocator<void> >, sensor_msgs::msg::Image_<std::allocator<void> >, sensor_msgs::msg::CameraInfo_<std::allocator<void> >, nav_msgs::msg::Odometry_<std::allocator<void> >, message_filters::NullType, message_filters::NullType, message_filters::NullType, message_filters::NullType, message_filters::NullType>::M6ConstPtr&, const message_filters::Signal9<sensor_msgs::msg::Image_<std::allocator<void> >, sensor_msgs::msg::Image_<std::allocator<void> >, sensor_msgs::msg::CameraInfo_<std::allocator<void> >, nav_msgs::msg::Odometry_<std::allocator<void> >, message_filters::NullType, message_filters::NullType, message_filters::NullType, message_filters::NullType, message_filters::NullType>::M7ConstPtr&, const message_filters::Signal9<sensor_msgs::msg::Image_<std::allocator<void> >, sensor_msgs::msg::Image_<std::allocator<void> >, sensor_msgs::msg::CameraInfo_<std::allocator<void> >, nav_msgs::msg::Odometry_<std::allocator<void> >, message_filters::NullType, message_filters::NullType, message_filters::NullType, message_filters::NullType, message_filters::NullType>::M8ConstPtr&>(std::_Bind_helper<false, const semanticSfm::semanticSfm(rclcpp::Node::SharedPtr)::<lambda(const sensor_msgs::msg::Image_<std::allocator<void> >::ConstSharedPtr&, const sensor_msgs::msg::Image_<std::allocator<void> >::ConstSharedPtr&, const sensor_msgs::msg::CameraInfo_<std::allocator<void> >::ConstSharedPtr&, const nav_msgs::msg::Odometry_<std::allocator<void> >::ConstSharedPtr&)>&, const std::_Placeholder<1>&, const std::_Placeholder<2>&, const std::_Placeholder<3>&, const std::_Placeholder<4>&, const std::_Placeholder<5>&, const std::_Placeholder<6>&, const std::_Placeholder<7>&, const std::_Placeholder<8>&, const std::_Placeholder<9>&>::type)[m[K’
[5.125s]   272 |     return [01;31m[KaddCallback<const M0ConstPtr&,[m[K
[5.125s]       |            [01;31m[K~~~~~~~~~~~~~~~~~~~~~~~~~~~~~~[m[K
[5.125s]   273 | [01;31m[K                     const M1ConstPtr&,[m[K
[5.125s]       |                      [01;31m[K~~~~~~~~~~~~~~~~~~[m[K 
[5.125s]   274 | [01;31m[K                     const M2ConstPtr&,[m[K
[5.125s]       |                      [01;31m[K~~~~~~~~~~~~~~~~~~[m[K 
[5.125s]   275 | [01;31m[K                     const M3ConstPtr&,[m[K
[5.125s]       |                      [01;31m[K~~~~~~~~~~~~~~~~~~[m[K 
[5.126s]   276 | [01;31m[K                     const M4ConstPtr&,[m[K
[5.126s]       |                      [01;31m[K~~~~~~~~~~~~~~~~~~[m[K 
[5.126s]   277 | [01;31m[K                     const M5ConstPtr&,[m[K
[5.126s]       |                      [01;31m[K~~~~~~~~~~~~~~~~~~[m[K 
[5.126s]   278 | [01;31m[K                     const M6ConstPtr&,[m[K
[5.126s]       |                      [01;31m[K~~~~~~~~~~~~~~~~~~[m[K 
[5.126s]   279 | [01;31m[K                     const M7ConstPtr&,[m[K
[5.126s]       |                      [01;31m[K~~~~~~~~~~~~~~~~~~[m[K 
[5.126s]   280 | [01;31m[K                     const M8ConstPtr&>(std::bind(callback, std::placeholders::_1, std::placeholders::_2, std::placeholders::_3, std::placeholders::_4, std::placeholders::_5, std::placeholders::_6, std::placeholders::_7, std::placeholders::_8, std::placeholders::_9))[m[K;
[5.126s]       |                      [01;31m[K~~~~~~~~~~~~~~~~~~^~~~~~~~~~~~~~~~~~~~~~~~~~~~~~~~~~~~~~~~~~~~~~~~~~~~~~~~~~~~~~~~~~~~~~~~~~~~~~~~~~~~~~~~~~~~~~~~~~~~~~~~~~~~~~~~~~~~~~~~~~~~~~~~~~~~~~~~~~~~~~~~~~~~~~~~~~~~~~~~~~~~~~~~~~~~~~~~~~~~~~~~~~~~~~~~~~~~~~~~~~~~~~~~~~~~~~~~~~~~~~~~~~~~[m[K
[5.126s] [01m[K/opt/ros/jazzy/include/message_filters/message_filters/signal9.h:170:14:[m[K [01;36m[Knote: [m[Kcandidate: ‘[01m[Kmessage_filters::Connection message_filters::Signal9<M0, M1, M2, M3, M4, M5, M6, M7, M8>::[01;32m[KaddCallback[m[K(const std::function<void(P0, P1, P2, P3, P4, P5, P6, P7, P8)>&) [35m[K[with P0 = const std::shared_ptr<const sensor_msgs::msg::Image_<std::allocator<void> > >&; P1 = const std::shared_ptr<const sensor_msgs::msg::Image_<std::allocator<void> > >&; P2 = const std::shared_ptr<const sensor_msgs::msg::CameraInfo_<std::allocator<void> > >&; P3 = const std::shared_ptr<const nav_msgs::msg::Odometry_<std::allocator<void> > >&; P4 = const std::shared_ptr<const message_filters::NullType>&; P5 = const std::shared_ptr<const message_filters::NullType>&; P6 = const std::shared_ptr<const message_filters::NullType>&; P7 = const std::shared_ptr<const message_filters::NullType>&; P8 = const std::shared_ptr<const message_filters::NullType>&; M0 = sensor_msgs::msg::Image_<std::allocator<void> >; M1 = sensor_msgs::msg::Image_<std::allocator<void> >; M2 = sensor_msgs::msg::CameraInfo_<std::allocator<void> >; M3 = nav_msgs::msg::Odometry_<std::allocator<void> >; M4 = message_filters::NullType; M5 = message_filters::NullType; M6 = message_filters::NullType; M7 = message_filters::NullType; M8 = message_filters::NullType][m[K[m[K’
[5.126s]   170 |   Connection [01;36m[KaddCallback[m[K(const std::function<void(P0, P1, P2, P3, P4, P5, P6, P7, P8)>& callback)
[5.126s]       |              [01;36m[K^~~~~~~~~~~[m[K
[5.126s] [01m[K/opt/ros/jazzy/include/message_filters/message_filters/signal9.h:170:89:[m[K [01;36m[Knote: [m[K  no known conversion for argument 1 from ‘[01m[Kstd::_Bind_helper<false, const semanticSfm::semanticSfm(rclcpp::Node::SharedPtr)::<lambda(const sensor_msgs::msg::Image_<std::allocator<void> >::ConstSharedPtr&, const sensor_msgs::msg::Image_<std::allocator<void> >::ConstSharedPtr&, const sensor_msgs::msg::CameraInfo_<std::allocator<void> >::ConstSharedPtr&, const nav_msgs::msg::Odometry_<std::allocator<void> >::ConstSharedPtr&)>&, const std::_Placeholder<1>&, const std::_Placeholder<2>&, const std::_Placeholder<3>&, const std::_Placeholder<4>&, const std::_Placeholder<5>&, const std::_Placeholder<6>&, const std::_Placeholder<7>&, const std::_Placeholder<8>&, const std::_Placeholder<9>&>::type[m[K’ to ‘[01m[Kconst std::function<void(const std::shared_ptr<const sensor_msgs::msg::Image_<std::allocator<void> > >&, const std::shared_ptr<const sensor_msgs::msg::Image_<std::allocator<void> > >&, const std::shared_ptr<const sensor_msgs::msg::CameraInfo_<std::allocator<void> > >&, const std::shared_ptr<const nav_msgs::msg::Odometry_<std::allocator<void> > >&, const std::shared_ptr<const message_filters::NullType>&, const std::shared_ptr<const message_filters::NullType>&, const std::shared_ptr<const message_filters::NullType>&, const std::shared_ptr<const message_filters::NullType>&, const std::shared_ptr<const message_filters::NullType>&)>&[m[K’
[5.126s]   170 |   Connection addCallback([01;36m[Kconst std::function<void(P0, P1, P2, P3, P4, P5, P6, P7, P8)>& callback[m[K)
[5.126s]       |                          [01;36m[K~~~~~~~~~~~~~~~~~~~~~~~~~~~~~~~~~~~~~~~~~~~~~~~~~~~~~~~~~~~~~~~^~~~~~~~[m[K
[5.126s] [01m[K/opt/ros/jazzy/include/message_filters/message_filters/signal9.h:180:14:[m[K [01;36m[Knote: [m[Kcandidate: ‘[01m[Ktemplate<class P0, class P1> message_filters::Connection message_filters::Signal9<M0, M1, M2, M3, M4, M5, M6, M7, M8>::[01;32m[KaddCallback[m[K(void (*)(P0, P1)) [35m[K[with P1 = P0; M0 = sensor_msgs::msg::Image_<std::allocator<void> >; M1 = sensor_msgs::msg::Image_<std::allocator<void> >; M2 = sensor_msgs::msg::CameraInfo_<std::allocator<void> >; M3 = nav_msgs::msg::Odometry_<std::allocator<void> >; M4 = message_filters::NullType; M5 = message_filters::NullType; M6 = message_filters::NullType; M7 = message_filters::NullType; M8 = message_filters::NullType][m[K[m[K’
[5.126s]   180 |   Connection [01;36m[KaddCallback[m[K(void(*callback)(P0, P1))
[5.126s]       |              [01;36m[K^~~~~~~~~~~[m[K
[5.126s] [01m[K/opt/ros/jazzy/include/message_filters/message_filters/signal9.h:180:14:[m[K [01;36m[Knote: [m[K  template argument deduction/substitution failed:
[5.126s] [01m[K/opt/ros/jazzy/include/message_filters/message_filters/signal9.h:280:40:[m[K [01;31m[Kerror: [m[Kwrong number of template arguments (9, should be 2)
[5.126s]   272 |     return [01;31m[KaddCallback<const M0ConstPtr&,[m[K
[5.127s]       |            [01;31m[K~~~~~~~~~~~~~~~~~~~~~~~~~~~~~~[m[K
[5.127s]   273 | [01;31m[K                     const M1ConstPtr&,[m[K
[5.127s]       |                      [01;31m[K~~~~~~~~~~~~~~~~~~[m[K 
[5.127s]   274 | [01;31m[K                     const M2ConstPtr&,[m[K
[5.127s]       |                      [01;31m[K~~~~~~~~~~~~~~~~~~[m[K 
[5.127s]   275 | [01;31m[K                     const M3ConstPtr&,[m[K
[5.127s]       |                      [01;31m[K~~~~~~~~~~~~~~~~~~[m[K 
[5.127s]   276 | [01;31m[K                     const M4ConstPtr&,[m[K
[5.127s]       |                      [01;31m[K~~~~~~~~~~~~~~~~~~[m[K 
[5.127s]   277 | [01;31m[K                     const M5ConstPtr&,[m[K
[5.127s]       |                      [01;31m[K~~~~~~~~~~~~~~~~~~[m[K 
[5.127s]   278 | [01;31m[K                     const M6ConstPtr&,[m[K
[5.127s]       |                      [01;31m[K~~~~~~~~~~~~~~~~~~[m[K 
[5.127s]   279 | [01;31m[K                     const M7ConstPtr&,[m[K
[5.127s]       |                      [01;31m[K~~~~~~~~~~~~~~~~~~[m[K 
[5.127s]   280 | [01;31m[K                     const M8ConstPtr&>(std::bind(callback, std::placeholders::_1, std::placeholders::_2, std::placeholders::_3, std::placeholders::_4, std::placeholders::_5, std::placeholders::_6, std::placeholders::_7, std::placeholders::_8, std::placeholders::_9))[m[K;
[5.127s]       |                      [01;31m[K~~~~~~~~~~~~~~~~~~^~~~~~~~~~~~~~~~~~~~~~~~~~~~~~~~~~~~~~~~~~~~~~~~~~~~~~~~~~~~~~~~~~~~~~~~~~~~~~~~~~~~~~~~~~~~~~~~~~~~~~~~~~~~~~~~~~~~~~~~~~~~~~~~~~~~~~~~~~~~~~~~~~~~~~~~~~~~~~~~~~~~~~~~~~~~~~~~~~~~~~~~~~~~~~~~~~~~~~~~~~~~~~~~~~~~~~~~~~~~~~~~~~~~[m[K
[5.127s] [01m[K/opt/ros/jazzy/include/message_filters/message_filters/signal9.h:180:14:[m[K [01;36m[Knote: [m[Kprovided for ‘[01m[Ktemplate<class P0, class P1> message_filters::Connection message_filters::Signal9<M0, M1, M2, M3, M4, M5, M6, M7, M8>::[01;32m[KaddCallback[m[K(void (*)(P0, P1)) [35m[K[with P1 = P0; M0 = sensor_msgs::msg::Image_<std::allocator<void> >; M1 = sensor_msgs::msg::Image_<std::allocator<void> >; M2 = sensor_msgs::msg::CameraInfo_<std::allocator<void> >; M3 = nav_msgs::msg::Odometry_<std::allocator<void> >; M4 = message_filters::NullType; M5 = message_filters::NullType; M6 = message_filters::NullType; M7 = message_filters::NullType; M8 = message_filters::NullType][m[K[m[K’
[5.127s]   180 |   Connection [01;36m[KaddCallback[m[K(void(*callback)(P0, P1))
[5.127s]       |              [01;36m[K^~~~~~~~~~~[m[K
[5.127s] [01m[K/opt/ros/jazzy/include/message_filters/message_filters/signal9.h:186:14:[m[K [01;36m[Knote: [m[Kcandidate: ‘[01m[Ktemplate<class P0, class P1, class P2> message_filters::Connection message_filters::Signal9<M0, M1, M2, M3, M4, M5, M6, M7, M8>::[01;32m[KaddCallback[m[K(void (*)(P0, P1, P2)) [35m[K[with P1 = P0; P2 = P1; M0 = sensor_msgs::msg::Image_<std::allocator<void> >; M1 = sensor_msgs::msg::Image_<std::allocator<void> >; M2 = sensor_msgs::msg::CameraInfo_<std::allocator<void> >; M3 = nav_msgs::msg::Odometry_<std::allocator<void> >; M4 = message_filters::NullType; M5 = message_filters::NullType; M6 = message_filters::NullType; M7 = message_filters::NullType; M8 = message_filters::NullType][m[K[m[K’
[5.127s]   186 |   Connection [01;36m[KaddCallback[m[K(void(*callback)(P0, P1, P2))
[5.127s]       |              [01;36m[K^~~~~~~~~~~[m[K
[5.127s] [01m[K/opt/ros/jazzy/include/message_filters/message_filters/signal9.h:186:14:[m[K [01;36m[Knote: [m[K  template argument deduction/substitution failed:
[5.127s] [01m[K/opt/ros/jazzy/include/message_filters/message_filters/signal9.h:280:40:[m[K [01;31m[Kerror: [m[Kwrong number of template arguments (9, should be 3)
[5.127s]   272 |     return [01;31m[KaddCallback<const M0ConstPtr&,[m[K
[5.127s]       |            [01;31m[K~~~~~~~~~~~~~~~~~~~~~~~~~~~~~~[m[K
[5.127s]   273 | [01;31m[K                     const M1ConstPtr&,[m[K
[5.127s]       |                      [01;31m[K~~~~~~~~~~~~~~~~~~[m[K 
[5.127s]   274 | [01;31m[K                     const M2ConstPtr&,[m[K
[5.128s]       |                      [01;31m[K~~~~~~~~~~~~~~~~~~[m[K 
[5.128s]   275 | [01;31m[K                     const M3ConstPtr&,[m[K
[5.128s]       |                      [01;31m[K~~~~~~~~~~~~~~~~~~[m[K 
[5.128s]   276 | [01;31m[K                     const M4ConstPtr&,[m[K
[5.128s]       |                      [01;31m[K~~~~~~~~~~~~~~~~~~[m[K 
[5.128s]   277 | [01;31m[K                     const M5ConstPtr&,[m[K
[5.128s]       |                      [01;31m[K~~~~~~~~~~~~~~~~~~[m[K 
[5.128s]   278 | [01;31m[K                     const M6ConstPtr&,[m[K
[5.128s]       |                      [01;31m[K~~~~~~~~~~~~~~~~~~[m[K 
[5.128s]   279 | [01;31m[K                     const M7ConstPtr&,[m[K
[5.128s]       |                      [01;31m[K~~~~~~~~~~~~~~~~~~[m[K 
[5.128s]   280 | [01;31m[K                     const M8ConstPtr&>(std::bind(callback, std::placeholders::_1, std::placeholders::_2, std::placeholders::_3, std::placeholders::_4, std::placeholders::_5, std::placeholders::_6, std::placeholders::_7, std::placeholders::_8, std::placeholders::_9))[m[K;
[5.128s]       |                      [01;31m[K~~~~~~~~~~~~~~~~~~^~~~~~~~~~~~~~~~~~~~~~~~~~~~~~~~~~~~~~~~~~~~~~~~~~~~~~~~~~~~~~~~~~~~~~~~~~~~~~~~~~~~~~~~~~~~~~~~~~~~~~~~~~~~~~~~~~~~~~~~~~~~~~~~~~~~~~~~~~~~~~~~~~~~~~~~~~~~~~~~~~~~~~~~~~~~~~~~~~~~~~~~~~~~~~~~~~~~~~~~~~~~~~~~~~~~~~~~~~~~~~~~~~~~[m[K
[5.128s] [01m[K/opt/ros/jazzy/include/message_filters/message_filters/signal9.h:186:14:[m[K [01;36m[Knote: [m[Kprovided for ‘[01m[Ktemplate<class P0, class P1, class P2> message_filters::Connection message_filters::Signal9<M0, M1, M2, M3, M4, M5, M6, M7, M8>::[01;32m[KaddCallback[m[K(void (*)(P0, P1, P2)) [35m[K[with P1 = P0; P2 = P1; M0 = sensor_msgs::msg::Image_<std::allocator<void> >; M1 = sensor_msgs::msg::Image_<std::allocator<void> >; M2 = sensor_msgs::msg::CameraInfo_<std::allocator<void> >; M3 = nav_msgs::msg::Odometry_<std::allocator<void> >; M4 = message_filters::NullType; M5 = message_filters::NullType; M6 = message_filters::NullType; M7 = message_filters::NullType; M8 = message_filters::NullType][m[K[m[K’
[5.128s]   186 |   Connection [01;36m[KaddCallback[m[K(void(*callback)(P0, P1, P2))
[5.128s]       |              [01;36m[K^~~~~~~~~~~[m[K
[5.128s] [01m[K/opt/ros/jazzy/include/message_filters/message_filters/signal9.h:192:14:[m[K [01;36m[Knote: [m[Kcandidate: ‘[01m[Ktemplate<class P0, class P1, class P2, class P3> message_filters::Connection message_filters::Signal9<M0, M1, M2, M3, M4, M5, M6, M7, M8>::[01;32m[KaddCallback[m[K(void (*)(P0, P1, P2, P3)) [35m[K[with P1 = P0; P2 = P1; P3 = P2; M0 = sensor_msgs::msg::Image_<std::allocator<void> >; M1 = sensor_msgs::msg::Image_<std::allocator<void> >; M2 = sensor_msgs::msg::CameraInfo_<std::allocator<void> >; M3 = nav_msgs::msg::Odometry_<std::allocator<void> >; M4 = message_filters::NullType; M5 = message_filters::NullType; M6 = message_filters::NullType; M7 = message_filters::NullType; M8 = message_filters::NullType][m[K[m[K’
[5.128s]   192 |   Connection [01;36m[KaddCallback[m[K(void(*callback)(P0, P1, P2, P3))
[5.128s]       |              [01;36m[K^~~~~~~~~~~[m[K
[5.128s] [01m[K/opt/ros/jazzy/include/message_filters/message_filters/signal9.h:192:14:[m[K [01;36m[Knote: [m[K  template argument deduction/substitution failed:
[5.128s] [01m[K/opt/ros/jazzy/include/message_filters/message_filters/signal9.h:280:40:[m[K [01;31m[Kerror: [m[Kwrong number of template arguments (9, should be 4)
[5.128s]   272 |     return [01;31m[KaddCallback<const M0ConstPtr&,[m[K
[5.128s]       |            [01;31m[K~~~~~~~~~~~~~~~~~~~~~~~~~~~~~~[m[K
[5.128s]   273 | [01;31m[K                     const M1ConstPtr&,[m[K
[5.128s]       |                      [01;31m[K~~~~~~~~~~~~~~~~~~[m[K 
[5.128s]   274 | [01;31m[K                     const M2ConstPtr&,[m[K
[5.128s]       |                      [01;31m[K~~~~~~~~~~~~~~~~~~[m[K 
[5.128s]   275 | [01;31m[K                     const M3ConstPtr&,[m[K
[5.128s]       |                      [01;31m[K~~~~~~~~~~~~~~~~~~[m[K 
[5.128s]   276 | [01;31m[K                     const M4ConstPtr&,[m[K
[5.129s]       |                      [01;31m[K~~~~~~~~~~~~~~~~~~[m[K 
[5.129s]   277 | [01;31m[K                     const M5ConstPtr&,[m[K
[5.129s]       |                      [01;31m[K~~~~~~~~~~~~~~~~~~[m[K 
[5.129s]   278 | [01;31m[K                     const M6ConstPtr&,[m[K
[5.129s]       |                      [01;31m[K~~~~~~~~~~~~~~~~~~[m[K 
[5.129s]   279 | [01;31m[K                     const M7ConstPtr&,[m[K
[5.129s]       |                      [01;31m[K~~~~~~~~~~~~~~~~~~[m[K 
[5.129s]   280 | [01;31m[K                     const M8ConstPtr&>(std::bind(callback, std::placeholders::_1, std::placeholders::_2, std::placeholders::_3, std::placeholders::_4, std::placeholders::_5, std::placeholders::_6, std::placeholders::_7, std::placeholders::_8, std::placeholders::_9))[m[K;
[5.129s]       |                      [01;31m[K~~~~~~~~~~~~~~~~~~^~~~~~~~~~~~~~~~~~~~~~~~~~~~~~~~~~~~~~~~~~~~~~~~~~~~~~~~~~~~~~~~~~~~~~~~~~~~~~~~~~~~~~~~~~~~~~~~~~~~~~~~~~~~~~~~~~~~~~~~~~~~~~~~~~~~~~~~~~~~~~~~~~~~~~~~~~~~~~~~~~~~~~~~~~~~~~~~~~~~~~~~~~~~~~~~~~~~~~~~~~~~~~~~~~~~~~~~~~~~~~~~~~~~[m[K
[5.129s] [01m[K/opt/ros/jazzy/include/message_filters/message_filters/signal9.h:192:14:[m[K [01;36m[Knote: [m[Kprovided for ‘[01m[Ktemplate<class P0, class P1, class P2, class P3> message_filters::Connection message_filters::Signal9<M0, M1, M2, M3, M4, M5, M6, M7, M8>::[01;32m[KaddCallback[m[K(void (*)(P0, P1, P2, P3)) [35m[K[with P1 = P0; P2 = P1; P3 = P2; M0 = sensor_msgs::msg::Image_<std::allocator<void> >; M1 = sensor_msgs::msg::Image_<std::allocator<void> >; M2 = sensor_msgs::msg::CameraInfo_<std::allocator<void> >; M3 = nav_msgs::msg::Odometry_<std::allocator<void> >; M4 = message_filters::NullType; M5 = message_filters::NullType; M6 = message_filters::NullType; M7 = message_filters::NullType; M8 = message_filters::NullType][m[K[m[K’
[5.129s]   192 |   Connection [01;36m[KaddCallback[m[K(void(*callback)(P0, P1, P2, P3))
[5.129s]       |              [01;36m[K^~~~~~~~~~~[m[K
[5.129s] [01m[K/opt/ros/jazzy/include/message_filters/message_filters/signal9.h:198:14:[m[K [01;36m[Knote: [m[Kcandidate: ‘[01m[Ktemplate<class P0, class P1, class P2, class P3, class P4> message_filters::Connection message_filters::Signal9<M0, M1, M2, M3, M4, M5, M6, M7, M8>::[01;32m[KaddCallback[m[K(void (*)(P0, P1, P2, P3, P4)) [35m[K[with P1 = P0; P2 = P1; P3 = P2; P4 = P3; M0 = sensor_msgs::msg::Image_<std::allocator<void> >; M1 = sensor_msgs::msg::Image_<std::allocator<void> >; M2 = sensor_msgs::msg::CameraInfo_<std::allocator<void> >; M3 = nav_msgs::msg::Odometry_<std::allocator<void> >; M4 = message_filters::NullType; M5 = message_filters::NullType; M6 = message_filters::NullType; M7 = message_filters::NullType; M8 = message_filters::NullType][m[K[m[K’
[5.129s]   198 |   Connection [01;36m[KaddCallback[m[K(void(*callback)(P0, P1, P2, P3, P4))
[5.129s]       |              [01;36m[K^~~~~~~~~~~[m[K
[5.129s] [01m[K/opt/ros/jazzy/include/message_filters/message_filters/signal9.h:198:14:[m[K [01;36m[Knote: [m[K  template argument deduction/substitution failed:
[5.129s] [01m[K/opt/ros/jazzy/include/message_filters/message_filters/signal9.h:280:40:[m[K [01;31m[Kerror: [m[Kwrong number of template arguments (9, should be 5)
[5.129s]   272 |     return [01;31m[KaddCallback<const M0ConstPtr&,[m[K
[5.129s]       |            [01;31m[K~~~~~~~~~~~~~~~~~~~~~~~~~~~~~~[m[K
[5.129s]   273 | [01;31m[K                     const M1ConstPtr&,[m[K
[5.129s]       |                      [01;31m[K~~~~~~~~~~~~~~~~~~[m[K 
[5.129s]   274 | [01;31m[K                     const M2ConstPtr&,[m[K
[5.129s]       |                      [01;31m[K~~~~~~~~~~~~~~~~~~[m[K 
[5.129s]   275 | [01;31m[K                     const M3ConstPtr&,[m[K
[5.129s]       |                      [01;31m[K~~~~~~~~~~~~~~~~~~[m[K 
[5.129s]   276 | [01;31m[K                     const M4ConstPtr&,[m[K
[5.129s]       |                      [01;31m[K~~~~~~~~~~~~~~~~~~[m[K 
[5.129s]   277 | [01;31m[K                     const M5ConstPtr&,[m[K
[5.129s]       |                      [01;31m[K~~~~~~~~~~~~~~~~~~[m[K 
[5.129s]   278 | [01;31m[K                     const M6ConstPtr&,[m[K
[5.129s]       |                      [01;31m[K~~~~~~~~~~~~~~~~~~[m[K 
[5.130s]   279 | [01;31m[K                     const M7ConstPtr&,[m[K
[5.130s]       |                      [01;31m[K~~~~~~~~~~~~~~~~~~[m[K 
[5.130s]   280 | [01;31m[K                     const M8ConstPtr&>(std::bind(callback, std::placeholders::_1, std::placeholders::_2, std::placeholders::_3, std::placeholders::_4, std::placeholders::_5, std::placeholders::_6, std::placeholders::_7, std::placeholders::_8, std::placeholders::_9))[m[K;
[5.130s]       |                      [01;31m[K~~~~~~~~~~~~~~~~~~^~~~~~~~~~~~~~~~~~~~~~~~~~~~~~~~~~~~~~~~~~~~~~~~~~~~~~~~~~~~~~~~~~~~~~~~~~~~~~~~~~~~~~~~~~~~~~~~~~~~~~~~~~~~~~~~~~~~~~~~~~~~~~~~~~~~~~~~~~~~~~~~~~~~~~~~~~~~~~~~~~~~~~~~~~~~~~~~~~~~~~~~~~~~~~~~~~~~~~~~~~~~~~~~~~~~~~~~~~~~~~~~~~~~[m[K
[5.130s] [01m[K/opt/ros/jazzy/include/message_filters/message_filters/signal9.h:198:14:[m[K [01;36m[Knote: [m[Kprovided for ‘[01m[Ktemplate<class P0, class P1, class P2, class P3, class P4> message_filters::Connection message_filters::Signal9<M0, M1, M2, M3, M4, M5, M6, M7, M8>::[01;32m[KaddCallback[m[K(void (*)(P0, P1, P2, P3, P4)) [35m[K[with P1 = P0; P2 = P1; P3 = P2; P4 = P3; M0 = sensor_msgs::msg::Image_<std::allocator<void> >; M1 = sensor_msgs::msg::Image_<std::allocator<void> >; M2 = sensor_msgs::msg::CameraInfo_<std::allocator<void> >; M3 = nav_msgs::msg::Odometry_<std::allocator<void> >; M4 = message_filters::NullType; M5 = message_filters::NullType; M6 = message_filters::NullType; M7 = message_filters::NullType; M8 = message_filters::NullType][m[K[m[K’
[5.130s]   198 |   Connection [01;36m[KaddCallback[m[K(void(*callback)(P0, P1, P2, P3, P4))
[5.130s]       |              [01;36m[K^~~~~~~~~~~[m[K
[5.130s] [01m[K/opt/ros/jazzy/include/message_filters/message_filters/signal9.h:204:14:[m[K [01;36m[Knote: [m[Kcandidate: ‘[01m[Ktemplate<class P0, class P1, class P2, class P3, class P4, class P5> message_filters::Connection message_filters::Signal9<M0, M1, M2, M3, M4, M5, M6, M7, M8>::[01;32m[KaddCallback[m[K(void (*)(P0, P1, P2, P3, P4, P5)) [35m[K[with P1 = P0; P2 = P1; P3 = P2; P4 = P3; P5 = P4; M0 = sensor_msgs::msg::Image_<std::allocator<void> >; M1 = sensor_msgs::msg::Image_<std::allocator<void> >; M2 = sensor_msgs::msg::CameraInfo_<std::allocator<void> >; M3 = nav_msgs::msg::Odometry_<std::allocator<void> >; M4 = message_filters::NullType; M5 = message_filters::NullType; M6 = message_filters::NullType; M7 = message_filters::NullType; M8 = message_filters::NullType][m[K[m[K’
[5.130s]   204 |   Connection [01;36m[KaddCallback[m[K(void(*callback)(P0, P1, P2, P3, P4, P5))
[5.130s]       |              [01;36m[K^~~~~~~~~~~[m[K
[5.130s] [01m[K/opt/ros/jazzy/include/message_filters/message_filters/signal9.h:204:14:[m[K [01;36m[Knote: [m[K  template argument deduction/substitution failed:
[5.130s] [01m[K/opt/ros/jazzy/include/message_filters/message_filters/signal9.h:280:40:[m[K [01;31m[Kerror: [m[Kwrong number of template arguments (9, should be 6)
[5.130s]   272 |     return [01;31m[KaddCallback<const M0ConstPtr&,[m[K
[5.130s]       |            [01;31m[K~~~~~~~~~~~~~~~~~~~~~~~~~~~~~~[m[K
[5.130s]   273 | [01;31m[K                     const M1ConstPtr&,[m[K
[5.130s]       |                      [01;31m[K~~~~~~~~~~~~~~~~~~[m[K 
[5.130s]   274 | [01;31m[K                     const M2ConstPtr&,[m[K
[5.130s]       |                      [01;31m[K~~~~~~~~~~~~~~~~~~[m[K 
[5.130s]   275 | [01;31m[K                     const M3ConstPtr&,[m[K
[5.130s]       |                      [01;31m[K~~~~~~~~~~~~~~~~~~[m[K 
[5.130s]   276 | [01;31m[K                     const M4ConstPtr&,[m[K
[5.130s]       |                      [01;31m[K~~~~~~~~~~~~~~~~~~[m[K 
[5.130s]   277 | [01;31m[K                     const M5ConstPtr&,[m[K
[5.130s]       |                      [01;31m[K~~~~~~~~~~~~~~~~~~[m[K 
[5.130s]   278 | [01;31m[K                     const M6ConstPtr&,[m[K
[5.130s]       |                      [01;31m[K~~~~~~~~~~~~~~~~~~[m[K 
[5.130s]   279 | [01;31m[K                     const M7ConstPtr&,[m[K
[5.130s]       |                      [01;31m[K~~~~~~~~~~~~~~~~~~[m[K 
[5.130s]   280 | [01;31m[K                     const M8ConstPtr&>(std::bind(callback, std::placeholders::_1, std::placeholders::_2, std::placeholders::_3, std::placeholders::_4, std::placeholders::_5, std::placeholders::_6, std::placeholders::_7, std::placeholders::_8, std::placeholders::_9))[m[K;
[5.130s]       |                      [01;31m[K~~~~~~~~~~~~~~~~~~^~~~~~~~~~~~~~~~~~~~~~~~~~~~~~~~~~~~~~~~~~~~~~~~~~~~~~~~~~~~~~~~~~~~~~~~~~~~~~~~~~~~~~~~~~~~~~~~~~~~~~~~~~~~~~~~~~~~~~~~~~~~~~~~~~~~~~~~~~~~~~~~~~~~~~~~~~~~~~~~~~~~~~~~~~~~~~~~~~~~~~~~~~~~~~~~~~~~~~~~~~~~~~~~~~~~~~~~~~~~~~~~~~~~[m[K
[5.130s] [01m[K/opt/ros/jazzy/include/message_filters/message_filters/signal9.h:204:14:[m[K [01;36m[Knote: [m[Kprovided for ‘[01m[Ktemplate<class P0, class P1, class P2, class P3, class P4, class P5> message_filters::Connection message_filters::Signal9<M0, M1, M2, M3, M4, M5, M6, M7, M8>::[01;32m[KaddCallback[m[K(void (*)(P0, P1, P2, P3, P4, P5)) [35m[K[with P1 = P0; P2 = P1; P3 = P2; P4 = P3; P5 = P4; M0 = sensor_msgs::msg::Image_<std::allocator<void> >; M1 = sensor_msgs::msg::Image_<std::allocator<void> >; M2 = sensor_msgs::msg::CameraInfo_<std::allocator<void> >; M3 = nav_msgs::msg::Odometry_<std::allocator<void> >; M4 = message_filters::NullType; M5 = message_filters::NullType; M6 = message_filters::NullType; M7 = message_filters::NullType; M8 = message_filters::NullType][m[K[m[K’
[5.131s]   204 |   Connection [01;36m[KaddCallback[m[K(void(*callback)(P0, P1, P2, P3, P4, P5))
[5.131s]       |              [01;36m[K^~~~~~~~~~~[m[K
[5.131s] [01m[K/opt/ros/jazzy/include/message_filters/message_filters/signal9.h:210:14:[m[K [01;36m[Knote: [m[Kcandidate: ‘[01m[Ktemplate<class P0, class P1, class P2, class P3, class P4, class P5, class P6> message_filters::Connection message_filters::Signal9<M0, M1, M2, M3, M4, M5, M6, M7, M8>::[01;32m[KaddCallback[m[K(void (*)(P0, P1, P2, P3, P4, P5, P6)) [35m[K[with P1 = P0; P2 = P1; P3 = P2; P4 = P3; P5 = P4; P6 = P5; M0 = sensor_msgs::msg::Image_<std::allocator<void> >; M1 = sensor_msgs::msg::Image_<std::allocator<void> >; M2 = sensor_msgs::msg::CameraInfo_<std::allocator<void> >; M3 = nav_msgs::msg::Odometry_<std::allocator<void> >; M4 = message_filters::NullType; M5 = message_filters::NullType; M6 = message_filters::NullType; M7 = message_filters::NullType; M8 = message_filters::NullType][m[K[m[K’
[5.131s]   210 |   Connection [01;36m[KaddCallback[m[K(void(*callback)(P0, P1, P2, P3, P4, P5, P6))
[5.131s]       |              [01;36m[K^~~~~~~~~~~[m[K
[5.131s] [01m[K/opt/ros/jazzy/include/message_filters/message_filters/signal9.h:210:14:[m[K [01;36m[Knote: [m[K  template argument deduction/substitution failed:
[5.131s] [01m[K/opt/ros/jazzy/include/message_filters/message_filters/signal9.h:280:40:[m[K [01;31m[Kerror: [m[Kwrong number of template arguments (9, should be 7)
[5.131s]   272 |     return [01;31m[KaddCallback<const M0ConstPtr&,[m[K
[5.131s]       |            [01;31m[K~~~~~~~~~~~~~~~~~~~~~~~~~~~~~~[m[K
[5.131s]   273 | [01;31m[K                     const M1ConstPtr&,[m[K
[5.131s]       |                      [01;31m[K~~~~~~~~~~~~~~~~~~[m[K 
[5.131s]   274 | [01;31m[K                     const M2ConstPtr&,[m[K
[5.131s]       |                      [01;31m[K~~~~~~~~~~~~~~~~~~[m[K 
[5.131s]   275 | [01;31m[K                     const M3ConstPtr&,[m[K
[5.131s]       |                      [01;31m[K~~~~~~~~~~~~~~~~~~[m[K 
[5.131s]   276 | [01;31m[K                     const M4ConstPtr&,[m[K
[5.131s]       |                      [01;31m[K~~~~~~~~~~~~~~~~~~[m[K 
[5.131s]   277 | [01;31m[K                     const M5ConstPtr&,[m[K
[5.131s]       |                      [01;31m[K~~~~~~~~~~~~~~~~~~[m[K 
[5.131s]   278 | [01;31m[K                     const M6ConstPtr&,[m[K
[5.131s]       |                      [01;31m[K~~~~~~~~~~~~~~~~~~[m[K 
[5.131s]   279 | [01;31m[K                     const M7ConstPtr&,[m[K
[5.131s]       |                      [01;31m[K~~~~~~~~~~~~~~~~~~[m[K 
[5.131s]   280 | [01;31m[K                     const M8ConstPtr&>(std::bind(callback, std::placeholders::_1, std::placeholders::_2, std::placeholders::_3, std::placeholders::_4, std::placeholders::_5, std::placeholders::_6, std::placeholders::_7, std::placeholders::_8, std::placeholders::_9))[m[K;
[5.131s]       |                      [01;31m[K~~~~~~~~~~~~~~~~~~^~~~~~~~~~~~~~~~~~~~~~~~~~~~~~~~~~~~~~~~~~~~~~~~~~~~~~~~~~~~~~~~~~~~~~~~~~~~~~~~~~~~~~~~~~~~~~~~~~~~~~~~~~~~~~~~~~~~~~~~~~~~~~~~~~~~~~~~~~~~~~~~~~~~~~~~~~~~~~~~~~~~~~~~~~~~~~~~~~~~~~~~~~~~~~~~~~~~~~~~~~~~~~~~~~~~~~~~~~~~~~~~~~~~[m[K
[5.131s] [01m[K/opt/ros/jazzy/include/message_filters/message_filters/signal9.h:210:14:[m[K [01;36m[Knote: [m[Kprovided for ‘[01m[Ktemplate<class P0, class P1, class P2, class P3, class P4, class P5, class P6> message_filters::Connection message_filters::Signal9<M0, M1, M2, M3, M4, M5, M6, M7, M8>::[01;32m[KaddCallback[m[K(void (*)(P0, P1, P2, P3, P4, P5, P6)) [35m[K[with P1 = P0; P2 = P1; P3 = P2; P4 = P3; P5 = P4; P6 = P5; M0 = sensor_msgs::msg::Image_<std::allocator<void> >; M1 = sensor_msgs::msg::Image_<std::allocator<void> >; M2 = sensor_msgs::msg::CameraInfo_<std::allocator<void> >; M3 = nav_msgs::msg::Odometry_<std::allocator<void> >; M4 = message_filters::NullType; M5 = message_filters::NullType; M6 = message_filters::NullType; M7 = message_filters::NullType; M8 = message_filters::NullType][m[K[m[K’
[5.131s]   210 |   Connection [01;36m[KaddCallback[m[K(void(*callback)(P0, P1, P2, P3, P4, P5, P6))
[5.131s]       |              [01;36m[K^~~~~~~~~~~[m[K
[5.131s] [01m[K/opt/ros/jazzy/include/message_filters/message_filters/signal9.h:216:14:[m[K [01;36m[Knote: [m[Kcandidate: ‘[01m[Ktemplate<class P0, class P1, class P2, class P3, class P4, class P5, class P6, class P7> message_filters::Connection message_filters::Signal9<M0, M1, M2, M3, M4, M5, M6, M7, M8>::[01;32m[KaddCallback[m[K(void (*)(P0, P1, P2, P3, P4, P5, P6, P7)) [35m[K[with P1 = P0; P2 = P1; P3 = P2; P4 = P3; P5 = P4; P6 = P5; P7 = P6; M0 = sensor_msgs::msg::Image_<std::allocator<void> >; M1 = sensor_msgs::msg::Image_<std::allocator<void> >; M2 = sensor_msgs::msg::CameraInfo_<std::allocator<void> >; M3 = nav_msgs::msg::Odometry_<std::allocator<void> >; M4 = message_filters::NullType; M5 = message_filters::NullType; M6 = message_filters::NullType; M7 = message_filters::NullType; M8 = message_filters::NullType][m[K[m[K’
[5.131s]   216 |   Connection [01;36m[KaddCallback[m[K(void(*callback)(P0, P1, P2, P3, P4, P5, P6, P7))
[5.131s]       |              [01;36m[K^~~~~~~~~~~[m[K
[5.131s] [01m[K/opt/ros/jazzy/include/message_filters/message_filters/signal9.h:216:14:[m[K [01;36m[Knote: [m[K  template argument deduction/substitution failed:
[5.132s] [01m[K/opt/ros/jazzy/include/message_filters/message_filters/signal9.h:280:40:[m[K [01;31m[Kerror: [m[Kwrong number of template arguments (9, should be 8)
[5.132s]   272 |     return [01;31m[KaddCallback<const M0ConstPtr&,[m[K
[5.132s]       |            [01;31m[K~~~~~~~~~~~~~~~~~~~~~~~~~~~~~~[m[K
[5.132s]   273 | [01;31m[K                     const M1ConstPtr&,[m[K
[5.132s]       |                      [01;31m[K~~~~~~~~~~~~~~~~~~[m[K 
[5.132s]   274 | [01;31m[K                     const M2ConstPtr&,[m[K
[5.132s]       |                      [01;31m[K~~~~~~~~~~~~~~~~~~[m[K 
[5.132s]   275 | [01;31m[K                     const M3ConstPtr&,[m[K
[5.132s]       |                      [01;31m[K~~~~~~~~~~~~~~~~~~[m[K 
[5.132s]   276 | [01;31m[K                     const M4ConstPtr&,[m[K
[5.132s]       |                      [01;31m[K~~~~~~~~~~~~~~~~~~[m[K 
[5.132s]   277 | [01;31m[K                     const M5ConstPtr&,[m[K
[5.132s]       |                      [01;31m[K~~~~~~~~~~~~~~~~~~[m[K 
[5.132s]   278 | [01;31m[K                     const M6ConstPtr&,[m[K
[5.132s]       |                      [01;31m[K~~~~~~~~~~~~~~~~~~[m[K 
[5.132s]   279 | [01;31m[K                     const M7ConstPtr&,[m[K
[5.132s]       |                      [01;31m[K~~~~~~~~~~~~~~~~~~[m[K 
[5.132s]   280 | [01;31m[K                     const M8ConstPtr&>(std::bind(callback, std::placeholders::_1, std::placeholders::_2, std::placeholders::_3, std::placeholders::_4, std::placeholders::_5, std::placeholders::_6, std::placeholders::_7, std::placeholders::_8, std::placeholders::_9))[m[K;
[5.132s]       |                      [01;31m[K~~~~~~~~~~~~~~~~~~^~~~~~~~~~~~~~~~~~~~~~~~~~~~~~~~~~~~~~~~~~~~~~~~~~~~~~~~~~~~~~~~~~~~~~~~~~~~~~~~~~~~~~~~~~~~~~~~~~~~~~~~~~~~~~~~~~~~~~~~~~~~~~~~~~~~~~~~~~~~~~~~~~~~~~~~~~~~~~~~~~~~~~~~~~~~~~~~~~~~~~~~~~~~~~~~~~~~~~~~~~~~~~~~~~~~~~~~~~~~~~~~~~~~[m[K
[5.132s] [01m[K/opt/ros/jazzy/include/message_filters/message_filters/signal9.h:216:14:[m[K [01;36m[Knote: [m[Kprovided for ‘[01m[Ktemplate<class P0, class P1, class P2, class P3, class P4, class P5, class P6, class P7> message_filters::Connection message_filters::Signal9<M0, M1, M2, M3, M4, M5, M6, M7, M8>::[01;32m[KaddCallback[m[K(void (*)(P0, P1, P2, P3, P4, P5, P6, P7)) [35m[K[with P1 = P0; P2 = P1; P3 = P2; P4 = P3; P5 = P4; P6 = P5; P7 = P6; M0 = sensor_msgs::msg::Image_<std::allocator<void> >; M1 = sensor_msgs::msg::Image_<std::allocator<void> >; M2 = sensor_msgs::msg::CameraInfo_<std::allocator<void> >; M3 = nav_msgs::msg::Odometry_<std::allocator<void> >; M4 = message_filters::NullType; M5 = message_filters::NullType; M6 = message_filters::NullType; M7 = message_filters::NullType; M8 = message_filters::NullType][m[K[m[K’
[5.132s]   216 |   Connection [01;36m[KaddCallback[m[K(void(*callback)(P0, P1, P2, P3, P4, P5, P6, P7))
[5.132s]       |              [01;36m[K^~~~~~~~~~~[m[K
[5.132s] [01m[K/opt/ros/jazzy/include/message_filters/message_filters/signal9.h:222:14:[m[K [01;36m[Knote: [m[Kcandidate: ‘[01m[Kmessage_filters::Connection message_filters::Signal9<M0, M1, M2, M3, M4, M5, M6, M7, M8>::[01;32m[KaddCallback[m[K(void (*)(P0, P1, P2, P3, P4, P5, P6, P7, P8)) [35m[K[with P0 = const std::shared_ptr<const sensor_msgs::msg::Image_<std::allocator<void> > >&; P1 = const std::shared_ptr<const sensor_msgs::msg::Image_<std::allocator<void> > >&; P2 = const std::shared_ptr<const sensor_msgs::msg::CameraInfo_<std::allocator<void> > >&; P3 = const std::shared_ptr<const nav_msgs::msg::Odometry_<std::allocator<void> > >&; P4 = const std::shared_ptr<const message_filters::NullType>&; P5 = const std::shared_ptr<const message_filters::NullType>&; P6 = const std::shared_ptr<const message_filters::NullType>&; P7 = const std::shared_ptr<const message_filters::NullType>&; P8 = const std::shared_ptr<const message_filters::NullType>&; M0 = sensor_msgs::msg::Image_<std::allocator<void> >; M1 = sensor_msgs::msg::Image_<std::allocator<void> >; M2 = sensor_msgs::msg::CameraInfo_<std::allocator<void> >; M3 = nav_msgs::msg::Odometry_<std::allocator<void> >; M4 = message_filters::NullType; M5 = message_filters::NullType; M6 = message_filters::NullType; M7 = message_filters::NullType; M8 = message_filters::NullType][m[K[m[K’
[5.132s]   222 |   Connection [01;36m[KaddCallback[m[K(void(*callback)(P0, P1, P2, P3, P4, P5, P6, P7, P8))
[5.132s]       |              [01;36m[K^~~~~~~~~~~[m[K
[5.132s] [01m[K/opt/ros/jazzy/include/message_filters/message_filters/signal9.h:222:32:[m[K [01;36m[Knote: [m[K  no known conversion for argument 1 from ‘[01m[Kstd::_Bind_helper<false, const semanticSfm::semanticSfm(rclcpp::Node::SharedPtr)::<lambda(const sensor_msgs::msg::Image_<std::allocator<void> >::ConstSharedPtr&, const sensor_msgs::msg::Image_<std::allocator<void> >::ConstSharedPtr&, const sensor_msgs::msg::CameraInfo_<std::allocator<void> >::ConstSharedPtr&, const nav_msgs::msg::Odometry_<std::allocator<void> >::ConstSharedPtr&)>&, const std::_Placeholder<1>&, const std::_Placeholder<2>&, const std::_Placeholder<3>&, const std::_Placeholder<4>&, const std::_Placeholder<5>&, const std::_Placeholder<6>&, const std::_Placeholder<7>&, const std::_Placeholder<8>&, const std::_Placeholder<9>&>::type[m[K’ to ‘[01m[Kvoid (*)(const std::shared_ptr<const sensor_msgs::msg::Image_<std::allocator<void> > >&, const std::shared_ptr<const sensor_msgs::msg::Image_<std::allocator<void> > >&, const std::shared_ptr<const sensor_msgs::msg::CameraInfo_<std::allocator<void> > >&, const std::shared_ptr<const nav_msgs::msg::Odometry_<std::allocator<void> > >&, const std::shared_ptr<const message_filters::NullType>&, const std::shared_ptr<const message_filters::NullType>&, const std::shared_ptr<const message_filters::NullType>&, const std::shared_ptr<const message_filters::NullType>&, const std::shared_ptr<const message_filters::NullType>&)[m[K’
[5.132s]   222 |   Connection addCallback([01;36m[Kvoid(*callback)(P0, P1, P2, P3, P4, P5, P6, P7, P8)[m[K)
[5.132s]       |                          [01;36m[K~~~~~~^~~~~~~~~~~~~~~~~~~~~~~~~~~~~~~~~~~~~~~~~~~~~[m[K
[5.132s] [01m[K/opt/ros/jazzy/include/message_filters/message_filters/signal9.h:228:14:[m[K [01;36m[Knote: [m[Kcandidate: ‘[01m[Ktemplate<class T, class P0, class P1> message_filters::Connection message_filters::Signal9<M0, M1, M2, M3, M4, M5, M6, M7, M8>::[01;32m[KaddCallback[m[K(void (T::*)(P0, P1), T*) [35m[K[with P0 = T; P1 = P0; M0 = sensor_msgs::msg::Image_<std::allocator<void> >; M1 = sensor_msgs::msg::Image_<std::allocator<void> >; M2 = sensor_msgs::msg::CameraInfo_<std::allocator<void> >; M3 = nav_msgs::msg::Odometry_<std::allocator<void> >; M4 = message_filters::NullType; M5 = message_filters::NullType; M6 = message_filters::NullType; M7 = message_filters::NullType; M8 = message_filters::NullType][m[K[m[K’
[5.132s]   228 |   Connection [01;36m[KaddCallback[m[K(void(T::*callback)(P0, P1), T* t)
[5.132s]       |              [01;36m[K^~~~~~~~~~~[m[K
[5.133s] [01m[K/opt/ros/jazzy/include/message_filters/message_filters/signal9.h:228:14:[m[K [01;36m[Knote: [m[K  candidate expects 2 arguments, 1 provided
[5.133s] [01m[K/opt/ros/jazzy/include/message_filters/message_filters/signal9.h:234:14:[m[K [01;36m[Knote: [m[Kcandidate: ‘[01m[Ktemplate<class T, class P0, class P1, class P2> message_filters::Connection message_filters::Signal9<M0, M1, M2, M3, M4, M5, M6, M7, M8>::[01;32m[KaddCallback[m[K(void (T::*)(P0, P1, P2), T*) [35m[K[with P0 = T; P1 = P0; P2 = P1; M0 = sensor_msgs::msg::Image_<std::allocator<void> >; M1 = sensor_msgs::msg::Image_<std::allocator<void> >; M2 = sensor_msgs::msg::CameraInfo_<std::allocator<void> >; M3 = nav_msgs::msg::Odometry_<std::allocator<void> >; M4 = message_filters::NullType; M5 = message_filters::NullType; M6 = message_filters::NullType; M7 = message_filters::NullType; M8 = message_filters::NullType][m[K[m[K’
[5.133s]   234 |   Connection [01;36m[KaddCallback[m[K(void(T::*callback)(P0, P1, P2), T* t)
[5.133s]       |              [01;36m[K^~~~~~~~~~~[m[K
[5.133s] [01m[K/opt/ros/jazzy/include/message_filters/message_filters/signal9.h:234:14:[m[K [01;36m[Knote: [m[K  candidate expects 2 arguments, 1 provided
[5.133s] [01m[K/opt/ros/jazzy/include/message_filters/message_filters/signal9.h:240:14:[m[K [01;36m[Knote: [m[Kcandidate: ‘[01m[Ktemplate<class T, class P0, class P1, class P2, class P3> message_filters::Connection message_filters::Signal9<M0, M1, M2, M3, M4, M5, M6, M7, M8>::[01;32m[KaddCallback[m[K(void (T::*)(P0, P1, P2, P3), T*) [35m[K[with P0 = T; P1 = P0; P2 = P1; P3 = P2; M0 = sensor_msgs::msg::Image_<std::allocator<void> >; M1 = sensor_msgs::msg::Image_<std::allocator<void> >; M2 = sensor_msgs::msg::CameraInfo_<std::allocator<void> >; M3 = nav_msgs::msg::Odometry_<std::allocator<void> >; M4 = message_filters::NullType; M5 = message_filters::NullType; M6 = message_filters::NullType; M7 = message_filters::NullType; M8 = message_filters::NullType][m[K[m[K’
[5.133s]   240 |   Connection [01;36m[KaddCallback[m[K(void(T::*callback)(P0, P1, P2, P3), T* t)
[5.133s]       |              [01;36m[K^~~~~~~~~~~[m[K
[5.133s] [01m[K/opt/ros/jazzy/include/message_filters/message_filters/signal9.h:240:14:[m[K [01;36m[Knote: [m[K  candidate expects 2 arguments, 1 provided
[5.133s] [01m[K/opt/ros/jazzy/include/message_filters/message_filters/signal9.h:246:14:[m[K [01;36m[Knote: [m[Kcandidate: ‘[01m[Ktemplate<class T, class P0, class P1, class P2, class P3, class P4> message_filters::Connection message_filters::Signal9<M0, M1, M2, M3, M4, M5, M6, M7, M8>::[01;32m[KaddCallback[m[K(void (T::*)(P0, P1, P2, P3, P4), T*) [35m[K[with P0 = T; P1 = P0; P2 = P1; P3 = P2; P4 = P3; M0 = sensor_msgs::msg::Image_<std::allocator<void> >; M1 = sensor_msgs::msg::Image_<std::allocator<void> >; M2 = sensor_msgs::msg::CameraInfo_<std::allocator<void> >; M3 = nav_msgs::msg::Odometry_<std::allocator<void> >; M4 = message_filters::NullType; M5 = message_filters::NullType; M6 = message_filters::NullType; M7 = message_filters::NullType; M8 = message_filters::NullType][m[K[m[K’
[5.133s]   246 |   Connection [01;36m[KaddCallback[m[K(void(T::*callback)(P0, P1, P2, P3, P4), T* t)
[5.133s]       |              [01;36m[K^~~~~~~~~~~[m[K
[5.133s] [01m[K/opt/ros/jazzy/include/message_filters/message_filters/signal9.h:246:14:[m[K [01;36m[Knote: [m[K  candidate expects 2 arguments, 1 provided
[5.133s] [01m[K/opt/ros/jazzy/include/message_filters/message_filters/signal9.h:252:14:[m[K [01;36m[Knote: [m[Kcandidate: ‘[01m[Ktemplate<class T, class P0, class P1, class P2, class P3, class P4, class P5> message_filters::Connection message_filters::Signal9<M0, M1, M2, M3, M4, M5, M6, M7, M8>::[01;32m[KaddCallback[m[K(void (T::*)(P0, P1, P2, P3, P4, P5), T*) [35m[K[with P0 = T; P1 = P0; P2 = P1; P3 = P2; P4 = P3; P5 = P4; M0 = sensor_msgs::msg::Image_<std::allocator<void> >; M1 = sensor_msgs::msg::Image_<std::allocator<void> >; M2 = sensor_msgs::msg::CameraInfo_<std::allocator<void> >; M3 = nav_msgs::msg::Odometry_<std::allocator<void> >; M4 = message_filters::NullType; M5 = message_filters::NullType; M6 = message_filters::NullType; M7 = message_filters::NullType; M8 = message_filters::NullType][m[K[m[K’
[5.133s]   252 |   Connection [01;36m[KaddCallback[m[K(void(T::*callback)(P0, P1, P2, P3, P4, P5), T* t)
[5.133s]       |              [01;36m[K^~~~~~~~~~~[m[K
[5.133s] [01m[K/opt/ros/jazzy/include/message_filters/message_filters/signal9.h:252:14:[m[K [01;36m[Knote: [m[K  candidate expects 2 arguments, 1 provided
[5.133s] [01m[K/opt/ros/jazzy/include/message_filters/message_filters/signal9.h:258:14:[m[K [01;36m[Knote: [m[Kcandidate: ‘[01m[Ktemplate<class T, class P0, class P1, class P2, class P3, class P4, class P5, class P6> message_filters::Connection message_filters::Signal9<M0, M1, M2, M3, M4, M5, M6, M7, M8>::[01;32m[KaddCallback[m[K(void (T::*)(P0, P1, P2, P3, P4, P5, P6), T*) [35m[K[with P0 = T; P1 = P0; P2 = P1; P3 = P2; P4 = P3; P5 = P4; P6 = P5; M0 = sensor_msgs::msg::Image_<std::allocator<void> >; M1 = sensor_msgs::msg::Image_<std::allocator<void> >; M2 = sensor_msgs::msg::CameraInfo_<std::allocator<void> >; M3 = nav_msgs::msg::Odometry_<std::allocator<void> >; M4 = message_filters::NullType; M5 = message_filters::NullType; M6 = message_filters::NullType; M7 = message_filters::NullType; M8 = message_filters::NullType][m[K[m[K’
[5.133s]   258 |   Connection [01;36m[KaddCallback[m[K(void(T::*callback)(P0, P1, P2, P3, P4, P5, P6), T* t)
[5.133s]       |              [01;36m[K^~~~~~~~~~~[m[K
[5.133s] [01m[K/opt/ros/jazzy/include/message_filters/message_filters/signal9.h:258:14:[m[K [01;36m[Knote: [m[K  candidate expects 2 arguments, 1 provided
[5.133s] [01m[K/opt/ros/jazzy/include/message_filters/message_filters/signal9.h:264:14:[m[K [01;36m[Knote: [m[Kcandidate: ‘[01m[Ktemplate<class T, class P0, class P1, class P2, class P3, class P4, class P5, class P6, class P7> message_filters::Connection message_filters::Signal9<M0, M1, M2, M3, M4, M5, M6, M7, M8>::[01;32m[KaddCallback[m[K(void (T::*)(P0, P1, P2, P3, P4, P5, P6, P7), T*) [35m[K[with P0 = T; P1 = P0; P2 = P1; P3 = P2; P4 = P3; P5 = P4; P6 = P5; P7 = P6; M0 = sensor_msgs::msg::Image_<std::allocator<void> >; M1 = sensor_msgs::msg::Image_<std::allocator<void> >; M2 = sensor_msgs::msg::CameraInfo_<std::allocator<void> >; M3 = nav_msgs::msg::Odometry_<std::allocator<void> >; M4 = message_filters::NullType; M5 = message_filters::NullType; M6 = message_filters::NullType; M7 = message_filters::NullType; M8 = message_filters::NullType][m[K[m[K’
[5.133s]   264 |   Connection [01;36m[KaddCallback[m[K(void(T::*callback)(P0, P1, P2, P3, P4, P5, P6, P7), T* t)
[5.133s]       |              [01;36m[K^~~~~~~~~~~[m[K
[5.133s] [01m[K/opt/ros/jazzy/include/message_filters/message_filters/signal9.h:264:14:[m[K [01;36m[Knote: [m[K  candidate expects 2 arguments, 1 provided
[5.133s] [01m[K/opt/ros/jazzy/include/message_filters/message_filters/signal9.h:270:14:[m[K [01;36m[Knote: [m[Kcandidate: ‘[01m[Ktemplate<class C> message_filters::Connection message_filters::Signal9<M0, M1, M2, M3, M4, M5, M6, M7, M8>::[01;32m[KaddCallback[m[K(C&) [35m[K[with M0 = sensor_msgs::msg::Image_<std::allocator<void> >; M1 = sensor_msgs::msg::Image_<std::allocator<void> >; M2 = sensor_msgs::msg::CameraInfo_<std::allocator<void> >; M3 = nav_msgs::msg::Odometry_<std::allocator<void> >; M4 = message_filters::NullType; M5 = message_filters::NullType; M6 = message_filters::NullType; M7 = message_filters::NullType; M8 = message_filters::NullType][m[K[m[K’
[5.133s]   270 |   Connection [01;36m[KaddCallback[m[K( C& callback)
[5.133s]       |              [01;36m[K^~~~~~~~~~~[m[K
[5.133s] [01m[K/opt/ros/jazzy/include/message_filters/message_filters/signal9.h:270:14:[m[K [01;36m[Knote: [m[K  template argument deduction/substitution failed:
[5.133s] [01m[K/opt/ros/jazzy/include/message_filters/message_filters/signal9.h:280:40:[m[K [01;31m[Kerror: [m[Kwrong number of template arguments (9, should be 1)
[5.134s]   272 |     return [01;31m[KaddCallback<const M0ConstPtr&,[m[K
[5.134s]       |            [01;31m[K~~~~~~~~~~~~~~~~~~~~~~~~~~~~~~[m[K
[5.134s]   273 | [01;31m[K                     const M1ConstPtr&,[m[K
[5.134s]       |                      [01;31m[K~~~~~~~~~~~~~~~~~~[m[K 
[5.134s]   274 | [01;31m[K                     const M2ConstPtr&,[m[K
[5.134s]       |                      [01;31m[K~~~~~~~~~~~~~~~~~~[m[K 
[5.134s]   275 | [01;31m[K                     const M3ConstPtr&,[m[K
[5.134s]       |                      [01;31m[K~~~~~~~~~~~~~~~~~~[m[K 
[5.134s]   276 | [01;31m[K                     const M4ConstPtr&,[m[K
[5.134s]       |                      [01;31m[K~~~~~~~~~~~~~~~~~~[m[K 
[5.134s]   277 | [01;31m[K                     const M5ConstPtr&,[m[K
[5.134s]       |                      [01;31m[K~~~~~~~~~~~~~~~~~~[m[K 
[5.134s]   278 | [01;31m[K                     const M6ConstPtr&,[m[K
[5.134s]       |                      [01;31m[K~~~~~~~~~~~~~~~~~~[m[K 
[5.134s]   279 | [01;31m[K                     const M7ConstPtr&,[m[K
[5.134s]       |                      [01;31m[K~~~~~~~~~~~~~~~~~~[m[K 
[5.134s]   280 | [01;31m[K                     const M8ConstPtr&>(std::bind(callback, std::placeholders::_1, std::placeholders::_2, std::placeholders::_3, std::placeholders::_4, std::placeholders::_5, std::placeholders::_6, std::placeholders::_7, std::placeholders::_8, std::placeholders::_9))[m[K;
[5.134s]       |                      [01;31m[K~~~~~~~~~~~~~~~~~~^~~~~~~~~~~~~~~~~~~~~~~~~~~~~~~~~~~~~~~~~~~~~~~~~~~~~~~~~~~~~~~~~~~~~~~~~~~~~~~~~~~~~~~~~~~~~~~~~~~~~~~~~~~~~~~~~~~~~~~~~~~~~~~~~~~~~~~~~~~~~~~~~~~~~~~~~~~~~~~~~~~~~~~~~~~~~~~~~~~~~~~~~~~~~~~~~~~~~~~~~~~~~~~~~~~~~~~~~~~~~~~~~~~~[m[K
[5.134s] [01m[K/opt/ros/jazzy/include/message_filters/message_filters/signal9.h:270:14:[m[K [01;36m[Knote: [m[Kprovided for ‘[01m[Ktemplate<class C> message_filters::Connection message_filters::Signal9<M0, M1, M2, M3, M4, M5, M6, M7, M8>::[01;32m[KaddCallback[m[K(C&) [35m[K[with M0 = sensor_msgs::msg::Image_<std::allocator<void> >; M1 = sensor_msgs::msg::Image_<std::allocator<void> >; M2 = sensor_msgs::msg::CameraInfo_<std::allocator<void> >; M3 = nav_msgs::msg::Odometry_<std::allocator<void> >; M4 = message_filters::NullType; M5 = message_filters::NullType; M6 = message_filters::NullType; M7 = message_filters::NullType; M8 = message_filters::NullType][m[K[m[K’
[5.134s]   270 |   Connection [01;36m[KaddCallback[m[K( C& callback)
[5.134s]       |              [01;36m[K^~~~~~~~~~~[m[K
[8.861s] gmake[2]: *** [CMakeFiles/sfm.dir/build.make:76: CMakeFiles/sfm.dir/src/sfm.cpp.o] Error 1
[8.861s] gmake[1]: *** [CMakeFiles/Makefile2:644: CMakeFiles/sfm.dir/all] Error 2
[8.861s] gmake: *** [Makefile:146: all] Error 2
[8.863s] Invoked command in '/home/elioowo/ros_sfm/sfm_ros2/build/sfm_ros2' returned '2': CMAKE_PREFIX_PATH=${CMAKE_PREFIX_PATH}:/opt/ros/jazzy DEBUGINFOD_URLS=https://debuginfod.ubuntu.com /usr/bin/cmake --build /home/elioowo/ros_sfm/sfm_ros2/build/sfm_ros2 -- -j32 -l32
