[0.007s] Invoking command in '/home/elioowo/ros_sfm/sfm_ros2/build/sfm_ros2': CMAKE_PREFIX_PATH=${CMAKE_PREFIX_PATH}:/opt/ros/jazzy DEBUGINFOD_URLS=https://debuginfod.ubuntu.com /usr/bin/cmake --build /home/elioowo/ros_sfm/sfm_ros2/build/sfm_ros2 -- -j32 -l32
[0.027s] -- Found rclcpp: 28.1.18 (/opt/ros/jazzy/share/rclcpp/cmake)
[0.118s] -- Found rosidl_generator_c: 4.6.7 (/opt/ros/jazzy/share/rosidl_generator_c/cmake)
[0.124s] -- Found rosidl_generator_cpp: 4.6.7 (/opt/ros/jazzy/share/rosidl_generator_cpp/cmake)
[0.131s] -- Using all available rosidl_typesupport_c: rosidl_typesupport_fastrtps_c;rosidl_typesupport_introspection_c
[0.140s] -- Using all available rosidl_typesupport_cpp: rosidl_typesupport_fastrtps_cpp;rosidl_typesupport_introspection_cpp
[0.182s] -- Found rmw_implementation_cmake: 7.3.3 (/opt/ros/jazzy/share/rmw_implementation_cmake/cmake)
[0.183s] -- Found rmw_fastrtps_cpp: 8.4.3 (/opt/ros/jazzy/share/rmw_fastrtps_cpp/cmake)
[0.226s] -- Using RMW implementation 'rmw_fastrtps_cpp' as default
[0.270s] -- Found std_msgs: 5.3.7 (/opt/ros/jazzy/share/std_msgs/cmake)
[0.279s] -- Found sensor_msgs: 5.3.7 (/opt/ros/jazzy/share/sensor_msgs/cmake)
[0.305s] -- Found nav_msgs: 5.3.7 (/opt/ros/jazzy/share/nav_msgs/cmake)
[0.323s] -- Found message_filters: 4.11.12 (/opt/ros/jazzy/share/message_filters/cmake)
[0.326s] -- Found cv_bridge: 4.1.0 (/opt/ros/jazzy/share/cv_bridge/cmake)
[0.330s] -- Found pcl_conversions: 2.6.4 (/opt/ros/jazzy/share/pcl_conversions/cmake)
[0.362s] [33mCMake Warning (dev) at /usr/lib/x86_64-linux-gnu/cmake/pcl/Modules/FindFLANN.cmake:45 (find_package):
[0.362s]   Policy CMP0144 is not set: find_package uses upper-case <PACKAGENAME>_ROOT
[0.362s]   variables.  Run "cmake --help-policy CMP0144" for policy details.  Use the
[0.362s]   cmake_policy command to set the policy and suppress this warning.
[0.362s] 
[0.362s]   CMake variable FLANN_ROOT is set to:
[0.362s] 
[0.362s]     /usr
[0.362s] 
[0.362s]   For compatibility, find_package is ignoring the variable, but code in a
[0.362s]   .cmake module might still use it.
[0.362s] Call Stack (most recent call first):
[0.362s]   /usr/lib/x86_64-linux-gnu/cmake/pcl/PCLConfig.cmake:261 (find_package)
[0.362s]   /usr/lib/x86_64-linux-gnu/cmake/pcl/PCLConfig.cmake:306 (find_flann)
[0.362s]   /usr/lib/x86_64-linux-gnu/cmake/pcl/PCLConfig.cmake:570 (find_external_library)
[0.362s]   /opt/ros/jazzy/share/pcl_conversions/cmake/ament_cmake_export_dependencies-extras.cmake:21 (find_package)
[0.362s]   /opt/ros/jazzy/share/pcl_conversions/cmake/pcl_conversionsConfig.cmake:41 (include)
[0.363s]   CMakeLists.txt:18 (find_package)
[0.363s] This warning is for project developers.  Use -Wno-dev to suppress it.
[0.363s] [0m
[0.363s] -- Found flann version 1.9.2
[0.673s] -- OpenNI found (version: 1.5.4.0, include: /usr/include/ni, lib: /usr/lib/libOpenNI.so;libusb::libusb)
[0.677s] -- OpenNI2 found (version: 2.2.0.33, include: /usr/include/openni2, lib: /usr/lib/x86_64-linux-gnu/libOpenNI2.so;libusb::libusb)
[1.013s] -- OpenNI found (version: 1.5.4.0, include: /usr/include/ni, lib: /usr/lib/libOpenNI.so;libusb::libusb)
[1.017s] -- OpenNI2 found (version: 2.2.0.33, include: /usr/include/openni2, lib: /usr/lib/x86_64-linux-gnu/libOpenNI2.so;libusb::libusb)
[1.306s] -- Found Qhull version 8.0.2
[1.600s] -- OpenNI found (version: 1.5.4.0, include: /usr/include/ni, lib: /usr/lib/libOpenNI.so;libusb::libusb)
[1.914s] [33mCMake Warning (dev) at CMakeLists.txt:22 (find_package):
[1.914s]   Policy CMP0074 is not set: find_package uses <PackageName>_ROOT variables.
[1.914s]   Run "cmake --help-policy CMP0074" for policy details.  Use the cmake_policy
[1.914s]   command to set the policy and suppress this warning.
[1.914s] 
[1.914s]   CMake variable PCL_ROOT is set to:
[1.914s] 
[1.914s]     /usr
[1.914s] 
[1.914s]   For compatibility, CMake is ignoring the variable.
[1.914s] This warning is for project developers.  Use -Wno-dev to suppress it.
[1.914s] [0m
[1.937s] [33mCMake Warning (dev) at /usr/share/cmake-3.28/Modules/FindPackageHandleStandardArgs.cmake:438 (message):
[1.937s]   The package name passed to `find_package_handle_standard_args` (torch) does
[1.937s]   not match the name of the calling package (Torch).  This can lead to
[1.937s]   problems in calling code that expects `find_package` result variables
[1.937s]   (e.g., `_FOUND`) to follow a certain pattern.
[1.937s] Call Stack (most recent call first):
[1.937s]   /home/elioowo/libraries/libtorch/share/cmake/Torch/TorchConfig.cmake:103 (find_package_handle_standard_args)
[1.937s]   CMakeLists.txt:29 (find_package)
[1.937s] This warning is for project developers.  Use -Wno-dev to suppress it.
[1.937s] [0m
[1.937s] -- Found rosidl_default_generators: 1.6.0 (/opt/ros/jazzy/share/rosidl_default_generators/cmake)
[1.945s] -- Found rosidl_adapter: 4.6.7 (/opt/ros/jazzy/share/rosidl_adapter/cmake)
[2.167s] -- Found ament_cmake_ros: 0.12.0 (/opt/ros/jazzy/share/ament_cmake_ros/cmake)
[2.389s] -- Using all available rosidl_typesupport_c: rosidl_typesupport_fastrtps_c;rosidl_typesupport_introspection_c
[2.476s] -- Using all available rosidl_typesupport_cpp: rosidl_typesupport_fastrtps_cpp;rosidl_typesupport_introspection_cpp
[2.477s] -- Found python_cmake_module: 0.11.1 (/opt/ros/jazzy/share/python_cmake_module/cmake)
[2.647s] -- Found Python3: /usr/bin/python3 (found version "3.12.3") found components: Interpreter Development NumPy Development.Module Development.Embed 
[2.723s] -- Found Python3: /usr/bin/python3 (found version "3.12.3") found components: Interpreter 
[2.731s] -- Found ament_lint_auto: 0.17.5 (/opt/ros/jazzy/share/ament_lint_auto/cmake)
[2.734s] -- Configuring done (2.7s)
[2.783s] -- Generating done (0.0s)
[2.794s] -- Build files have been written to: /home/elioowo/ros_sfm/sfm_ros2/build/sfm_ros2
[2.824s] [  2%] [34m[1mGenerating type hashes for ROS interfaces[0m
[2.824s] [  4%] Built target sfm_ros2__rs
[2.829s] [  4%] Built target ament_cmake_python_copy_sfm_ros2
[2.968s] running egg_info
[2.981s] writing sfm_ros2.egg-info/PKG-INFO
[2.981s] writing dependency_links to sfm_ros2.egg-info/dependency_links.txt
[2.981s] writing top-level names to sfm_ros2.egg-info/top_level.txt
[2.982s] Traceback (most recent call last):
[2.982s]   File "/opt/ros/jazzy/lib/rosidl_generator_type_description/rosidl_generator_type_description", line 50, in <module>
[2.982s]     sys.exit(main())
[2.982s]              ^^^^^^
[2.983s]   File "/opt/ros/jazzy/lib/rosidl_generator_type_description/rosidl_generator_type_description", line 46, in main
[2.983s]     generate_type_hash(args.generator_arguments_file)
[2.983s]   File "/opt/ros/jazzy/lib/python3.12/site-packages/rosidl_generator_type_description/__init__.py", line 162, in generate_type_hash
[2.983s]     with include_path.open('r') as include_file:
[2.983s]          ^^^^^^^^^^^^^^^^^^^^^^
[2.983s]   File "/usr/lib/python3.12/pathlib.py", line 1015, in open
[2.983s]     return io.open(self, mode, buffering, encoding, errors, newline)
[2.983s]            ^^^^^^^^^^^^^^^^^^^^^^^^^^^^^^^^^^^^^^^^^^^^^^^^^^^^^^^^^
[2.983s] FileNotFoundError: [Errno 2] No such file or directory: '/home/elioowo/ros_sfm/sfm_ros2/build/sfm_ros2/rosidl_generator_type_description/sfm_ros2/msg/Header.json'
[2.997s] gmake[2]: *** [CMakeFiles/sfm_ros2__rosidl_generator_type_description.dir/build.make:77: rosidl_generator_type_description/sfm_ros2/msg/MapGraph.json] Error 1
[2.997s] gmake[1]: *** [CMakeFiles/Makefile2:236: CMakeFiles/sfm_ros2__rosidl_generator_type_description.dir/all] Error 2
[2.997s] gmake[1]: *** Waiting for unfinished jobs....
[3.020s] reading manifest file 'sfm_ros2.egg-info/SOURCES.txt'
[3.020s] writing manifest file 'sfm_ros2.egg-info/SOURCES.txt'
[3.038s] [  4%] Built target ament_cmake_python_build_sfm_ros2_egg
[3.039s] gmake: *** [Makefile:146: all] Error 2
[3.041s] Invoked command in '/home/elioowo/ros_sfm/sfm_ros2/build/sfm_ros2' returned '2': CMAKE_PREFIX_PATH=${CMAKE_PREFIX_PATH}:/opt/ros/jazzy DEBUGINFOD_URLS=https://debuginfod.ubuntu.com /usr/bin/cmake --build /home/elioowo/ros_sfm/sfm_ros2/build/sfm_ros2 -- -j32 -l32
