[0.006s] Invoking command in '/home/elioowo/ros_sfm/sfm_ros2/build/sfm_ros2': CMAKE_PREFIX_PATH=${CMAKE_PREFIX_PATH}:/opt/ros/jazzy DEBUGINFOD_URLS=https://debuginfod.ubuntu.com /usr/bin/cmake /home/elioowo/ros_sfm/sfm_ros2 -DCMAKE_INSTALL_PREFIX=/home/elioowo/ros_sfm/sfm_ros2/install/sfm_ros2
[0.016s] -- Found rclcpp: 28.1.18 (/opt/ros/jazzy/share/rclcpp/cmake)
[0.180s] -- Found rosidl_generator_c: 4.6.7 (/opt/ros/jazzy/share/rosidl_generator_c/cmake)
[0.186s] -- Found rosidl_generator_cpp: 4.6.7 (/opt/ros/jazzy/share/rosidl_generator_cpp/cmake)
[0.193s] -- Using all available rosidl_typesupport_c: rosidl_typesupport_fastrtps_c;rosidl_typesupport_introspection_c
[0.202s] -- Using all available rosidl_typesupport_cpp: rosidl_typesupport_fastrtps_cpp;rosidl_typesupport_introspection_cpp
[0.243s] -- Found rmw_implementation_cmake: 7.3.3 (/opt/ros/jazzy/share/rmw_implementation_cmake/cmake)
[0.244s] -- Found rmw_fastrtps_cpp: 8.4.3 (/opt/ros/jazzy/share/rmw_fastrtps_cpp/cmake)
[0.287s] -- Using RMW implementation 'rmw_fastrtps_cpp' as default
[0.331s] -- Found std_msgs: 5.3.7 (/opt/ros/jazzy/share/std_msgs/cmake)
[0.340s] -- Found sensor_msgs: 5.3.7 (/opt/ros/jazzy/share/sensor_msgs/cmake)
[0.366s] -- Found nav_msgs: 5.3.7 (/opt/ros/jazzy/share/nav_msgs/cmake)
[0.385s] -- Found message_filters: 4.11.12 (/opt/ros/jazzy/share/message_filters/cmake)
[0.387s] -- Found cv_bridge: 4.1.0 (/opt/ros/jazzy/share/cv_bridge/cmake)
[0.391s] -- Found pcl_conversions: 2.6.4 (/opt/ros/jazzy/share/pcl_conversions/cmake)
[0.423s] [33mCMake Warning (dev) at /usr/lib/x86_64-linux-gnu/cmake/pcl/Modules/FindFLANN.cmake:45 (find_package):
[0.423s]   Policy CMP0144 is not set: find_package uses upper-case <PACKAGENAME>_ROOT
[0.424s]   variables.  Run "cmake --help-policy CMP0144" for policy details.  Use the
[0.424s]   cmake_policy command to set the policy and suppress this warning.
[0.424s] 
[0.424s]   CMake variable FLANN_ROOT is set to:
[0.424s] 
[0.424s]     /usr
[0.424s] 
[0.424s]   For compatibility, find_package is ignoring the variable, but code in a
[0.424s]   .cmake module might still use it.
[0.424s] Call Stack (most recent call first):
[0.424s]   /usr/lib/x86_64-linux-gnu/cmake/pcl/PCLConfig.cmake:261 (find_package)
[0.424s]   /usr/lib/x86_64-linux-gnu/cmake/pcl/PCLConfig.cmake:306 (find_flann)
[0.424s]   /usr/lib/x86_64-linux-gnu/cmake/pcl/PCLConfig.cmake:570 (find_external_library)
[0.424s]   /opt/ros/jazzy/share/pcl_conversions/cmake/ament_cmake_export_dependencies-extras.cmake:21 (find_package)
[0.424s]   /opt/ros/jazzy/share/pcl_conversions/cmake/pcl_conversionsConfig.cmake:41 (include)
[0.424s]   CMakeLists.txt:18 (find_package)
[0.424s] This warning is for project developers.  Use -Wno-dev to suppress it.
[0.424s] [0m
[0.424s] -- Found flann version 1.9.2
[0.736s] -- OpenNI found (version: 1.5.4.0, include: /usr/include/ni, lib: /usr/lib/libOpenNI.so;libusb::libusb)
[0.740s] -- OpenNI2 found (version: 2.2.0.33, include: /usr/include/openni2, lib: /usr/lib/x86_64-linux-gnu/libOpenNI2.so;libusb::libusb)
[1.072s] -- OpenNI found (version: 1.5.4.0, include: /usr/include/ni, lib: /usr/lib/libOpenNI.so;libusb::libusb)
[1.076s] -- OpenNI2 found (version: 2.2.0.33, include: /usr/include/openni2, lib: /usr/lib/x86_64-linux-gnu/libOpenNI2.so;libusb::libusb)
[1.368s] -- Found Qhull version 8.0.2
[1.667s] -- OpenNI found (version: 1.5.4.0, include: /usr/include/ni, lib: /usr/lib/libOpenNI.so;libusb::libusb)
[1.964s] [33mCMake Warning (dev) at CMakeLists.txt:22 (find_package):
[1.964s]   Policy CMP0074 is not set: find_package uses <PackageName>_ROOT variables.
[1.964s]   Run "cmake --help-policy CMP0074" for policy details.  Use the cmake_policy
[1.964s]   command to set the policy and suppress this warning.
[1.964s] 
[1.964s]   CMake variable PCL_ROOT is set to:
[1.964s] 
[1.964s]     /usr
[1.964s] 
[1.964s]   For compatibility, CMake is ignoring the variable.
[1.964s] This warning is for project developers.  Use -Wno-dev to suppress it.
[1.964s] [0m
[1.986s] [33mCMake Warning (dev) at /usr/share/cmake-3.28/Modules/FindPackageHandleStandardArgs.cmake:438 (message):
[1.986s]   The package name passed to `find_package_handle_standard_args` (torch) does
[1.986s]   not match the name of the calling package (Torch).  This can lead to
[1.986s]   problems in calling code that expects `find_package` result variables
[1.986s]   (e.g., `_FOUND`) to follow a certain pattern.
[1.986s] Call Stack (most recent call first):
[1.986s]   /home/elioowo/libraries/libtorch/share/cmake/Torch/TorchConfig.cmake:103 (find_package_handle_standard_args)
[1.986s]   CMakeLists.txt:29 (find_package)
[1.986s] This warning is for project developers.  Use -Wno-dev to suppress it.
[1.986s] [0m
[1.986s] -- Found rosidl_default_generators: 1.6.0 (/opt/ros/jazzy/share/rosidl_default_generators/cmake)
[1.993s] -- Found rosidl_adapter: 4.6.7 (/opt/ros/jazzy/share/rosidl_adapter/cmake)
[2.449s] -- Found ament_cmake_ros: 0.12.0 (/opt/ros/jazzy/share/ament_cmake_ros/cmake)
[3.073s] -- Using all available rosidl_typesupport_c: rosidl_typesupport_fastrtps_c;rosidl_typesupport_introspection_c
[3.319s] -- Using all available rosidl_typesupport_cpp: rosidl_typesupport_fastrtps_cpp;rosidl_typesupport_introspection_cpp
[3.323s] -- Found python_cmake_module: 0.11.1 (/opt/ros/jazzy/share/python_cmake_module/cmake)
[3.419s] -- Found PythonExtra: /usr/bin/python3  
[3.765s] -- Found Python3: /usr/bin/python3 (found version "3.12.3") found components: Interpreter Development NumPy Development.Module Development.Embed 
[3.855s] -- Found Python3: /usr/bin/python3 (found version "3.12.3") found components: Interpreter 
[3.867s] -- Found ament_lint_auto: 0.17.5 (/opt/ros/jazzy/share/ament_lint_auto/cmake)
[3.873s] -- Configuring done (3.9s)
[3.943s] -- Generating done (0.1s)
[3.954s] -- Build files have been written to: /home/elioowo/ros_sfm/sfm_ros2/build/sfm_ros2
[3.967s] Invoked command in '/home/elioowo/ros_sfm/sfm_ros2/build/sfm_ros2' returned '0': CMAKE_PREFIX_PATH=${CMAKE_PREFIX_PATH}:/opt/ros/jazzy DEBUGINFOD_URLS=https://debuginfod.ubuntu.com /usr/bin/cmake /home/elioowo/ros_sfm/sfm_ros2 -DCMAKE_INSTALL_PREFIX=/home/elioowo/ros_sfm/sfm_ros2/install/sfm_ros2
[3.968s] Invoking command in '/home/elioowo/ros_sfm/sfm_ros2/build/sfm_ros2': CMAKE_PREFIX_PATH=${CMAKE_PREFIX_PATH}:/opt/ros/jazzy DEBUGINFOD_URLS=https://debuginfod.ubuntu.com /usr/bin/cmake --build /home/elioowo/ros_sfm/sfm_ros2/build/sfm_ros2 -- -j32 -l32
[4.001s] [  2%] [34m[1mGenerating type hashes for ROS interfaces[0m
[4.002s] [  4%] [34m[1mGenerating Rust code for ROS interfaces[0m
[4.002s] [  6%] [32mBuilding CXX object CMakeFiles/sfm.dir/src/sfm.cpp.o[0m
[4.006s] [  6%] Built target ament_cmake_python_copy_sfm_ros2
[4.012s] [01m[K/home/elioowo/ros_sfm/sfm_ros2/src/sfm.cpp:1:10:[m[K [01;31m[Kfatal error: [m[Ksfm.h: No such file or directory
[4.013s]     1 | #include [01;31m[K"sfm.h"[m[K
[4.013s]       |          [01;31m[K^~~~~~~[m[K
[4.013s] compilation terminated.
[4.013s] gmake[2]: *** [CMakeFiles/sfm.dir/build.make:76: CMakeFiles/sfm.dir/src/sfm.cpp.o] Error 1
[4.013s] gmake[1]: *** [CMakeFiles/Makefile2:642: CMakeFiles/sfm.dir/all] Error 2
[4.013s] gmake[1]: *** Waiting for unfinished jobs....
[4.148s] running egg_info
[4.148s] creating sfm_ros2.egg-info
[4.161s] writing sfm_ros2.egg-info/PKG-INFO
[4.161s] writing dependency_links to sfm_ros2.egg-info/dependency_links.txt
[4.161s] writing top-level names to sfm_ros2.egg-info/top_level.txt
[4.161s] writing manifest file 'sfm_ros2.egg-info/SOURCES.txt'
[4.174s] [  6%] Built target sfm_ros2__rs
[4.201s] reading manifest file 'sfm_ros2.egg-info/SOURCES.txt'
[4.201s] writing manifest file 'sfm_ros2.egg-info/SOURCES.txt'
[4.219s] [  6%] Built target ament_cmake_python_build_sfm_ros2_egg
[5.300s] Traceback (most recent call last):
[5.300s]   File "/opt/ros/jazzy/lib/rosidl_generator_type_description/rosidl_generator_type_description", line 50, in <module>
[5.300s]     sys.exit(main())
[5.300s]              ^^^^^^
[5.300s]   File "/opt/ros/jazzy/lib/rosidl_generator_type_description/rosidl_generator_type_description", line 46, in main
[5.300s]     generate_type_hash(args.generator_arguments_file)
[5.300s]   File "/opt/ros/jazzy/lib/python3.12/site-packages/rosidl_generator_type_description/__init__.py", line 162, in generate_type_hash
[5.300s]     with include_path.open('r') as include_file:
[5.300s]          ^^^^^^^^^^^^^^^^^^^^^^
[5.300s]   File "/usr/lib/python3.12/pathlib.py", line 1015, in open
[5.300s]     return io.open(self, mode, buffering, encoding, errors, newline)
[5.300s]            ^^^^^^^^^^^^^^^^^^^^^^^^^^^^^^^^^^^^^^^^^^^^^^^^^^^^^^^^^
[5.300s] FileNotFoundError: [Errno 2] No such file or directory: '/home/elioowo/ros_sfm/sfm_ros2/build/sfm_ros2/rosidl_generator_type_description/sfm_ros2/msg/Header.json'
[5.323s] gmake[2]: *** [CMakeFiles/sfm_ros2__rosidl_generator_type_description.dir/build.make:77: rosidl_generator_type_description/sfm_ros2/msg/MapGraph.json] Error 1
[5.323s] gmake[1]: *** [CMakeFiles/Makefile2:236: CMakeFiles/sfm_ros2__rosidl_generator_type_description.dir/all] Error 2
[5.323s] gmake: *** [Makefile:146: all] Error 2
[5.325s] Invoked command in '/home/elioowo/ros_sfm/sfm_ros2/build/sfm_ros2' returned '2': CMAKE_PREFIX_PATH=${CMAKE_PREFIX_PATH}:/opt/ros/jazzy DEBUGINFOD_URLS=https://debuginfod.ubuntu.com /usr/bin/cmake --build /home/elioowo/ros_sfm/sfm_ros2/build/sfm_ros2 -- -j32 -l32
